192.0.102.40 - - [26/Dec/2018:09:57:38 +0000] "HEAD / HTTP/1.1" 500 0 "-" "jetmon/1.0 (Jetpack Site Uptime Monitor by WordPress.com)"
185.39.146.215 - - [26/Dec/2018:09:59:11 +0000] "GET / HTTP/1.1" 301 185 "-" "Pingdom.com_bot_version_1.4_(http://www.pingdom.com/)"
185.39.146.215 - - [26/Dec/2018:09:59:11 +0000] "GET / HTTP/1.1" 500 262 "-" "Pingdom.com_bot_version_1.4_(http://www.pingdom.com/)"
82.39.169.4 - - [26/Dec/2018:10:02:17 +0000] "GET /wp-admin/ HTTP/1.1" 500 3396 "-" "Mozilla/5.0 (Macintosh; Intel Mac OS X 10.14; rv:65.0) Gecko/20100101 Firefox/65.0"
82.39.169.4 - - [26/Dec/2018:10:02:18 +0000] "GET /wp-admin/ HTTP/1.1" 500 3396 "-" "Mozilla/5.0 (Macintosh; Intel Mac OS X 10.14; rv:65.0) Gecko/20100101 Firefox/65.0"
82.39.169.4 - - [26/Dec/2018:10:02:33 +0000] "GET /wp-admin/ HTTP/1.1" 500 3391 "-" "Mozilla/5.0 (Macintosh; Intel Mac OS X 10.14; rv:65.0) Gecko/20100101 Firefox/65.0"
192.0.102.40 - - [26/Dec/2018:10:03:40 +0000] "HEAD / HTTP/1.1" 500 0 "-" "jetmon/1.0 (Jetpack Site Uptime Monitor by WordPress.com)"
96.47.225.18 - - [26/Dec/2018:10:04:11 +0000] "GET / HTTP/1.1" 301 185 "-" "Pingdom.com_bot_version_1.4_(http://www.pingdom.com/)"
96.47.225.18 - - [26/Dec/2018:10:04:11 +0000] "GET / HTTP/1.1" 500 262 "-" "Pingdom.com_bot_version_1.4_(http://www.pingdom.com/)"
188.138.40.20 - - [26/Dec/2018:10:09:11 +0000] "GET / HTTP/1.1" 301 185 "-" "Pingdom.com_bot_version_1.4_(http://www.pingdom.com/)"
188.138.40.20 - - [26/Dec/2018:10:09:11 +0000] "GET / HTTP/1.1" 500 262 "-" "Pingdom.com_bot_version_1.4_(http://www.pingdom.com/)"
192.0.102.40 - - [26/Dec/2018:10:11:16 +0000] "HEAD / HTTP/1.1" 500 0 "-" "jetmon/1.0 (Jetpack Site Uptime Monitor by WordPress.com)"
94.75.211.74 - - [26/Dec/2018:10:14:11 +0000] "GET / HTTP/1.1" 301 185 "-" "Pingdom.com_bot_version_1.4_(http://www.pingdom.com/)"
94.75.211.74 - - [26/Dec/2018:10:14:11 +0000] "GET / HTTP/1.1" 500 262 "-" "Pingdom.com_bot_version_1.4_(http://www.pingdom.com/)"
192.0.102.40 - - [26/Dec/2018:10:17:03 +0000] "HEAD / HTTP/1.1" 500 0 "-" "jetmon/1.0 (Jetpack Site Uptime Monitor by WordPress.com)"
89.163.242.206 - - [26/Dec/2018:10:19:11 +0000] "GET / HTTP/1.1" 301 185 "-" "Pingdom.com_bot_version_1.4_(http://www.pingdom.com/)"
89.163.242.206 - - [26/Dec/2018:10:19:11 +0000] "GET / HTTP/1.1" 500 262 "-" "Pingdom.com_bot_version_1.4_(http://www.pingdom.com/)"
192.0.102.40 - - [26/Dec/2018:10:23:12 +0000] "HEAD / HTTP/1.1" 500 0 "-" "jetmon/1.0 (Jetpack Site Uptime Monitor by WordPress.com)"
169.51.80.85 - - [26/Dec/2018:10:24:11 +0000] "GET / HTTP/1.1" 301 185 "-" "Pingdom.com_bot_version_1.4_(http://www.pingdom.com/)"
169.51.80.85 - - [26/Dec/2018:10:24:11 +0000] "GET / HTTP/1.1" 500 262 "-" "Pingdom.com_bot_version_1.4_(http://www.pingdom.com/)"
184.75.214.66 - - [26/Dec/2018:10:29:11 +0000] "GET / HTTP/1.1" 301 185 "-" "Pingdom.com_bot_version_1.4_(http://www.pingdom.com/)"
184.75.214.66 - - [26/Dec/2018:10:29:11 +0000] "GET / HTTP/1.1" 500 262 "-" "Pingdom.com_bot_version_1.4_(http://www.pingdom.com/)"
192.0.102.40 - - [26/Dec/2018:10:29:13 +0000] "HEAD / HTTP/1.1" 500 0 "-" "jetmon/1.0 (Jetpack Site Uptime Monitor by WordPress.com)"
50.23.28.35 - - [26/Dec/2018:10:34:11 +0000] "GET / HTTP/1.1" 301 185 "-" "Pingdom.com_bot_version_1.4_(http://www.pingdom.com/)"
50.23.28.35 - - [26/Dec/2018:10:34:11 +0000] "GET / HTTP/1.1" 500 262 "-" "Pingdom.com_bot_version_1.4_(http://www.pingdom.com/)"
188.66.6.88 - - [26/Dec/2018:10:37:30 +0000] "GET /wp-cofigs.php.suspected HTTP/1.1" 301 185 "http://site.ru" "Mozilla/5.0 (Windows; U; Windows NT 5.1; en-US) AppleWebKit/533.4 (KHTML, like Gecko) Chrome/5.0.375.99 Safari/533.4"
188.66.6.88 - - [26/Dec/2018:10:37:30 +0000] "GET /wp-cofigs.php.suspected HTTP/1.1" 500 262 "http://site.ru" "Mozilla/5.0 (Windows; U; Windows NT 5.1; en-US) AppleWebKit/533.4 (KHTML, like Gecko) Chrome/5.0.375.99 Safari/533.4"
192.0.102.40 - - [26/Dec/2018:10:37:39 +0000] "HEAD / HTTP/1.1" 500 0 "-" "jetmon/1.0 (Jetpack Site Uptime Monitor by WordPress.com)"
209.58.139.194 - - [26/Dec/2018:10:39:11 +0000] "GET / HTTP/1.1" 301 185 "-" "Pingdom.com_bot_version_1.4_(http://www.pingdom.com/)"
209.58.139.194 - - [26/Dec/2018:10:39:11 +0000] "GET / HTTP/1.1" 500 262 "-" "Pingdom.com_bot_version_1.4_(http://www.pingdom.com/)"
192.0.102.40 - - [26/Dec/2018:10:43:23 +0000] "HEAD / HTTP/1.1" 500 0 "-" "jetmon/1.0 (Jetpack Site Uptime Monitor by WordPress.com)"
64.237.49.203 - - [26/Dec/2018:10:44:11 +0000] "GET / HTTP/1.1" 301 185 "-" "Pingdom.com_bot_version_1.4_(http://www.pingdom.com/)"
64.237.49.203 - - [26/Dec/2018:10:44:11 +0000] "GET / HTTP/1.1" 500 262 "-" "Pingdom.com_bot_version_1.4_(http://www.pingdom.com/)"
180.76.15.31 - - [26/Dec/2018:10:46:39 +0000] "GET /wp-content/plugins/wp-google-maps-pro/css/wpgmza_style_pro.css?ver=6.19 HTTP/1.1" 200 8798 "-" "Mozilla/5.0 (compatible; Baiduspider/2.0; +http://www.baidu.com/search/spider.html)"
185.39.146.215 - - [26/Dec/2018:10:49:11 +0000] "GET / HTTP/1.1" 301 185 "-" "Pingdom.com_bot_version_1.4_(http://www.pingdom.com/)"
185.39.146.215 - - [26/Dec/2018:10:49:11 +0000] "GET / HTTP/1.1" 500 262 "-" "Pingdom.com_bot_version_1.4_(http://www.pingdom.com/)"
192.0.102.40 - - [26/Dec/2018:10:49:36 +0000] "HEAD / HTTP/1.1" 500 0 "-" "jetmon/1.0 (Jetpack Site Uptime Monitor by WordPress.com)"
54.36.162.215 - - [26/Dec/2018:10:53:00 +0000] "HEAD / HTTP/1.1" 301 0 "-" "Uptimebot.org - Free website monitoring"
54.36.162.215 - - [26/Dec/2018:10:53:00 +0000] "HEAD / HTTP/1.1" 500 0 "-" "Uptimebot.org - Free website monitoring"
96.47.225.18 - - [26/Dec/2018:10:54:11 +0000] "GET / HTTP/1.1" 301 185 "-" "Pingdom.com_bot_version_1.4_(http://www.pingdom.com/)"
96.47.225.18 - - [26/Dec/2018:10:54:11 +0000] "GET / HTTP/1.1" 500 262 "-" "Pingdom.com_bot_version_1.4_(http://www.pingdom.com/)"
192.0.102.40 - - [26/Dec/2018:10:55:59 +0000] "HEAD / HTTP/1.1" 500 0 "-" "jetmon/1.0 (Jetpack Site Uptime Monitor by WordPress.com)"
188.138.40.20 - - [26/Dec/2018:10:59:11 +0000] "GET / HTTP/1.1" 301 185 "-" "Pingdom.com_bot_version_1.4_(http://www.pingdom.com/)"
188.138.40.20 - - [26/Dec/2018:10:59:11 +0000] "GET / HTTP/1.1" 500 262 "-" "Pingdom.com_bot_version_1.4_(http://www.pingdom.com/)"
192.0.102.40 - - [26/Dec/2018:11:03:53 +0000] "HEAD / HTTP/1.1" 500 0 "-" "jetmon/1.0 (Jetpack Site Uptime Monitor by WordPress.com)"
94.75.211.74 - - [26/Dec/2018:11:04:11 +0000] "GET / HTTP/1.1" 301 185 "-" "Pingdom.com_bot_version_1.4_(http://www.pingdom.com/)"
94.75.211.74 - - [26/Dec/2018:11:04:11 +0000] "GET / HTTP/1.1" 500 262 "-" "Pingdom.com_bot_version_1.4_(http://www.pingdom.com/)"
89.163.242.206 - - [26/Dec/2018:11:09:11 +0000] "GET / HTTP/1.1" 301 185 "-" "Pingdom.com_bot_version_1.4_(http://www.pingdom.com/)"
89.163.242.206 - - [26/Dec/2018:11:09:11 +0000] "GET / HTTP/1.1" 500 262 "-" "Pingdom.com_bot_version_1.4_(http://www.pingdom.com/)"
192.0.102.40 - - [26/Dec/2018:11:09:41 +0000] "HEAD / HTTP/1.1" 500 0 "-" "jetmon/1.0 (Jetpack Site Uptime Monitor by WordPress.com)"
5.45.65.152 - - [26/Dec/2018:11:13:03 +0000] "GET //wp-content/plugins/cherry-plugin/admin/css/cherry-admin-plugin.css HTTP/1.1" 301 185 "-" "Mozilla/5.0 (Windows; U; Windows NT 5.1; en-US; rv:1.9.1.6) Gecko/20091201 Firefox/3.5.6 (.NET CLR 2.0.50727; .NET CLR 3.0.4506.2152; .NET CLR 3.5.30729)"
169.51.80.85 - - [26/Dec/2018:11:14:11 +0000] "GET / HTTP/1.1" 301 185 "-" "Pingdom.com_bot_version_1.4_(http://www.pingdom.com/)"
169.51.80.85 - - [26/Dec/2018:11:14:11 +0000] "GET / HTTP/1.1" 500 262 "-" "Pingdom.com_bot_version_1.4_(http://www.pingdom.com/)"
192.0.102.40 - - [26/Dec/2018:11:16:07 +0000] "HEAD / HTTP/1.1" 500 0 "-" "jetmon/1.0 (Jetpack Site Uptime Monitor by WordPress.com)"
184.75.214.66 - - [26/Dec/2018:11:19:11 +0000] "GET / HTTP/1.1" 301 185 "-" "Pingdom.com_bot_version_1.4_(http://www.pingdom.com/)"
184.75.214.66 - - [26/Dec/2018:11:19:11 +0000] "GET / HTTP/1.1" 500 262 "-" "Pingdom.com_bot_version_1.4_(http://www.pingdom.com/)"
104.193.88.243 - - [26/Dec/2018:11:19:59 +0000] "GET / HTTP/1.1" 301 185 "-" "Mozilla/5.0 (Windows NT 10.0; WOW64) AppleWebKit/537.36 (KHTML, like Gecko) Chrome/45.0.2454.93 Safari/537.36"
192.0.102.40 - - [26/Dec/2018:11:22:34 +0000] "HEAD / HTTP/1.1" 500 0 "-" "jetmon/1.0 (Jetpack Site Uptime Monitor by WordPress.com)"
50.23.28.35 - - [26/Dec/2018:11:24:11 +0000] "GET / HTTP/1.1" 301 185 "-" "Pingdom.com_bot_version_1.4_(http://www.pingdom.com/)"
50.23.28.35 - - [26/Dec/2018:11:24:11 +0000] "GET / HTTP/1.1" 500 262 "-" "Pingdom.com_bot_version_1.4_(http://www.pingdom.com/)"
209.58.139.194 - - [26/Dec/2018:11:29:11 +0000] "GET / HTTP/1.1" 301 185 "-" "Pingdom.com_bot_version_1.4_(http://www.pingdom.com/)"
209.58.139.194 - - [26/Dec/2018:11:29:12 +0000] "GET / HTTP/1.1" 500 262 "-" "Pingdom.com_bot_version_1.4_(http://www.pingdom.com/)"
192.0.102.40 - - [26/Dec/2018:11:30:13 +0000] "HEAD / HTTP/1.1" 500 0 "-" "jetmon/1.0 (Jetpack Site Uptime Monitor by WordPress.com)"
82.39.169.4 - - [26/Dec/2018:11:31:40 +0000] "GET /wp-admin/ HTTP/1.1" 500 3391 "-" "Mozilla/5.0 (Macintosh; Intel Mac OS X 10.14; rv:65.0) Gecko/20100101 Firefox/65.0"
82.39.169.4 - - [26/Dec/2018:11:31:42 +0000] "GET /wp-admin/ HTTP/1.1" 500 3391 "-" "Mozilla/5.0 (Macintosh; Intel Mac OS X 10.14; rv:65.0) Gecko/20100101 Firefox/65.0"
64.237.49.203 - - [26/Dec/2018:11:34:11 +0000] "GET / HTTP/1.1" 301 185 "-" "Pingdom.com_bot_version_1.4_(http://www.pingdom.com/)"
64.237.49.203 - - [26/Dec/2018:11:34:11 +0000] "GET / HTTP/1.1" 500 262 "-" "Pingdom.com_bot_version_1.4_(http://www.pingdom.com/)"
139.162.227.178 - - [26/Dec/2018:11:36:46 +0000] "POST /wp-cron.php?doing_wp_cron=1545824205.0098080635070800781250 HTTP/1.1" 499 0 "https://kendal-ki-aikido.org.uk/wp-cron.php?doing_wp_cron=1545824205.0098080635070800781250" "WordPress/5.0.2; https://kendal-ki-aikido.org.uk"
192.0.102.40 - - [26/Dec/2018:11:36:46 +0000] "HEAD / HTTP/1.1" 200 0 "-" "jetmon/1.0 (Jetpack Site Uptime Monitor by WordPress.com)"
192.0.101.41 - - [26/Dec/2018:11:36:58 +0000] "POST /xmlrpc.php?for=jetpack&token=Gws%2Ay0hrbNNSyo4ZwuCW43y3k%21KkusUg%3A1%3A0&timestamp=1545824214&nonce=evDqQ2y64U&body-hash=VPyAeXnVnQpSMZUrqTl05J8hjyw%3D&signature=lurptDhAH9QhHWZGXA80IrX3TJc%3D HTTP/1.1" 200 802 "https://kendal-ki-aikido.org.uk/xmlrpc.php?for=jetpack&token=Gws%2Ay0hrbNNSyo4ZwuCW43y3k%21KkusUg%3A1%3A0&timestamp=1545824214&nonce=evDqQ2y64U&body-hash=VPyAeXnVnQpSMZUrqTl05J8hjyw%3D&signature=lurptDhAH9QhHWZGXA80IrX3TJc%3D" "Jetpack by WordPress.com"
82.39.169.4 - - [26/Dec/2018:11:37:18 +0000] "GET /wp-admin/ HTTP/1.1" 302 5 "-" "Mozilla/5.0 (Macintosh; Intel Mac OS X 10.14; rv:65.0) Gecko/20100101 Firefox/65.0"
82.39.169.4 - - [26/Dec/2018:11:37:20 +0000] "GET /wp-login.php?redirect_to=https%3A%2F%2Fkendal-ki-aikido.org.uk%2Fwp-admin%2F&reauth=1 HTTP/1.1" 200 1678 "-" "Mozilla/5.0 (Macintosh; Intel Mac OS X 10.14; rv:65.0) Gecko/20100101 Firefox/65.0"
82.39.169.4 - - [26/Dec/2018:11:37:21 +0000] "GET /wp-includes/js/jquery/jquery.js?ver=1.12.4 HTTP/1.1" 200 39420 "https://kendal-ki-aikido.org.uk/wp-login.php?redirect_to=https%3A%2F%2Fkendal-ki-aikido.org.uk%2Fwp-admin%2F&reauth=1" "Mozilla/5.0 (Macintosh; Intel Mac OS X 10.14; rv:65.0) Gecko/20100101 Firefox/65.0"
82.39.169.4 - - [26/Dec/2018:11:37:21 +0000] "GET /wp-includes/js/jquery/jquery-migrate.min.js?ver=1.4.1 HTTP/1.1" 200 4319 "https://kendal-ki-aikido.org.uk/wp-login.php?redirect_to=https%3A%2F%2Fkendal-ki-aikido.org.uk%2Fwp-admin%2F&reauth=1" "Mozilla/5.0 (Macintosh; Intel Mac OS X 10.14; rv:65.0) Gecko/20100101 Firefox/65.0"
82.39.169.4 - - [26/Dec/2018:11:37:21 +0000] "GET /wp-content/plugins/two-factor-authentication/includes/tfa.js?ver=1.3.13 HTTP/1.1" 200 2564 "https://kendal-ki-aikido.org.uk/wp-login.php?redirect_to=https%3A%2F%2Fkendal-ki-aikido.org.uk%2Fwp-admin%2F&reauth=1" "Mozilla/5.0 (Macintosh; Intel Mac OS X 10.14; rv:65.0) Gecko/20100101 Firefox/65.0"
82.39.169.4 - - [26/Dec/2018:11:37:21 +0000] "GET /wp-includes/css/buttons.min.css?ver=5.0.2 HTTP/1.1" 200 1715 "https://kendal-ki-aikido.org.uk/wp-login.php?redirect_to=https%3A%2F%2Fkendal-ki-aikido.org.uk%2Fwp-admin%2F&reauth=1" "Mozilla/5.0 (Macintosh; Intel Mac OS X 10.14; rv:65.0) Gecko/20100101 Firefox/65.0"
82.39.169.4 - - [26/Dec/2018:11:37:21 +0000] "GET /wp-includes/css/dashicons.min.css?ver=5.0.2 HTTP/1.1" 200 29799 "https://kendal-ki-aikido.org.uk/wp-login.php?redirect_to=https%3A%2F%2Fkendal-ki-aikido.org.uk%2Fwp-admin%2F&reauth=1" "Mozilla/5.0 (Macintosh; Intel Mac OS X 10.14; rv:65.0) Gecko/20100101 Firefox/65.0"
82.39.169.4 - - [26/Dec/2018:11:37:21 +0000] "GET /wp-admin/css/l10n.min.css?ver=5.0.2 HTTP/1.1" 200 759 "https://kendal-ki-aikido.org.uk/wp-login.php?redirect_to=https%3A%2F%2Fkendal-ki-aikido.org.uk%2Fwp-admin%2F&reauth=1" "Mozilla/5.0 (Macintosh; Intel Mac OS X 10.14; rv:65.0) Gecko/20100101 Firefox/65.0"
82.39.169.4 - - [26/Dec/2018:11:37:21 +0000] "GET /wp-admin/css/forms.min.css?ver=5.0.2 HTTP/1.1" 200 6521 "https://kendal-ki-aikido.org.uk/wp-login.php?redirect_to=https%3A%2F%2Fkendal-ki-aikido.org.uk%2Fwp-admin%2F&reauth=1" "Mozilla/5.0 (Macintosh; Intel Mac OS X 10.14; rv:65.0) Gecko/20100101 Firefox/65.0"
82.39.169.4 - - [26/Dec/2018:11:37:21 +0000] "GET /wp-admin/css/login.min.css?ver=5.0.2 HTTP/1.1" 200 8260 "https://kendal-ki-aikido.org.uk/wp-login.php?redirect_to=https%3A%2F%2Fkendal-ki-aikido.org.uk%2Fwp-admin%2F&reauth=1" "Mozilla/5.0 (Macintosh; Intel Mac OS X 10.14; rv:65.0) Gecko/20100101 Firefox/65.0"
82.39.169.4 - - [26/Dec/2018:11:37:21 +0000] "GET /wp-content/plugins/jetpack/css/jetpack.css?ver=6.8.1 HTTP/1.1" 200 15712 "https://kendal-ki-aikido.org.uk/wp-login.php?redirect_to=https%3A%2F%2Fkendal-ki-aikido.org.uk%2Fwp-admin%2F&reauth=1" "Mozilla/5.0 (Macintosh; Intel Mac OS X 10.14; rv:65.0) Gecko/20100101 Firefox/65.0"
82.39.169.4 - - [26/Dec/2018:11:37:21 +0000] "GET /wp-admin/images/wordpress-logo.svg?ver=20131107 HTTP/1.1" 200 1521 "https://kendal-ki-aikido.org.uk/wp-admin/css/login.min.css?ver=5.0.2" "Mozilla/5.0 (Macintosh; Intel Mac OS X 10.14; rv:65.0) Gecko/20100101 Firefox/65.0"
82.39.169.4 - - [26/Dec/2018:11:37:21 +0000] "GET /wp-content/uploads/2016/04/logo-1-e1461440194918.png HTTP/1.1" 200 4993 "-" "Mozilla/5.0 (Macintosh; Intel Mac OS X 10.14; rv:65.0) Gecko/20100101 Firefox/65.0"
82.39.169.4 - - [26/Dec/2018:11:37:23 +0000] "GET /wp-admin/images/spinner-2x.gif HTTP/1.1" 200 7536 "https://kendal-ki-aikido.org.uk/wp-login.php?redirect_to=https%3A%2F%2Fkendal-ki-aikido.org.uk%2Fwp-admin%2F&reauth=1" "Mozilla/5.0 (Macintosh; Intel Mac OS X 10.14; rv:65.0) Gecko/20100101 Firefox/65.0"
66.249.64.111 - - [26/Dec/2018:11:37:28 +0000] "GET /robots.txt HTTP/1.1" 200 129 "-" "Mozilla/5.0 (compatible; Googlebot/2.1; +http://www.google.com/bot.html)"
66.249.64.113 - - [26/Dec/2018:11:37:30 +0000] "GET /sitemap.xml.gz HTTP/1.1" 200 892 "-" "Mozilla/5.0 (compatible; Googlebot/2.1; +http://www.google.com/bot.html)"
82.39.169.4 - - [26/Dec/2018:11:37:31 +0000] "POST /wp-admin/admin-ajax.php HTTP/1.1" 200 186 "https://kendal-ki-aikido.org.uk/wp-login.php?redirect_to=https%3A%2F%2Fkendal-ki-aikido.org.uk%2Fwp-admin%2F&reauth=1" "Mozilla/5.0 (Macintosh; Intel Mac OS X 10.14; rv:65.0) Gecko/20100101 Firefox/65.0"
82.39.169.4 - - [26/Dec/2018:11:37:34 +0000] "POST /wp-login.php HTTP/1.1" 302 5 "https://kendal-ki-aikido.org.uk/wp-login.php?redirect_to=https%3A%2F%2Fkendal-ki-aikido.org.uk%2Fwp-admin%2F&reauth=1" "Mozilla/5.0 (Macintosh; Intel Mac OS X 10.14; rv:65.0) Gecko/20100101 Firefox/65.0"
82.39.169.4 - - [26/Dec/2018:11:37:41 +0000] "GET /wp-content/plugins/jetpack/css/dashboard-widget.css?ver=6.8.1 HTTP/1.1" 200 1572 "https://kendal-ki-aikido.org.uk/wp-admin/" "Mozilla/5.0 (Macintosh; Intel Mac OS X 10.14; rv:65.0) Gecko/20100101 Firefox/65.0"
82.39.169.4 - - [26/Dec/2018:11:37:41 +0000] "GET /wp-content/plugins/layers-pro-extension/assets/css/admin.css?ver=2.0.0 HTTP/1.1" 200 1127 "https://kendal-ki-aikido.org.uk/wp-admin/" "Mozilla/5.0 (Macintosh; Intel Mac OS X 10.14; rv:65.0) Gecko/20100101 Firefox/65.0"
82.39.169.4 - - [26/Dec/2018:11:37:41 +0000] "GET /wp-includes/js/thickbox/thickbox.css?ver=5.0.2 HTTP/1.1" 200 1039 "https://kendal-ki-aikido.org.uk/wp-admin/" "Mozilla/5.0 (Macintosh; Intel Mac OS X 10.14; rv:65.0) Gecko/20100101 Firefox/65.0"
82.39.169.4 - - [26/Dec/2018:11:37:41 +0000] "GET /wp-content/themes/layerswp/core/assets/plugins/tip-tip/jquery.tipTip.css?ver=2.0.7 HTTP/1.1" 200 742 "https://kendal-ki-aikido.org.uk/wp-admin/" "Mozilla/5.0 (Macintosh; Intel Mac OS X 10.14; rv:65.0) Gecko/20100101 Firefox/65.0"
82.39.169.4 - - [26/Dec/2018:11:37:41 +0000] "GET /wp-content/themes/layerswp/core/assets/plugins/select2/select-2.css?ver=2.0.7 HTTP/1.1" 200 4286 "https://kendal-ki-aikido.org.uk/wp-admin/" "Mozilla/5.0 (Macintosh; Intel Mac OS X 10.14; rv:65.0) Gecko/20100101 Firefox/65.0"
82.39.169.4 - - [26/Dec/2018:11:37:41 +0000] "GET /wp-content/themes/layerswp/core/assets/plugins/select2/select-2-skins.css?ver=2.0.7 HTTP/1.1" 200 3382 "https://kendal-ki-aikido.org.uk/wp-admin/" "Mozilla/5.0 (Macintosh; Intel Mac OS X 10.14; rv:65.0) Gecko/20100101 Firefox/65.0"
82.39.169.4 - - [26/Dec/2018:11:37:41 +0000] "GET /wp-content/themes/layerswp/core/assets/plugins/font-awesome/font-awesome.min.css?ver=2.0.7 HTTP/1.1" 200 7509 "https://kendal-ki-aikido.org.uk/wp-admin/" "Mozilla/5.0 (Macintosh; Intel Mac OS X 10.14; rv:65.0) Gecko/20100101 Firefox/65.0"
82.39.169.4 - - [26/Dec/2018:11:37:41 +0000] "GET /wp-content/themes/layerswp/core/assets/layers-global.css?ver=2.0.7 HTTP/1.1" 200 256 "https://kendal-ki-aikido.org.uk/wp-admin/" "Mozilla/5.0 (Macintosh; Intel Mac OS X 10.14; rv:65.0) Gecko/20100101 Firefox/65.0"
82.39.169.4 - - [26/Dec/2018:11:37:41 +0000] "GET /wp-content/themes/layerswp/core/assets/layers-admin.css?ver=2.0.7 HTTP/1.1" 200 11386 "https://kendal-ki-aikido.org.uk/wp-admin/" "Mozilla/5.0 (Macintosh; Intel Mac OS X 10.14; rv:65.0) Gecko/20100101 Firefox/65.0"
82.39.169.4 - - [26/Dec/2018:11:37:41 +0000] "GET /wp-content/themes/layerswp/core/assets/plugins/froala/editor.css?ver=2.0.7 HTTP/1.1" 200 4708 "https://kendal-ki-aikido.org.uk/wp-admin/" "Mozilla/5.0 (Macintosh; Intel Mac OS X 10.14; rv:65.0) Gecko/20100101 Firefox/65.0"
82.39.169.4 - - [26/Dec/2018:11:37:41 +0000] "GET /wp-includes/js/mediaelement/wp-mediaelement.min.css?ver=5.0.2 HTTP/1.1" 200 1295 "https://kendal-ki-aikido.org.uk/wp-admin/" "Mozilla/5.0 (Macintosh; Intel Mac OS X 10.14; rv:65.0) Gecko/20100101 Firefox/65.0"
82.39.169.4 - - [26/Dec/2018:11:37:41 +0000] "GET /wp-includes/js/mediaelement/mediaelementplayer-legacy.min.css?ver=4.2.6-78496d1 HTTP/1.1" 200 3015 "https://kendal-ki-aikido.org.uk/wp-admin/" "Mozilla/5.0 (Macintosh; Intel Mac OS X 10.14; rv:65.0) Gecko/20100101 Firefox/65.0"
82.39.169.4 - - [26/Dec/2018:11:37:41 +0000] "GET /wp-includes/js/imgareaselect/imgareaselect.css?ver=0.9.8 HTTP/1.1" 200 287 "https://kendal-ki-aikido.org.uk/wp-admin/" "Mozilla/5.0 (Macintosh; Intel Mac OS X 10.14; rv:65.0) Gecko/20100101 Firefox/65.0"
82.39.169.4 - - [26/Dec/2018:11:37:41 +0000] "GET /wp-content/plugins/wp-smushit/app/assets/css/common.min.css?ver=3.0.2 HTTP/1.1" 200 11508 "https://kendal-ki-aikido.org.uk/wp-admin/" "Mozilla/5.0 (Macintosh; Intel Mac OS X 10.14; rv:65.0) Gecko/20100101 Firefox/65.0"
82.39.169.4 - - [26/Dec/2018:11:37:41 +0000] "GET /wp-content/plugins/jetpack/modules/widgets/social-icons/social-icons-admin.css?ver=20170506 HTTP/1.1" 200 678 "https://kendal-ki-aikido.org.uk/wp-admin/" "Mozilla/5.0 (Macintosh; Intel Mac OS X 10.14; rv:65.0) Gecko/20100101 Firefox/65.0"
82.39.169.4 - - [26/Dec/2018:11:37:41 +0000] "GET /wp-content/plugins/akismet/_inc/akismet.css?ver=4.1 HTTP/1.1" 200 3493 "https://kendal-ki-aikido.org.uk/wp-admin/" "Mozilla/5.0 (Macintosh; Intel Mac OS X 10.14; rv:65.0) Gecko/20100101 Firefox/65.0"
82.39.169.4 - - [26/Dec/2018:11:37:41 +0000] "GET /wp-content/plugins/all-in-one-seo-pack/css/aiosp_admin.css?ver=2.10.1 HTTP/1.1" 200 940 "https://kendal-ki-aikido.org.uk/wp-admin/" "Mozilla/5.0 (Macintosh; Intel Mac OS X 10.14; rv:65.0) Gecko/20100101 Firefox/65.0"
82.39.169.4 - - [26/Dec/2018:11:37:41 +0000] "GET /wp-content/plugins/jetpack/css/jetpack-icons.min.css?ver=6.8.1 HTTP/1.1" 200 330 "https://kendal-ki-aikido.org.uk/wp-admin/" "Mozilla/5.0 (Macintosh; Intel Mac OS X 10.14; rv:65.0) Gecko/20100101 Firefox/65.0"
82.39.169.4 - - [26/Dec/2018:11:37:41 +0000] "GET /wp-content/plugins/jetpack/css/jetpack-admin-jitm.min.css?ver=6.8.1-201243242 HTTP/1.1" 200 2075 "https://kendal-ki-aikido.org.uk/wp-admin/" "Mozilla/5.0 (Macintosh; Intel Mac OS X 10.14; rv:65.0) Gecko/20100101 Firefox/65.0"
82.39.169.4 - - [26/Dec/2018:11:37:41 +0000] "GET /wp-content/plugins/when-last-login/js/notice-update.js?ver=1.0 HTTP/1.1" 200 421 "https://kendal-ki-aikido.org.uk/wp-admin/" "Mozilla/5.0 (Macintosh; Intel Mac OS X 10.14; rv:65.0) Gecko/20100101 Firefox/65.0"
82.39.169.4 - - [26/Dec/2018:11:37:41 +0000] "GET /wp-content/plugins/wp-google-maps/wpgmza_data.js?ver=5.0.2 HTTP/1.1" 200 0 "https://kendal-ki-aikido.org.uk/wp-admin/" "Mozilla/5.0 (Macintosh; Intel Mac OS X 10.14; rv:65.0) Gecko/20100101 Firefox/65.0"
82.39.169.4 - - [26/Dec/2018:11:37:41 +0000] "GET /wp-content/themes/layerswp/core/assets/plugins/select2/select-2.js?ver=2.0.7 HTTP/1.1" 200 40447 "https://kendal-ki-aikido.org.uk/wp-admin/" "Mozilla/5.0 (Macintosh; Intel Mac OS X 10.14; rv:65.0) Gecko/20100101 Firefox/65.0"
82.39.169.4 - - [26/Dec/2018:11:37:41 +0000] "GET /wp-includes/js/mediaelement/mediaelement-and-player.min.js?ver=4.2.6-78496d1 HTTP/1.1" 200 46244 "https://kendal-ki-aikido.org.uk/wp-admin/" "Mozilla/5.0 (Macintosh; Intel Mac OS X 10.14; rv:65.0) Gecko/20100101 Firefox/65.0"
82.39.169.4 - - [26/Dec/2018:11:37:41 +0000] "GET /wp-includes/js/mediaelement/mediaelement-migrate.min.js?ver=5.0.2 HTTP/1.1" 200 576 "https://kendal-ki-aikido.org.uk/wp-admin/" "Mozilla/5.0 (Macintosh; Intel Mac OS X 10.14; rv:65.0) Gecko/20100101 Firefox/65.0"
82.39.169.4 - - [26/Dec/2018:11:37:41 +0000] "GET /wp-admin/load-styles.php?c=0&dir=ltr&load%5B%5D=dashicons,admin-bar,common,forms,admin-menu,dashboard,list-tables,edit,revisions,media,themes,about,nav-menus,wp-pointer,widgets&load%5B%5D=,site-icon,l10n,buttons,wp-auth-check,media-views,wp-color-picker&ver=5.0.2 HTTP/1.1" 200 114139 "https://kendal-ki-aikido.org.uk/wp-admin/" "Mozilla/5.0 (Macintosh; Intel Mac OS X 10.14; rv:65.0) Gecko/20100101 Firefox/65.0"
82.39.169.4 - - [26/Dec/2018:11:37:41 +0000] "GET /wp-includes/js/mediaelement/wp-mediaelement.min.js?ver=5.0.2 HTTP/1.1" 200 499 "https://kendal-ki-aikido.org.uk/wp-admin/" "Mozilla/5.0 (Macintosh; Intel Mac OS X 10.14; rv:65.0) Gecko/20100101 Firefox/65.0"
82.39.169.4 - - [26/Dec/2018:11:37:41 +0000] "GET /wp-includes/js/media-views.min.js?ver=5.0.2 HTTP/1.1" 200 28685 "https://kendal-ki-aikido.org.uk/wp-admin/" "Mozilla/5.0 (Macintosh; Intel Mac OS X 10.14; rv:65.0) Gecko/20100101 Firefox/65.0"
82.39.169.4 - - [26/Dec/2018:11:37:41 +0000] "GET /wp-content/plugins/jetpack/_inc/build/gallery-settings.min.js?ver=20121225 HTTP/1.1" 200 386 "https://kendal-ki-aikido.org.uk/wp-admin/" "Mozilla/5.0 (Macintosh; Intel Mac OS X 10.14; rv:65.0) Gecko/20100101 Firefox/65.0"
82.39.169.4 - - [26/Dec/2018:11:37:41 +0000] "GET /wp-content/themes/layerswp/core/assets/media-views.js?ver=2.0.7 HTTP/1.1" 200 684 "https://kendal-ki-aikido.org.uk/wp-admin/" "Mozilla/5.0 (Macintosh; Intel Mac OS X 10.14; rv:65.0) Gecko/20100101 Firefox/65.0"
82.39.169.4 - - [26/Dec/2018:11:37:41 +0000] "GET /wp-admin/load-scripts.php?c=0&load%5B%5D=jquery-core,jquery-migrate,utils,jquery-ui-core,jquery-ui-widget,jquery-ui-mouse,jquery-ui-sortable,underscore,wp-util,backbone,&load%5B%5D=wp-api-request,wp-backbone,media-models,moxiejs,plupload,wp-plupload&ver=5.0.2 HTTP/1.1" 200 119392 "https://kendal-ki-aikido.org.uk/wp-admin/" "Mozilla/5.0 (Macintosh; Intel Mac OS X 10.14; rv:65.0) Gecko/20100101 Firefox/65.0"
82.39.169.4 - - [26/Dec/2018:11:37:41 +0000] "GET /wp-content/plugins/jetpack/modules/widgets/social-icons/social-icons-admin.js?ver=20170506 HTTP/1.1" 200 1145 "https://kendal-ki-aikido.org.uk/wp-admin/" "Mozilla/5.0 (Macintosh; Intel Mac OS X 10.14; rv:65.0) Gecko/20100101 Firefox/65.0"
82.39.169.4 - - [26/Dec/2018:11:37:41 +0000] "GET /wp-includes/js/tw-sack.min.js?ver=1.6.1 HTTP/1.1" 200 1261 "https://kendal-ki-aikido.org.uk/wp-admin/" "Mozilla/5.0 (Macintosh; Intel Mac OS X 10.14; rv:65.0) Gecko/20100101 Firefox/65.0"
82.39.169.4 - - [26/Dec/2018:11:37:41 +0000] "GET /wp-content/themes/layerswp/core/assets/icons.css?v=1.6.0 HTTP/1.1" 200 1299 "https://kendal-ki-aikido.org.uk/wp-content/themes/layerswp/core/assets/layers-admin.css?ver=2.0.7" "Mozilla/5.0 (Macintosh; Intel Mac OS X 10.14; rv:65.0) Gecko/20100101 Firefox/65.0"
82.39.169.4 - - [26/Dec/2018:11:37:41 +0000] "GET /wp-content/plugins/akismet/_inc/akismet.js?ver=4.1 HTTP/1.1" 200 3834 "https://kendal-ki-aikido.org.uk/wp-admin/" "Mozilla/5.0 (Macintosh; Intel Mac OS X 10.14; rv:65.0) Gecko/20100101 Firefox/65.0"
82.39.169.4 - - [26/Dec/2018:11:37:41 +0000] "GET /wp-content/plugins/two-factor-authentication/img/tfa_admin_icon_16x16.png HTTP/1.1" 200 3829 "https://kendal-ki-aikido.org.uk/wp-admin/" "Mozilla/5.0 (Macintosh; Intel Mac OS X 10.14; rv:65.0) Gecko/20100101 Firefox/65.0"
82.39.169.4 - - [26/Dec/2018:11:37:41 +0000] "GET /wp-content/plugins/wp-google-maps/images/map_app_small.png HTTP/1.1" 200 982 "https://kendal-ki-aikido.org.uk/wp-admin/" "Mozilla/5.0 (Macintosh; Intel Mac OS X 10.14; rv:65.0) Gecko/20100101 Firefox/65.0"
82.39.169.4 - - [26/Dec/2018:11:37:41 +0000] "GET /wp-includes/js/wp-emoji-release.min.js?ver=5.0.2 HTTP/1.1" 200 4909 "https://kendal-ki-aikido.org.uk/wp-admin/" "Mozilla/5.0 (Macintosh; Intel Mac OS X 10.14; rv:65.0) Gecko/20100101 Firefox/65.0"
82.39.169.4 - - [26/Dec/2018:11:37:42 +0000] "GET /wp-content/plugins/all-in-one-seo-pack/images/shield-sprite-32.png HTTP/1.1" 200 630 "https://kendal-ki-aikido.org.uk/wp-content/plugins/all-in-one-seo-pack/css/aiosp_admin.css?ver=2.10.1" "Mozilla/5.0 (Macintosh; Intel Mac OS X 10.14; rv:65.0) Gecko/20100101 Firefox/65.0"
82.39.169.4 - - [26/Dec/2018:11:37:42 +0000] "GET /wp-content/themes/layerswp/core/assets/fonts/layers-interface.woff2?a06xy3 HTTP/1.1" 200 6188 "https://kendal-ki-aikido.org.uk/wp-content/themes/layerswp/core/assets/icons.css?v=1.6.0" "Mozilla/5.0 (Macintosh; Intel Mac OS X 10.14; rv:65.0) Gecko/20100101 Firefox/65.0"
82.39.169.4 - - [26/Dec/2018:11:37:42 +0000] "GET /wp-content/plugins/jetpack/_inc/fonts/jetpack/jetpack.woff HTTP/1.1" 200 1056 "https://kendal-ki-aikido.org.uk/wp-content/plugins/jetpack/css/jetpack-icons.min.css?ver=6.8.1" "Mozilla/5.0 (Macintosh; Intel Mac OS X 10.14; rv:65.0) Gecko/20100101 Firefox/65.0"
82.39.169.4 - - [26/Dec/2018:11:37:42 +0000] "GET /wp-admin/ HTTP/1.1" 200 45496 "https://kendal-ki-aikido.org.uk/wp-login.php?redirect_to=https%3A%2F%2Fkendal-ki-aikido.org.uk%2Fwp-admin%2F&reauth=1" "Mozilla/5.0 (Macintosh; Intel Mac OS X 10.14; rv:65.0) Gecko/20100101 Firefox/65.0"
82.39.169.4 - - [26/Dec/2018:11:37:43 +0000] "GET /wp-includes/js/wp-auth-check.min.js?ver=5.0.2 HTTP/1.1" 200 828 "https://kendal-ki-aikido.org.uk/wp-admin/" "Mozilla/5.0 (Macintosh; Intel Mac OS X 10.14; rv:65.0) Gecko/20100101 Firefox/65.0"
82.39.169.4 - - [26/Dec/2018:11:37:43 +0000] "GET /wp-includes/js/dist/hooks.min.js?ver=2.0.3 HTTP/1.1" 200 1818 "https://kendal-ki-aikido.org.uk/wp-admin/" "Mozilla/5.0 (Macintosh; Intel Mac OS X 10.14; rv:65.0) Gecko/20100101 Firefox/65.0"
82.39.169.4 - - [26/Dec/2018:11:37:43 +0000] "GET /wp-content/plugins/stops-core-theme-and-plugin-updates/images/notices/eum-notice-logo-150.png HTTP/1.1" 200 7631 "https://kendal-ki-aikido.org.uk/wp-admin/" "Mozilla/5.0 (Macintosh; Intel Mac OS X 10.14; rv:65.0) Gecko/20100101 Firefox/65.0"
82.39.169.4 - - [26/Dec/2018:11:37:43 +0000] "GET /wp-includes/js/heartbeat.min.js?ver=5.0.2 HTTP/1.1" 200 2227 "https://kendal-ki-aikido.org.uk/wp-admin/" "Mozilla/5.0 (Macintosh; Intel Mac OS X 10.14; rv:65.0) Gecko/20100101 Firefox/65.0"
82.39.169.4 - - [26/Dec/2018:11:37:43 +0000] "GET /wp-includes/js/dist/vendor/wp-polyfill.min.js?ver=7.0.0 HTTP/1.1" 200 35680 "https://kendal-ki-aikido.org.uk/wp-admin/" "Mozilla/5.0 (Macintosh; Intel Mac OS X 10.14; rv:65.0) Gecko/20100101 Firefox/65.0"
82.39.169.4 - - [26/Dec/2018:11:37:43 +0000] "GET /wp-content/plugins/layers-pro-extension/assets/js/admin.js?ver=2.0.0 HTTP/1.1" 200 907 "https://kendal-ki-aikido.org.uk/wp-admin/" "Mozilla/5.0 (Macintosh; Intel Mac OS X 10.14; rv:65.0) Gecko/20100101 Firefox/65.0"
82.39.169.4 - - [26/Dec/2018:11:37:43 +0000] "GET /wp-includes/js/wp-api.min.js?ver=5.0.2 HTTP/1.1" 200 4696 "https://kendal-ki-aikido.org.uk/wp-admin/" "Mozilla/5.0 (Macintosh; Intel Mac OS X 10.14; rv:65.0) Gecko/20100101 Firefox/65.0"
82.39.169.4 - - [26/Dec/2018:11:37:43 +0000] "GET /wp-content/themes/layerswp/core/assets/plugins/tip-tip/jquery.tipTip.js?ver=2.0.7 HTTP/1.1" 200 2291 "https://kendal-ki-aikido.org.uk/wp-admin/" "Mozilla/5.0 (Macintosh; Intel Mac OS X 10.14; rv:65.0) Gecko/20100101 Firefox/65.0"
82.39.169.4 - - [26/Dec/2018:11:37:44 +0000] "GET /wp-content/themes/layerswp/core/assets/plugins/froala/editor.min.js?ver=2.0.7 HTTP/1.1" 200 60075 "https://kendal-ki-aikido.org.uk/wp-admin/" "Mozilla/5.0 (Macintosh; Intel Mac OS X 10.14; rv:65.0) Gecko/20100101 Firefox/65.0"
82.39.169.4 - - [26/Dec/2018:11:37:44 +0000] "GET /wp-content/themes/layerswp/core/assets/migrator.js?ver=2.0.7 HTTP/1.1" 200 2005 "https://kendal-ki-aikido.org.uk/wp-admin/" "Mozilla/5.0 (Macintosh; Intel Mac OS X 10.14; rv:65.0) Gecko/20100101 Firefox/65.0"
82.39.169.4 - - [26/Dec/2018:11:37:44 +0000] "GET /wp-content/themes/layerswp/core/assets/onboarding.js?ver=2.0.7 HTTP/1.1" 200 2376 "https://kendal-ki-aikido.org.uk/wp-admin/" "Mozilla/5.0 (Macintosh; Intel Mac OS X 10.14; rv:65.0) Gecko/20100101 Firefox/65.0"
82.39.169.4 - - [26/Dec/2018:11:37:44 +0000] "GET /wp-includes/js/jquery/ui/draggable.min.js?ver=1.11.4 HTTP/1.1" 200 5813 "https://kendal-ki-aikido.org.uk/wp-admin/" "Mozilla/5.0 (Macintosh; Intel Mac OS X 10.14; rv:65.0) Gecko/20100101 Firefox/65.0"
82.39.169.4 - - [26/Dec/2018:11:37:44 +0000] "GET /wp-includes/js/jquery/ui/slider.min.js?ver=1.11.4 HTTP/1.1" 200 3568 "https://kendal-ki-aikido.org.uk/wp-admin/" "Mozilla/5.0 (Macintosh; Intel Mac OS X 10.14; rv:65.0) Gecko/20100101 Firefox/65.0"
82.39.169.4 - - [26/Dec/2018:11:37:44 +0000] "GET /wp-admin/load-scripts.php?c=0&load%5B%5D=hoverIntent,common,admin-bar,wp-ajax-response,jquery-color,wp-lists,quicktags,jquery-query,admin-comments,postbox,wp-a11y,dashbo&load%5B%5D=ard,thickbox,plugin-install,updates,shortcode,media-upload,svg-painter&ver=5.0.2 HTTP/1.1" 200 49494 "https://kendal-ki-aikido.org.uk/wp-admin/" "Mozilla/5.0 (Macintosh; Intel Mac OS X 10.14; rv:65.0) Gecko/20100101 Firefox/65.0"
82.39.169.4 - - [26/Dec/2018:11:37:44 +0000] "GET /wp-includes/js/jquery/jquery.ui.touch-punch.js?ver=0.2.2 HTTP/1.1" 200 610 "https://kendal-ki-aikido.org.uk/wp-admin/" "Mozilla/5.0 (Macintosh; Intel Mac OS X 10.14; rv:65.0) Gecko/20100101 Firefox/65.0"
82.39.169.4 - - [26/Dec/2018:11:37:44 +0000] "GET /wp-admin/js/iris.min.js?ver=1.0.7 HTTP/1.1" 200 9099 "https://kendal-ki-aikido.org.uk/wp-admin/" "Mozilla/5.0 (Macintosh; Intel Mac OS X 10.14; rv:65.0) Gecko/20100101 Firefox/65.0"
82.39.169.4 - - [26/Dec/2018:11:37:44 +0000] "GET /wp-admin/js/color-picker.min.js?ver=5.0.2 HTTP/1.1" 200 1312 "https://kendal-ki-aikido.org.uk/wp-admin/" "Mozilla/5.0 (Macintosh; Intel Mac OS X 10.14; rv:65.0) Gecko/20100101 Firefox/65.0"
82.39.169.4 - - [26/Dec/2018:11:37:44 +0000] "GET /wp-content/themes/layerswp/core/assets/admin.js?ver=2.0.7 HTTP/1.1" 200 17567 "https://kendal-ki-aikido.org.uk/wp-admin/" "Mozilla/5.0 (Macintosh; Intel Mac OS X 10.14; rv:65.0) Gecko/20100101 Firefox/65.0"
82.39.169.4 - - [26/Dec/2018:11:37:44 +0000] "GET /wp-includes/js/media-editor.min.js?ver=5.0.2 HTTP/1.1" 200 4094 "https://kendal-ki-aikido.org.uk/wp-admin/" "Mozilla/5.0 (Macintosh; Intel Mac OS X 10.14; rv:65.0) Gecko/20100101 Firefox/65.0"
82.39.169.4 - - [26/Dec/2018:11:37:44 +0000] "GET /wp-includes/js/media-audiovideo.min.js?ver=5.0.2 HTTP/1.1" 200 4049 "https://kendal-ki-aikido.org.uk/wp-admin/" "Mozilla/5.0 (Macintosh; Intel Mac OS X 10.14; rv:65.0) Gecko/20100101 Firefox/65.0"
82.39.169.4 - - [26/Dec/2018:11:37:44 +0000] "GET /wp-includes/js/imgareaselect/jquery.imgareaselect.min.js?ver=5.0.2 HTTP/1.1" 200 4113 "https://kendal-ki-aikido.org.uk/wp-admin/" "Mozilla/5.0 (Macintosh; Intel Mac OS X 10.14; rv:65.0) Gecko/20100101 Firefox/65.0"
82.39.169.4 - - [26/Dec/2018:11:37:44 +0000] "GET /wp-admin/js/image-edit.min.js?ver=5.0.2 HTTP/1.1" 200 3802 "https://kendal-ki-aikido.org.uk/wp-admin/" "Mozilla/5.0 (Macintosh; Intel Mac OS X 10.14; rv:65.0) Gecko/20100101 Firefox/65.0"
82.39.169.4 - - [26/Dec/2018:11:37:44 +0000] "GET /wp-includes/js/mce-view.min.js?ver=5.0.2 HTTP/1.1" 200 4130 "https://kendal-ki-aikido.org.uk/wp-admin/" "Mozilla/5.0 (Macintosh; Intel Mac OS X 10.14; rv:65.0) Gecko/20100101 Firefox/65.0"
82.39.169.4 - - [26/Dec/2018:11:37:44 +0000] "GET /wp-content/plugins/wp-smushit/app/assets/js/admin.min.js?ver=3.0.2 HTTP/1.1" 200 77699 "https://kendal-ki-aikido.org.uk/wp-admin/" "Mozilla/5.0 (Macintosh; Intel Mac OS X 10.14; rv:65.0) Gecko/20100101 Firefox/65.0"
82.39.169.4 - - [26/Dec/2018:11:37:44 +0000] "GET /wp-includes/js/media-grid.min.js?ver=5.0.2 HTTP/1.1" 200 4761 "https://kendal-ki-aikido.org.uk/wp-admin/" "Mozilla/5.0 (Macintosh; Intel Mac OS X 10.14; rv:65.0) Gecko/20100101 Firefox/65.0"
82.39.169.4 - - [26/Dec/2018:11:37:44 +0000] "GET /wp-content/plugins/wp-smushit/app/assets/js/media.min.js?ver=3.0.2 HTTP/1.1" 200 879 "https://kendal-ki-aikido.org.uk/wp-admin/" "Mozilla/5.0 (Macintosh; Intel Mac OS X 10.14; rv:65.0) Gecko/20100101 Firefox/65.0"
82.39.169.4 - - [26/Dec/2018:11:37:44 +0000] "GET /wp-content/plugins/jetpack/_inc/lib/tracks/tracks-ajax.js?ver=6.8.1 HTTP/1.1" 200 702 "https://kendal-ki-aikido.org.uk/wp-admin/" "Mozilla/5.0 (Macintosh; Intel Mac OS X 10.14; rv:65.0) Gecko/20100101 Firefox/65.0"
82.39.169.4 - - [26/Dec/2018:11:37:44 +0000] "GET /wp-includes/js/jquery/ui/position.min.js?ver=1.11.4 HTTP/1.1" 200 2753 "https://kendal-ki-aikido.org.uk/wp-admin/" "Mozilla/5.0 (Macintosh; Intel Mac OS X 10.14; rv:65.0) Gecko/20100101 Firefox/65.0"
82.39.169.4 - - [26/Dec/2018:11:37:44 +0000] "GET /wp-includes/js/wp-pointer.min.js?ver=20111129a HTTP/1.1" 200 1467 "https://kendal-ki-aikido.org.uk/wp-admin/" "Mozilla/5.0 (Macintosh; Intel Mac OS X 10.14; rv:65.0) Gecko/20100101 Firefox/65.0"
82.39.169.4 - - [26/Dec/2018:11:37:44 +0000] "GET /wp-content/plugins/jetpack/_inc/build/jetpack-jitm.min.js?ver=6.8.1 HTTP/1.1" 200 1449 "https://kendal-ki-aikido.org.uk/wp-admin/" "Mozilla/5.0 (Macintosh; Intel Mac OS X 10.14; rv:65.0) Gecko/20100101 Firefox/65.0"
82.39.169.4 - - [26/Dec/2018:11:37:44 +0000] "GET /wp-content/themes/layerswp/core/widgets/js/repeater.js?ver=2.0.7 HTTP/1.1" 200 3619 "https://kendal-ki-aikido.org.uk/wp-admin/" "Mozilla/5.0 (Macintosh; Intel Mac OS X 10.14; rv:65.0) Gecko/20100101 Firefox/65.0"
82.39.169.4 - - [26/Dec/2018:11:37:44 +0000] "GET /wp-content/themes/layerswp/core/widgets/js/slider.js?ver=2.0.7 HTTP/1.1" 200 749 "https://kendal-ki-aikido.org.uk/wp-admin/" "Mozilla/5.0 (Macintosh; Intel Mac OS X 10.14; rv:65.0) Gecko/20100101 Firefox/65.0"
82.39.169.4 - - [26/Dec/2018:11:37:44 +0000] "GET /wp-content/themes/layerswp/core/widgets/js/content.js?ver=2.0.7 HTTP/1.1" 200 559 "https://kendal-ki-aikido.org.uk/wp-admin/" "Mozilla/5.0 (Macintosh; Intel Mac OS X 10.14; rv:65.0) Gecko/20100101 Firefox/65.0"
82.39.169.4 - - [26/Dec/2018:11:37:44 +0000] "GET /wp-content/themes/layerswp/core/widgets/js/widget-accordians.js?ver=2.0.7 HTTP/1.1" 200 910 "https://kendal-ki-aikido.org.uk/wp-admin/" "Mozilla/5.0 (Macintosh; Intel Mac OS X 10.14; rv:65.0) Gecko/20100101 Firefox/65.0"
82.39.169.4 - - [26/Dec/2018:11:37:44 +0000] "GET /wp-content/themes/layerswp/core/meta/js/meta.js?ver=2.0.7 HTTP/1.1" 200 722 "https://kendal-ki-aikido.org.uk/wp-admin/" "Mozilla/5.0 (Macintosh; Intel Mac OS X 10.14; rv:65.0) Gecko/20100101 Firefox/65.0"
82.39.169.4 - - [26/Dec/2018:11:37:44 +0000] "GET /wp-content/plugins/all-in-one-seo-pack/js/quickedit_functions.js?ver=2.10.1 HTTP/1.1" 200 1105 "https://kendal-ki-aikido.org.uk/wp-admin/" "Mozilla/5.0 (Macintosh; Intel Mac OS X 10.14; rv:65.0) Gecko/20100101 Firefox/65.0"
82.39.169.4 - - [26/Dec/2018:11:37:44 +0000] "GET /wp-content/plugins/jetpack/modules/wpgroho.js?ver=5.0.2 HTTP/1.1" 200 519 "https://kendal-ki-aikido.org.uk/wp-admin/" "Mozilla/5.0 (Macintosh; Intel Mac OS X 10.14; rv:65.0) Gecko/20100101 Firefox/65.0"
82.39.169.4 - - [26/Dec/2018:11:37:44 +0000] "GET /wp-includes/js/thickbox/loadingAnimation.gif HTTP/1.1" 200 15238 "https://kendal-ki-aikido.org.uk/wp-admin/" "Mozilla/5.0 (Macintosh; Intel Mac OS X 10.14; rv:65.0) Gecko/20100101 Firefox/65.0"
82.39.169.4 - - [26/Dec/2018:11:37:48 +0000] "GET /wp-json/wp/v2/ HTTP/1.1" 200 8042 "https://kendal-ki-aikido.org.uk/wp-admin/" "Mozilla/5.0 (Macintosh; Intel Mac OS X 10.14; rv:65.0) Gecko/20100101 Firefox/65.0"
82.39.169.4 - - [26/Dec/2018:11:37:49 +0000] "GET /wp-admin/admin-ajax.php?action=wp-compression-test&test=1&_ajax_nonce=704f58ebe8&1545824264404 HTTP/1.1" 200 602 "https://kendal-ki-aikido.org.uk/wp-admin/" "Mozilla/5.0 (Macintosh; Intel Mac OS X 10.14; rv:65.0) Gecko/20100101 Firefox/65.0"
82.39.169.4 - - [26/Dec/2018:11:37:50 +0000] "GET /wp-admin/admin-ajax.php?action=wp-compression-test&test=no&_ajax_nonce=704f58ebe8&1545824269547 HTTP/1.1" 499 0 "https://kendal-ki-aikido.org.uk/wp-admin/" "Mozilla/5.0 (Macintosh; Intel Mac OS X 10.14; rv:65.0) Gecko/20100101 Firefox/65.0"
82.39.169.4 - - [26/Dec/2018:11:37:50 +0000] "GET /wp-admin/admin-ajax.php?action=dashboard-widgets&widget=dashboard_primary&pagenow=dashboard HTTP/1.1" 499 0 "https://kendal-ki-aikido.org.uk/wp-admin/" "Mozilla/5.0 (Macintosh; Intel Mac OS X 10.14; rv:65.0) Gecko/20100101 Firefox/65.0"
82.39.169.4 - - [26/Dec/2018:11:37:50 +0000] "POST /wp-admin/admin-ajax.php HTTP/1.1" 499 0 "https://kendal-ki-aikido.org.uk/wp-admin/" "Mozilla/5.0 (Macintosh; Intel Mac OS X 10.14; rv:65.0) Gecko/20100101 Firefox/65.0"
82.39.169.4 - - [26/Dec/2018:11:37:50 +0000] "GET /wp-json/jetpack/v4/jitm?message_path=wp%3Adashboard%3Aadmin_notices&query=&_wpnonce=93f8a7da55 HTTP/1.1" 499 0 "https://kendal-ki-aikido.org.uk/wp-admin/" "Mozilla/5.0 (Macintosh; Intel Mac OS X 10.14; rv:65.0) Gecko/20100101 Firefox/65.0"
82.39.169.4 - - [26/Dec/2018:11:37:50 +0000] "GET /wp-admin/admin.php?page=stats&noheader&dashboard&width=1078 HTTP/1.1" 499 0 "https://kendal-ki-aikido.org.uk/wp-admin/" "Mozilla/5.0 (Macintosh; Intel Mac OS X 10.14; rv:65.0) Gecko/20100101 Firefox/65.0"
82.39.169.4 - - [26/Dec/2018:11:37:54 +0000] "POST /wp-admin/admin-ajax.php HTTP/1.1" 499 0 "https://kendal-ki-aikido.org.uk/wp-admin/" "Mozilla/5.0 (Macintosh; Intel Mac OS X 10.14; rv:65.0) Gecko/20100101 Firefox/65.0"
82.39.169.4 - - [26/Dec/2018:11:37:54 +0000] "GET /wp-admin/plugins.php HTTP/1.1" 200 44335 "https://kendal-ki-aikido.org.uk/wp-admin/" "Mozilla/5.0 (Macintosh; Intel Mac OS X 10.14; rv:65.0) Gecko/20100101 Firefox/65.0"
82.39.169.4 - - [26/Dec/2018:11:37:54 +0000] "GET /wp-admin/load-scripts.php?c=0&load%5B%5D=jquery-core,jquery-migrate,utils,underscore,wp-util,jquery-ui-core,backbone,wp-api-request,wp-backbone,media-models,moxiejs,plup&load%5B%5D=load,wp-plupload,jquery-ui-widget,jquery-ui-mouse,jquery-ui-sortable&ver=5.0.2 HTTP/1.1" 200 119678 "https://kendal-ki-aikido.org.uk/wp-admin/plugins.php" "Mozilla/5.0 (Macintosh; Intel Mac OS X 10.14; rv:65.0) Gecko/20100101 Firefox/65.0"
82.39.169.4 - - [26/Dec/2018:11:37:55 +0000] "GET /wp-admin/load-scripts.php?c=0&load%5B%5D=hoverIntent,common,admin-bar,wp-a11y,updates,thickbox,plugin-install,svg-painter&ver=5.0.2 HTTP/1.1" 200 25336 "https://kendal-ki-aikido.org.uk/wp-admin/plugins.php" "Mozilla/5.0 (Macintosh; Intel Mac OS X 10.14; rv:65.0) Gecko/20100101 Firefox/65.0"
82.39.169.4 - - [26/Dec/2018:11:37:55 +0000] "GET /wp-admin/js/media-upload.min.js?ver=5.0.2 HTTP/1.1" 200 613 "https://kendal-ki-aikido.org.uk/wp-admin/plugins.php" "Mozilla/5.0 (Macintosh; Intel Mac OS X 10.14; rv:65.0) Gecko/20100101 Firefox/65.0"
82.39.169.4 - - [26/Dec/2018:11:37:55 +0000] "GET /wp-includes/js/shortcode.min.js?ver=5.0.2 HTTP/1.1" 200 1202 "https://kendal-ki-aikido.org.uk/wp-admin/plugins.php" "Mozilla/5.0 (Macintosh; Intel Mac OS X 10.14; rv:65.0) Gecko/20100101 Firefox/65.0"
82.39.169.4 - - [26/Dec/2018:11:37:57 +0000] "GET /wp-admin/admin-ajax.php?action=wp-compression-test&test=1&_ajax_nonce=704f58ebe8&1545824275807 HTTP/1.1" 200 602 "https://kendal-ki-aikido.org.uk/wp-admin/plugins.php" "Mozilla/5.0 (Macintosh; Intel Mac OS X 10.14; rv:65.0) Gecko/20100101 Firefox/65.0"
82.39.169.4 - - [26/Dec/2018:11:37:57 +0000] "GET /wp-json/jetpack/v4/jitm?message_path=wp%3Aplugins%3Aadmin_notices&query=&_wpnonce=93f8a7da55 HTTP/1.1" 200 33 "https://kendal-ki-aikido.org.uk/wp-admin/plugins.php" "Mozilla/5.0 (Macintosh; Intel Mac OS X 10.14; rv:65.0) Gecko/20100101 Firefox/65.0"
82.39.169.4 - - [26/Dec/2018:11:37:57 +0000] "GET /wp-admin/admin-ajax.php?action=wp-compression-test&test=no&_ajax_nonce=704f58ebe8&1545824277337 HTTP/1.1" 200 32 "https://kendal-ki-aikido.org.uk/wp-admin/plugins.php" "Mozilla/5.0 (Macintosh; Intel Mac OS X 10.14; rv:65.0) Gecko/20100101 Firefox/65.0"
82.39.169.4 - - [26/Dec/2018:11:38:13 +0000] "POST /wp-admin/admin-ajax.php HTTP/1.1" 200 169 "https://kendal-ki-aikido.org.uk/wp-admin/plugins.php" "Mozilla/5.0 (Macintosh; Intel Mac OS X 10.14; rv:65.0) Gecko/20100101 Firefox/65.0"
139.162.227.178 - - [26/Dec/2018:11:38:23 +0000] "POST /wp-cron.php?doing_wp_cron=1545824302.4905500411987304687500 HTTP/1.1" 499 0 "https://kendal-ki-aikido.org.uk/wp-cron.php?doing_wp_cron=1545824302.4905500411987304687500" "WordPress/5.0.2; https://kendal-ki-aikido.org.uk"
82.39.169.4 - - [26/Dec/2018:11:38:44 +0000] "GET /wp-includes/js/mediaelement/mediaelement-migrate.min.js?ver=5.0.2 HTTP/1.1" 200 576 "https://kendal-ki-aikido.org.uk/wp-admin/plugin-install.php" "Mozilla/5.0 (Macintosh; Intel Mac OS X 10.14; rv:65.0) Gecko/20100101 Firefox/65.0"
82.39.169.4 - - [26/Dec/2018:11:38:44 +0000] "GET /wp-includes/js/mediaelement/wp-mediaelement.min.js?ver=5.0.2 HTTP/1.1" 200 499 "https://kendal-ki-aikido.org.uk/wp-admin/plugin-install.php" "Mozilla/5.0 (Macintosh; Intel Mac OS X 10.14; rv:65.0) Gecko/20100101 Firefox/65.0"
82.39.169.4 - - [26/Dec/2018:11:38:44 +0000] "GET /wp-admin/load-scripts.php?c=0&load%5B%5D=jquery-core,jquery-migrate,utils,jquery-ui-core,underscore,wp-util,backbone,wp-api-request,wp-backbone,media-models,moxiejs,plup&load%5B%5D=load,wp-plupload,jquery-ui-widget,jquery-ui-mouse,jquery-ui-sortable&ver=5.0.2 HTTP/1.1" 200 119523 "https://kendal-ki-aikido.org.uk/wp-admin/plugin-install.php" "Mozilla/5.0 (Macintosh; Intel Mac OS X 10.14; rv:65.0) Gecko/20100101 Firefox/65.0"
82.39.169.4 - - [26/Dec/2018:11:38:44 +0000] "GET /wp-admin/plugin-install.php HTTP/1.1" 200 42970 "https://kendal-ki-aikido.org.uk/wp-admin/plugins.php" "Mozilla/5.0 (Macintosh; Intel Mac OS X 10.14; rv:65.0) Gecko/20100101 Firefox/65.0"
82.39.169.4 - - [26/Dec/2018:11:38:45 +0000] "GET /wp-admin/load-scripts.php?c=0&load%5B%5D=hoverIntent,common,admin-bar,thickbox,plugin-install,wp-a11y,updates,svg-painter&ver=5.0.2 HTTP/1.1" 200 25294 "https://kendal-ki-aikido.org.uk/wp-admin/plugin-install.php" "Mozilla/5.0 (Macintosh; Intel Mac OS X 10.14; rv:65.0) Gecko/20100101 Firefox/65.0"
82.39.169.4 - - [26/Dec/2018:11:38:45 +0000] "GET /wp-includes/js/imgareaselect/jquery.imgareaselect.min.js?ver=5.0.2 HTTP/1.1" 200 4113 "https://kendal-ki-aikido.org.uk/wp-admin/plugin-install.php" "Mozilla/5.0 (Macintosh; Intel Mac OS X 10.14; rv:65.0) Gecko/20100101 Firefox/65.0"
82.39.169.4 - - [26/Dec/2018:11:38:45 +0000] "GET /wp-admin/js/image-edit.min.js?ver=5.0.2 HTTP/1.1" 200 3802 "https://kendal-ki-aikido.org.uk/wp-admin/plugin-install.php" "Mozilla/5.0 (Macintosh; Intel Mac OS X 10.14; rv:65.0) Gecko/20100101 Firefox/65.0"
82.39.169.4 - - [26/Dec/2018:11:38:45 +0000] "GET /wp-content/plugins/wp-smushit/app/assets/js/admin.min.js?ver=3.0.2 HTTP/1.1" 200 77699 "https://kendal-ki-aikido.org.uk/wp-admin/plugin-install.php" "Mozilla/5.0 (Macintosh; Intel Mac OS X 10.14; rv:65.0) Gecko/20100101 Firefox/65.0"
82.39.169.4 - - [26/Dec/2018:11:38:47 +0000] "GET /wp-json/jetpack/v4/jitm?message_path=wp%3Aplugin-install%3Aadmin_notices&query=&_wpnonce=93f8a7da55 HTTP/1.1" 200 33 "https://kendal-ki-aikido.org.uk/wp-admin/plugin-install.php" "Mozilla/5.0 (Macintosh; Intel Mac OS X 10.14; rv:65.0) Gecko/20100101 Firefox/65.0"
82.39.169.4 - - [26/Dec/2018:11:38:52 +0000] "POST /wp-admin/admin-ajax.php HTTP/1.1" 499 0 "https://kendal-ki-aikido.org.uk/wp-admin/plugin-install.php?s=stat&tab=search&type=term" "Mozilla/5.0 (Macintosh; Intel Mac OS X 10.14; rv:65.0) Gecko/20100101 Firefox/65.0"
82.39.169.4 - - [26/Dec/2018:11:38:57 +0000] "POST /wp-admin/admin-ajax.php HTTP/1.1" 200 8920 "https://kendal-ki-aikido.org.uk/wp-admin/plugin-install.php?s=static+site&tab=search&type=term" "Mozilla/5.0 (Macintosh; Intel Mac OS X 10.14; rv:65.0) Gecko/20100101 Firefox/65.0"
185.39.146.215 - - [26/Dec/2018:11:39:11 +0000] "GET / HTTP/1.1" 301 185 "-" "Pingdom.com_bot_version_1.4_(http://www.pingdom.com/)"
139.162.227.178 - - [26/Dec/2018:11:39:12 +0000] "POST /wp-cron.php?doing_wp_cron=1545824351.6334390640258789062500 HTTP/1.1" 499 0 "https://kendal-ki-aikido.org.uk/wp-cron.php?doing_wp_cron=1545824351.6334390640258789062500" "WordPress/5.0.2; https://kendal-ki-aikido.org.uk"
185.39.146.215 - - [26/Dec/2018:11:39:13 +0000] "GET / HTTP/1.1" 301 198 "-" "Pingdom.com_bot_version_1.4_(http://www.pingdom.com/)"
82.39.169.4 - - [26/Dec/2018:11:39:15 +0000] "GET /wp-admin/load-styles.php?c=0&dir=ltr&load%5B%5D=dashicons,common,forms,admin-menu,dashboard,list-tables,edit,revisions,media,themes,about,nav-menus,wp-pointer,widgets,site-icon&load%5B%5D=,l10n,buttons,media-views,wp-color-picker&ver=5.0.2 HTTP/1.1" 200 109246 "https://kendal-ki-aikido.org.uk/wp-admin/plugin-install.php?tab=plugin-information&plugin=static-html-output-plugin&" "Mozilla/5.0 (Macintosh; Intel Mac OS X 10.14; rv:65.0) Gecko/20100101 Firefox/65.0"
185.39.146.215 - - [26/Dec/2018:11:39:15 +0000] "GET / HTTP/1.1" 200 19639 "-" "Pingdom.com_bot_version_1.4_(http://www.pingdom.com/)"
82.39.169.4 - - [26/Dec/2018:11:39:16 +0000] "GET /wp-admin/plugin-install.php?tab=plugin-information&plugin=static-html-output-plugin& HTTP/1.1" 200 39164 "https://kendal-ki-aikido.org.uk/wp-admin/plugin-install.php" "Mozilla/5.0 (Macintosh; Intel Mac OS X 10.14; rv:65.0) Gecko/20100101 Firefox/65.0"
82.39.169.4 - - [26/Dec/2018:11:39:16 +0000] "GET /wp-content/themes/layerswp/core/assets/plugins/froala/editor.min.js?ver=2.0.7 HTTP/1.1" 200 60075 "https://kendal-ki-aikido.org.uk/wp-admin/plugin-install.php?tab=plugin-information&plugin=static-html-output-plugin" "Mozilla/5.0 (Macintosh; Intel Mac OS X 10.14; rv:65.0) Gecko/20100101 Firefox/65.0"
82.39.169.4 - - [26/Dec/2018:11:39:16 +0000] "GET /wp-content/themes/layerswp/core/assets/admin.js?ver=2.0.7 HTTP/1.1" 200 17567 "https://kendal-ki-aikido.org.uk/wp-admin/plugin-install.php?tab=plugin-information&plugin=static-html-output-plugin" "Mozilla/5.0 (Macintosh; Intel Mac OS X 10.14; rv:65.0) Gecko/20100101 Firefox/65.0"
82.39.169.4 - - [26/Dec/2018:11:39:16 +0000] "GET /wp-content/plugins/wp-smushit/app/assets/js/admin.min.js?ver=3.0.2 HTTP/1.1" 200 77699 "https://kendal-ki-aikido.org.uk/wp-admin/plugin-install.php?tab=plugin-information&plugin=static-html-output-plugin" "Mozilla/5.0 (Macintosh; Intel Mac OS X 10.14; rv:65.0) Gecko/20100101 Firefox/65.0"
82.39.169.4 - - [26/Dec/2018:11:39:16 +0000] "GET /wp-content/themes/layerswp/core/assets/migrator.js?ver=2.0.7 HTTP/1.1" 200 2005 "https://kendal-ki-aikido.org.uk/wp-admin/plugin-install.php?tab=plugin-information&plugin=static-html-output-plugin" "Mozilla/5.0 (Macintosh; Intel Mac OS X 10.14; rv:65.0) Gecko/20100101 Firefox/65.0"
82.39.169.4 - - [26/Dec/2018:11:39:16 +0000] "GET /wp-content/themes/layerswp/core/assets/onboarding.js?ver=2.0.7 HTTP/1.1" 200 2376 "https://kendal-ki-aikido.org.uk/wp-admin/plugin-install.php?tab=plugin-information&plugin=static-html-output-plugin" "Mozilla/5.0 (Macintosh; Intel Mac OS X 10.14; rv:65.0) Gecko/20100101 Firefox/65.0"
82.39.169.4 - - [26/Dec/2018:11:39:16 +0000] "GET /wp-admin/load-scripts.php?c=0&load%5B%5D=hoverIntent,common,thickbox,plugin-install,wp-a11y,updates,wp-api,shortcode,media-upload,jquery-ui-draggable,jquery-ui-slider,jq&load%5B%5D=uery-touch-punch,iris,wp-color-picker,media-editor,media-audiovideo,mce-view,imgareaselect,image-edit,media-grid,jquery-ui-posit&load%5B%5D=ion,wp-pointer&ver=5.0.2 HTTP/1.1" 200 74493 "https://kendal-ki-aikido.org.uk/wp-admin/plugin-install.php?tab=plugin-information&plugin=static-html-output-plugin" "Mozilla/5.0 (Macintosh; Intel Mac OS X 10.14; rv:65.0) Gecko/20100101 Firefox/65.0"
82.39.169.4 - - [26/Dec/2018:11:39:46 +0000] "POST /wp-admin/admin-ajax.php HTTP/1.1" 200 78 "https://kendal-ki-aikido.org.uk/wp-admin/plugin-install.php?s=static+site&tab=search&type=term" "Mozilla/5.0 (Macintosh; Intel Mac OS X 10.14; rv:65.0) Gecko/20100101 Firefox/65.0"
82.39.169.4 - - [26/Dec/2018:11:40:18 +0000] "POST /wp-admin/admin-ajax.php HTTP/1.1" 200 206 "https://kendal-ki-aikido.org.uk/wp-admin/plugin-install.php?s=static+site&tab=search&type=term" "Mozilla/5.0 (Macintosh; Intel Mac OS X 10.14; rv:65.0) Gecko/20100101 Firefox/65.0"
