169.51.80.85 - - [26/Dec/2018:01:14:11 +0000] "GET / HTTP/1.1" 301 185 "-" "Pingdom.com_bot_version_1.4_(http://www.pingdom.com/)"
169.51.80.85 - - [26/Dec/2018:01:14:11 +0000] "GET / HTTP/1.1" 500 262 "-" "Pingdom.com_bot_version_1.4_(http://www.pingdom.com/)"
192.0.102.40 - - [26/Dec/2018:01:16:54 +0000] "HEAD / HTTP/1.1" 500 0 "-" "jetmon/1.0 (Jetpack Site Uptime Monitor by WordPress.com)"
184.75.214.66 - - [26/Dec/2018:01:19:11 +0000] "GET / HTTP/1.1" 301 185 "-" "Pingdom.com_bot_version_1.4_(http://www.pingdom.com/)"
184.75.214.66 - - [26/Dec/2018:01:19:11 +0000] "GET / HTTP/1.1" 500 262 "-" "Pingdom.com_bot_version_1.4_(http://www.pingdom.com/)"
50.23.28.35 - - [26/Dec/2018:01:24:11 +0000] "GET / HTTP/1.1" 301 185 "-" "Pingdom.com_bot_version_1.4_(http://www.pingdom.com/)"
50.23.28.35 - - [26/Dec/2018:01:24:11 +0000] "GET / HTTP/1.1" 500 262 "-" "Pingdom.com_bot_version_1.4_(http://www.pingdom.com/)"
192.0.102.40 - - [26/Dec/2018:01:25:03 +0000] "HEAD / HTTP/1.1" 500 0 "-" "jetmon/1.0 (Jetpack Site Uptime Monitor by WordPress.com)"
209.58.139.194 - - [26/Dec/2018:01:29:11 +0000] "GET / HTTP/1.1" 301 185 "-" "Pingdom.com_bot_version_1.4_(http://www.pingdom.com/)"
209.58.139.194 - - [26/Dec/2018:01:29:12 +0000] "GET / HTTP/1.1" 500 262 "-" "Pingdom.com_bot_version_1.4_(http://www.pingdom.com/)"
192.0.102.40 - - [26/Dec/2018:01:30:55 +0000] "HEAD / HTTP/1.1" 500 0 "-" "jetmon/1.0 (Jetpack Site Uptime Monitor by WordPress.com)"
185.234.219.226 - - [26/Dec/2018:01:31:49 +0000] "GET /wp-login.php HTTP/1.1" 301 185 "http://kendal-ki-aikido.org.uk/wp-login.php" "Mozilla/4.0 (compatible; MSIE 9.0; Windows NT 6.1; 125LA; .NET CLR 2.0.50727; .NET CLR 3.0.04506.648; .NET CLR 3.5.21022)"
185.234.219.226 - - [26/Dec/2018:01:31:49 +0000] "GET /wp-login.php HTTP/1.1" 301 185 "http://kendal-ki-aikido.org.uk/wp-login.php" "Mozilla/4.0 (compatible; MSIE 9.0; Windows NT 6.1; 125LA; .NET CLR 2.0.50727; .NET CLR 3.0.04506.648; .NET CLR 3.5.21022)"
64.237.49.203 - - [26/Dec/2018:01:34:11 +0000] "GET / HTTP/1.1" 301 185 "-" "Pingdom.com_bot_version_1.4_(http://www.pingdom.com/)"
64.237.49.203 - - [26/Dec/2018:01:34:11 +0000] "GET / HTTP/1.1" 500 262 "-" "Pingdom.com_bot_version_1.4_(http://www.pingdom.com/)"
192.0.102.40 - - [26/Dec/2018:01:37:17 +0000] "HEAD / HTTP/1.1" 500 0 "-" "jetmon/1.0 (Jetpack Site Uptime Monitor by WordPress.com)"
185.39.146.215 - - [26/Dec/2018:01:39:11 +0000] "GET / HTTP/1.1" 301 185 "-" "Pingdom.com_bot_version_1.4_(http://www.pingdom.com/)"
185.39.146.215 - - [26/Dec/2018:01:39:11 +0000] "GET / HTTP/1.1" 500 262 "-" "Pingdom.com_bot_version_1.4_(http://www.pingdom.com/)"
192.0.102.40 - - [26/Dec/2018:01:43:15 +0000] "HEAD / HTTP/1.1" 500 0 "-" "jetmon/1.0 (Jetpack Site Uptime Monitor by WordPress.com)"
96.47.225.18 - - [26/Dec/2018:01:44:11 +0000] "GET / HTTP/1.1" 301 185 "-" "Pingdom.com_bot_version_1.4_(http://www.pingdom.com/)"
96.47.225.18 - - [26/Dec/2018:01:44:11 +0000] "GET / HTTP/1.1" 500 262 "-" "Pingdom.com_bot_version_1.4_(http://www.pingdom.com/)"
188.138.40.20 - - [26/Dec/2018:01:49:11 +0000] "GET / HTTP/1.1" 301 185 "-" "Pingdom.com_bot_version_1.4_(http://www.pingdom.com/)"
188.138.40.20 - - [26/Dec/2018:01:49:11 +0000] "GET / HTTP/1.1" 500 262 "-" "Pingdom.com_bot_version_1.4_(http://www.pingdom.com/)"
192.0.102.40 - - [26/Dec/2018:01:51:27 +0000] "HEAD / HTTP/1.1" 500 0 "-" "jetmon/1.0 (Jetpack Site Uptime Monitor by WordPress.com)"
94.75.211.74 - - [26/Dec/2018:01:54:11 +0000] "GET / HTTP/1.1" 301 185 "-" "Pingdom.com_bot_version_1.4_(http://www.pingdom.com/)"
94.75.211.74 - - [26/Dec/2018:01:54:11 +0000] "GET / HTTP/1.1" 500 262 "-" "Pingdom.com_bot_version_1.4_(http://www.pingdom.com/)"
192.0.102.40 - - [26/Dec/2018:01:57:25 +0000] "HEAD / HTTP/1.1" 500 0 "-" "jetmon/1.0 (Jetpack Site Uptime Monitor by WordPress.com)"
89.163.242.206 - - [26/Dec/2018:01:59:11 +0000] "GET / HTTP/1.1" 301 185 "-" "Pingdom.com_bot_version_1.4_(http://www.pingdom.com/)"
89.163.242.206 - - [26/Dec/2018:01:59:11 +0000] "GET / HTTP/1.1" 500 262 "-" "Pingdom.com_bot_version_1.4_(http://www.pingdom.com/)"
192.0.102.40 - - [26/Dec/2018:02:03:34 +0000] "HEAD / HTTP/1.1" 500 0 "-" "jetmon/1.0 (Jetpack Site Uptime Monitor by WordPress.com)"
169.51.80.85 - - [26/Dec/2018:02:04:11 +0000] "GET / HTTP/1.1" 301 185 "-" "Pingdom.com_bot_version_1.4_(http://www.pingdom.com/)"
169.51.80.85 - - [26/Dec/2018:02:04:11 +0000] "GET / HTTP/1.1" 500 262 "-" "Pingdom.com_bot_version_1.4_(http://www.pingdom.com/)"
42.236.99.65 - - [26/Dec/2018:02:07:02 +0000] "GET / HTTP/1.1" 301 185 "http://www.kendal-ki-aikido.org.uk/" "Mozilla/5.0 (Windows NT 6.1; WOW64) AppleWebKit/537.36 (KHTML, like Gecko) Chrome/50.0.2661.102 Safari/537.36; 360Spider"
42.236.99.65 - - [26/Dec/2018:02:07:03 +0000] "GET / HTTP/1.1" 500 262 "https://www.kendal-ki-aikido.org.uk/" "Mozilla/5.0 (Windows NT 6.1; WOW64) AppleWebKit/537.36 (KHTML, like Gecko) Chrome/50.0.2661.102 Safari/537.36; 360Spider"
42.236.12.170 - - [26/Dec/2018:02:07:59 +0000] "GET / HTTP/1.1" 301 185 "http://kendal-ki-aikido.org.uk/" "Mozilla/5.0 (Windows NT 6.1; WOW64) AppleWebKit/537.36 (KHTML, like Gecko) Chrome/50.0.2661.102 Safari/537.36; 360Spider"
42.236.12.170 - - [26/Dec/2018:02:08:06 +0000] "GET / HTTP/1.1" 500 262 "https://kendal-ki-aikido.org.uk/" "Mozilla/5.0 (Windows NT 6.1; WOW64) AppleWebKit/537.36 (KHTML, like Gecko) Chrome/50.0.2661.102 Safari/537.36; 360Spider"
184.75.214.66 - - [26/Dec/2018:02:09:11 +0000] "GET / HTTP/1.1" 301 185 "-" "Pingdom.com_bot_version_1.4_(http://www.pingdom.com/)"
184.75.214.66 - - [26/Dec/2018:02:09:11 +0000] "GET / HTTP/1.1" 500 262 "-" "Pingdom.com_bot_version_1.4_(http://www.pingdom.com/)"
192.0.102.40 - - [26/Dec/2018:02:10:27 +0000] "HEAD / HTTP/1.1" 500 0 "-" "jetmon/1.0 (Jetpack Site Uptime Monitor by WordPress.com)"
42.236.99.86 - - [26/Dec/2018:02:11:23 +0000] "GET / HTTP/1.1" 500 262 "https://kendal-ki-aikido.org.uk/" "Mozilla/5.0 (Windows NT 6.1; WOW64) AppleWebKit/537.36 (KHTML, like Gecko) Chrome/50.0.2661.102 Safari/537.36; 360Spider"
220.181.108.83 - - [26/Dec/2018:02:13:04 +0000] "GET / HTTP/1.1" 301 185 "-" "Mozilla/5.0 (compatible; Baiduspider/2.0; +http://www.baidu.com/search/spider.html)"
123.125.71.99 - - [26/Dec/2018:02:13:05 +0000] "GET / HTTP/1.1" 500 262 "-" "Mozilla/5.0 (compatible; Baiduspider/2.0; +http://www.baidu.com/search/spider.html)"
50.23.28.35 - - [26/Dec/2018:02:14:11 +0000] "GET / HTTP/1.1" 301 185 "-" "Pingdom.com_bot_version_1.4_(http://www.pingdom.com/)"
50.23.28.35 - - [26/Dec/2018:02:14:11 +0000] "GET / HTTP/1.1" 500 262 "-" "Pingdom.com_bot_version_1.4_(http://www.pingdom.com/)"
192.0.102.40 - - [26/Dec/2018:02:17:41 +0000] "HEAD / HTTP/1.1" 500 0 "-" "jetmon/1.0 (Jetpack Site Uptime Monitor by WordPress.com)"
209.58.139.194 - - [26/Dec/2018:02:19:11 +0000] "GET / HTTP/1.1" 301 185 "-" "Pingdom.com_bot_version_1.4_(http://www.pingdom.com/)"
209.58.139.194 - - [26/Dec/2018:02:19:12 +0000] "GET / HTTP/1.1" 500 262 "-" "Pingdom.com_bot_version_1.4_(http://www.pingdom.com/)"
192.0.102.40 - - [26/Dec/2018:02:23:46 +0000] "HEAD / HTTP/1.1" 500 0 "-" "jetmon/1.0 (Jetpack Site Uptime Monitor by WordPress.com)"
64.237.49.203 - - [26/Dec/2018:02:24:11 +0000] "GET / HTTP/1.1" 301 185 "-" "Pingdom.com_bot_version_1.4_(http://www.pingdom.com/)"
64.237.49.203 - - [26/Dec/2018:02:24:11 +0000] "GET / HTTP/1.1" 500 262 "-" "Pingdom.com_bot_version_1.4_(http://www.pingdom.com/)"
185.39.146.215 - - [26/Dec/2018:02:29:11 +0000] "GET / HTTP/1.1" 301 185 "-" "Pingdom.com_bot_version_1.4_(http://www.pingdom.com/)"
185.39.146.215 - - [26/Dec/2018:02:29:11 +0000] "GET / HTTP/1.1" 500 262 "-" "Pingdom.com_bot_version_1.4_(http://www.pingdom.com/)"
192.0.102.40 - - [26/Dec/2018:02:29:53 +0000] "HEAD / HTTP/1.1" 500 0 "-" "jetmon/1.0 (Jetpack Site Uptime Monitor by WordPress.com)"
96.47.225.18 - - [26/Dec/2018:02:34:11 +0000] "GET / HTTP/1.1" 301 185 "-" "Pingdom.com_bot_version_1.4_(http://www.pingdom.com/)"
96.47.225.18 - - [26/Dec/2018:02:34:11 +0000] "GET / HTTP/1.1" 500 262 "-" "Pingdom.com_bot_version_1.4_(http://www.pingdom.com/)"
192.0.102.40 - - [26/Dec/2018:02:36:17 +0000] "HEAD / HTTP/1.1" 500 0 "-" "jetmon/1.0 (Jetpack Site Uptime Monitor by WordPress.com)"
188.138.40.20 - - [26/Dec/2018:02:39:11 +0000] "GET / HTTP/1.1" 301 185 "-" "Pingdom.com_bot_version_1.4_(http://www.pingdom.com/)"
188.138.40.20 - - [26/Dec/2018:02:39:11 +0000] "GET / HTTP/1.1" 500 262 "-" "Pingdom.com_bot_version_1.4_(http://www.pingdom.com/)"
192.0.102.40 - - [26/Dec/2018:02:43:53 +0000] "HEAD / HTTP/1.1" 500 0 "-" "jetmon/1.0 (Jetpack Site Uptime Monitor by WordPress.com)"
94.75.211.74 - - [26/Dec/2018:02:44:11 +0000] "GET / HTTP/1.1" 301 185 "-" "Pingdom.com_bot_version_1.4_(http://www.pingdom.com/)"
94.75.211.74 - - [26/Dec/2018:02:44:11 +0000] "GET / HTTP/1.1" 500 262 "-" "Pingdom.com_bot_version_1.4_(http://www.pingdom.com/)"
89.163.242.206 - - [26/Dec/2018:02:49:11 +0000] "GET / HTTP/1.1" 301 185 "-" "Pingdom.com_bot_version_1.4_(http://www.pingdom.com/)"
89.163.242.206 - - [26/Dec/2018:02:49:11 +0000] "GET / HTTP/1.1" 500 262 "-" "Pingdom.com_bot_version_1.4_(http://www.pingdom.com/)"
192.0.102.40 - - [26/Dec/2018:02:49:41 +0000] "HEAD / HTTP/1.1" 500 0 "-" "jetmon/1.0 (Jetpack Site Uptime Monitor by WordPress.com)"
202.46.51.27 - - [26/Dec/2018:02:52:19 +0000] "GET / HTTP/1.1" 301 185 "-" "Mozilla/5.0 (Windows NT 10.0; WOW64) AppleWebKit/537.36 (KHTML, like Gecko) Chrome/45.0.2454.93 Safari/537.36"
202.46.48.122 - - [26/Dec/2018:02:52:20 +0000] "GET / HTTP/1.1" 500 262 "-" "Mozilla/5.0 (Windows NT 10.0; WOW64) AppleWebKit/537.36 (KHTML, like Gecko) Chrome/45.0.2454.93 Safari/537.36"
169.51.80.85 - - [26/Dec/2018:02:54:11 +0000] "GET / HTTP/1.1" 301 185 "-" "Pingdom.com_bot_version_1.4_(http://www.pingdom.com/)"
169.51.80.85 - - [26/Dec/2018:02:54:11 +0000] "GET / HTTP/1.1" 500 262 "-" "Pingdom.com_bot_version_1.4_(http://www.pingdom.com/)"
192.0.102.40 - - [26/Dec/2018:02:56:10 +0000] "HEAD / HTTP/1.1" 500 0 "-" "jetmon/1.0 (Jetpack Site Uptime Monitor by WordPress.com)"
184.75.214.66 - - [26/Dec/2018:02:59:11 +0000] "GET / HTTP/1.1" 301 185 "-" "Pingdom.com_bot_version_1.4_(http://www.pingdom.com/)"
184.75.214.66 - - [26/Dec/2018:02:59:11 +0000] "GET / HTTP/1.1" 500 262 "-" "Pingdom.com_bot_version_1.4_(http://www.pingdom.com/)"
192.0.102.40 - - [26/Dec/2018:03:02:32 +0000] "HEAD / HTTP/1.1" 500 0 "-" "jetmon/1.0 (Jetpack Site Uptime Monitor by WordPress.com)"
50.23.28.35 - - [26/Dec/2018:03:04:11 +0000] "GET / HTTP/1.1" 301 185 "-" "Pingdom.com_bot_version_1.4_(http://www.pingdom.com/)"
50.23.28.35 - - [26/Dec/2018:03:04:11 +0000] "GET / HTTP/1.1" 500 262 "-" "Pingdom.com_bot_version_1.4_(http://www.pingdom.com/)"
209.58.139.194 - - [26/Dec/2018:03:09:11 +0000] "GET / HTTP/1.1" 301 185 "-" "Pingdom.com_bot_version_1.4_(http://www.pingdom.com/)"
209.58.139.194 - - [26/Dec/2018:03:09:12 +0000] "GET / HTTP/1.1" 500 262 "-" "Pingdom.com_bot_version_1.4_(http://www.pingdom.com/)"
192.0.102.40 - - [26/Dec/2018:03:10:20 +0000] "HEAD / HTTP/1.1" 500 0 "-" "jetmon/1.0 (Jetpack Site Uptime Monitor by WordPress.com)"
64.237.49.203 - - [26/Dec/2018:03:14:11 +0000] "GET / HTTP/1.1" 301 185 "-" "Pingdom.com_bot_version_1.4_(http://www.pingdom.com/)"
64.237.49.203 - - [26/Dec/2018:03:14:11 +0000] "GET / HTTP/1.1" 500 262 "-" "Pingdom.com_bot_version_1.4_(http://www.pingdom.com/)"
192.0.102.40 - - [26/Dec/2018:03:16:12 +0000] "HEAD / HTTP/1.1" 500 0 "-" "jetmon/1.0 (Jetpack Site Uptime Monitor by WordPress.com)"
185.39.146.215 - - [26/Dec/2018:03:19:11 +0000] "GET / HTTP/1.1" 301 185 "-" "Pingdom.com_bot_version_1.4_(http://www.pingdom.com/)"
185.39.146.215 - - [26/Dec/2018:03:19:11 +0000] "GET / HTTP/1.1" 500 262 "-" "Pingdom.com_bot_version_1.4_(http://www.pingdom.com/)"
192.0.102.40 - - [26/Dec/2018:03:22:36 +0000] "HEAD / HTTP/1.1" 500 0 "-" "jetmon/1.0 (Jetpack Site Uptime Monitor by WordPress.com)"
96.47.225.18 - - [26/Dec/2018:03:24:11 +0000] "GET / HTTP/1.1" 301 185 "-" "Pingdom.com_bot_version_1.4_(http://www.pingdom.com/)"
96.47.225.18 - - [26/Dec/2018:03:24:11 +0000] "GET / HTTP/1.1" 500 262 "-" "Pingdom.com_bot_version_1.4_(http://www.pingdom.com/)"
188.138.40.20 - - [26/Dec/2018:03:29:11 +0000] "GET / HTTP/1.1" 301 185 "-" "Pingdom.com_bot_version_1.4_(http://www.pingdom.com/)"
188.138.40.20 - - [26/Dec/2018:03:29:11 +0000] "GET / HTTP/1.1" 500 262 "-" "Pingdom.com_bot_version_1.4_(http://www.pingdom.com/)"
192.0.102.40 - - [26/Dec/2018:03:29:49 +0000] "HEAD / HTTP/1.1" 500 0 "-" "jetmon/1.0 (Jetpack Site Uptime Monitor by WordPress.com)"
94.75.211.74 - - [26/Dec/2018:03:34:11 +0000] "GET / HTTP/1.1" 301 185 "-" "Pingdom.com_bot_version_1.4_(http://www.pingdom.com/)"
94.75.211.74 - - [26/Dec/2018:03:34:11 +0000] "GET / HTTP/1.1" 500 262 "-" "Pingdom.com_bot_version_1.4_(http://www.pingdom.com/)"
192.0.102.40 - - [26/Dec/2018:03:37:29 +0000] "HEAD / HTTP/1.1" 500 0 "-" "jetmon/1.0 (Jetpack Site Uptime Monitor by WordPress.com)"
89.163.242.206 - - [26/Dec/2018:03:39:11 +0000] "GET / HTTP/1.1" 301 185 "-" "Pingdom.com_bot_version_1.4_(http://www.pingdom.com/)"
89.163.242.206 - - [26/Dec/2018:03:39:11 +0000] "GET / HTTP/1.1" 500 262 "-" "Pingdom.com_bot_version_1.4_(http://www.pingdom.com/)"
192.0.102.40 - - [26/Dec/2018:03:43:09 +0000] "HEAD / HTTP/1.1" 500 0 "-" "jetmon/1.0 (Jetpack Site Uptime Monitor by WordPress.com)"
169.51.80.85 - - [26/Dec/2018:03:44:11 +0000] "GET / HTTP/1.1" 301 185 "-" "Pingdom.com_bot_version_1.4_(http://www.pingdom.com/)"
169.51.80.85 - - [26/Dec/2018:03:44:11 +0000] "GET / HTTP/1.1" 500 262 "-" "Pingdom.com_bot_version_1.4_(http://www.pingdom.com/)"
192.0.102.40 - - [26/Dec/2018:03:48:36 +0000] "HEAD / HTTP/1.1" 500 0 "-" "jetmon/1.0 (Jetpack Site Uptime Monitor by WordPress.com)"
184.75.214.66 - - [26/Dec/2018:03:49:11 +0000] "GET / HTTP/1.1" 301 185 "-" "Pingdom.com_bot_version_1.4_(http://www.pingdom.com/)"
184.75.214.66 - - [26/Dec/2018:03:49:11 +0000] "GET / HTTP/1.1" 500 262 "-" "Pingdom.com_bot_version_1.4_(http://www.pingdom.com/)"
220.181.51.116 - - [26/Dec/2018:03:52:53 +0000] "GET / HTTP/1.1" 301 185 "-" "Mozilla/5.0 (Windows NT 10.0; WOW64) AppleWebKit/537.36 (KHTML, like Gecko) Chrome/45.0.2454.93 Safari/537.36"
220.181.51.121 - - [26/Dec/2018:03:52:55 +0000] "GET / HTTP/1.1" 500 262 "-" "Mozilla/5.0 (Windows NT 10.0; WOW64) AppleWebKit/537.36 (KHTML, like Gecko) Chrome/45.0.2454.93 Safari/537.36"
50.23.28.35 - - [26/Dec/2018:03:54:11 +0000] "GET / HTTP/1.1" 301 185 "-" "Pingdom.com_bot_version_1.4_(http://www.pingdom.com/)"
50.23.28.35 - - [26/Dec/2018:03:54:11 +0000] "GET / HTTP/1.1" 500 262 "-" "Pingdom.com_bot_version_1.4_(http://www.pingdom.com/)"
192.0.102.40 - - [26/Dec/2018:03:55:10 +0000] "HEAD / HTTP/1.1" 500 0 "-" "jetmon/1.0 (Jetpack Site Uptime Monitor by WordPress.com)"
209.58.139.194 - - [26/Dec/2018:03:59:11 +0000] "GET / HTTP/1.1" 301 185 "-" "Pingdom.com_bot_version_1.4_(http://www.pingdom.com/)"
209.58.139.194 - - [26/Dec/2018:03:59:11 +0000] "GET / HTTP/1.1" 500 262 "-" "Pingdom.com_bot_version_1.4_(http://www.pingdom.com/)"
192.0.102.40 - - [26/Dec/2018:04:02:52 +0000] "HEAD / HTTP/1.1" 500 0 "-" "jetmon/1.0 (Jetpack Site Uptime Monitor by WordPress.com)"
64.237.49.203 - - [26/Dec/2018:04:04:11 +0000] "GET / HTTP/1.1" 301 185 "-" "Pingdom.com_bot_version_1.4_(http://www.pingdom.com/)"
64.237.49.203 - - [26/Dec/2018:04:04:11 +0000] "GET / HTTP/1.1" 500 262 "-" "Pingdom.com_bot_version_1.4_(http://www.pingdom.com/)"
192.0.102.40 - - [26/Dec/2018:04:08:40 +0000] "HEAD / HTTP/1.1" 500 0 "-" "jetmon/1.0 (Jetpack Site Uptime Monitor by WordPress.com)"
185.39.146.215 - - [26/Dec/2018:04:09:11 +0000] "GET / HTTP/1.1" 301 185 "-" "Pingdom.com_bot_version_1.4_(http://www.pingdom.com/)"
185.39.146.215 - - [26/Dec/2018:04:09:11 +0000] "GET / HTTP/1.1" 500 262 "-" "Pingdom.com_bot_version_1.4_(http://www.pingdom.com/)"
96.47.225.18 - - [26/Dec/2018:04:14:11 +0000] "GET / HTTP/1.1" 301 185 "-" "Pingdom.com_bot_version_1.4_(http://www.pingdom.com/)"
96.47.225.18 - - [26/Dec/2018:04:14:11 +0000] "GET / HTTP/1.1" 500 262 "-" "Pingdom.com_bot_version_1.4_(http://www.pingdom.com/)"
192.0.102.40 - - [26/Dec/2018:04:15:02 +0000] "HEAD / HTTP/1.1" 500 0 "-" "jetmon/1.0 (Jetpack Site Uptime Monitor by WordPress.com)"
188.138.40.20 - - [26/Dec/2018:04:19:11 +0000] "GET / HTTP/1.1" 301 185 "-" "Pingdom.com_bot_version_1.4_(http://www.pingdom.com/)"
188.138.40.20 - - [26/Dec/2018:04:19:11 +0000] "GET / HTTP/1.1" 500 262 "-" "Pingdom.com_bot_version_1.4_(http://www.pingdom.com/)"
192.0.102.40 - - [26/Dec/2018:04:21:26 +0000] "HEAD / HTTP/1.1" 500 0 "-" "jetmon/1.0 (Jetpack Site Uptime Monitor by WordPress.com)"
94.75.211.74 - - [26/Dec/2018:04:24:11 +0000] "GET / HTTP/1.1" 301 185 "-" "Pingdom.com_bot_version_1.4_(http://www.pingdom.com/)"
94.75.211.74 - - [26/Dec/2018:04:24:11 +0000] "GET / HTTP/1.1" 500 262 "-" "Pingdom.com_bot_version_1.4_(http://www.pingdom.com/)"
89.163.242.206 - - [26/Dec/2018:04:29:11 +0000] "GET / HTTP/1.1" 301 185 "-" "Pingdom.com_bot_version_1.4_(http://www.pingdom.com/)"
89.163.242.206 - - [26/Dec/2018:04:29:11 +0000] "GET / HTTP/1.1" 500 262 "-" "Pingdom.com_bot_version_1.4_(http://www.pingdom.com/)"
192.0.102.40 - - [26/Dec/2018:04:29:11 +0000] "HEAD / HTTP/1.1" 500 0 "-" "jetmon/1.0 (Jetpack Site Uptime Monitor by WordPress.com)"
169.51.80.85 - - [26/Dec/2018:04:34:11 +0000] "GET / HTTP/1.1" 301 185 "-" "Pingdom.com_bot_version_1.4_(http://www.pingdom.com/)"
169.51.80.85 - - [26/Dec/2018:04:34:11 +0000] "GET / HTTP/1.1" 500 262 "-" "Pingdom.com_bot_version_1.4_(http://www.pingdom.com/)"
192.0.102.40 - - [26/Dec/2018:04:35:09 +0000] "HEAD / HTTP/1.1" 500 0 "-" "jetmon/1.0 (Jetpack Site Uptime Monitor by WordPress.com)"
184.75.214.66 - - [26/Dec/2018:04:39:11 +0000] "GET / HTTP/1.1" 301 185 "-" "Pingdom.com_bot_version_1.4_(http://www.pingdom.com/)"
184.75.214.66 - - [26/Dec/2018:04:39:11 +0000] "GET / HTTP/1.1" 500 262 "-" "Pingdom.com_bot_version_1.4_(http://www.pingdom.com/)"
192.0.102.40 - - [26/Dec/2018:04:41:11 +0000] "HEAD / HTTP/1.1" 500 0 "-" "jetmon/1.0 (Jetpack Site Uptime Monitor by WordPress.com)"
50.23.28.35 - - [26/Dec/2018:04:44:11 +0000] "GET / HTTP/1.1" 301 185 "-" "Pingdom.com_bot_version_1.4_(http://www.pingdom.com/)"
50.23.28.35 - - [26/Dec/2018:04:44:11 +0000] "GET / HTTP/1.1" 500 262 "-" "Pingdom.com_bot_version_1.4_(http://www.pingdom.com/)"
192.0.102.40 - - [26/Dec/2018:04:47:50 +0000] "HEAD / HTTP/1.1" 500 0 "-" "jetmon/1.0 (Jetpack Site Uptime Monitor by WordPress.com)"
209.58.139.194 - - [26/Dec/2018:04:49:11 +0000] "GET / HTTP/1.1" 301 185 "-" "Pingdom.com_bot_version_1.4_(http://www.pingdom.com/)"
209.58.139.194 - - [26/Dec/2018:04:49:12 +0000] "GET / HTTP/1.1" 500 262 "-" "Pingdom.com_bot_version_1.4_(http://www.pingdom.com/)"
64.237.49.203 - - [26/Dec/2018:04:54:11 +0000] "GET / HTTP/1.1" 301 185 "-" "Pingdom.com_bot_version_1.4_(http://www.pingdom.com/)"
64.237.49.203 - - [26/Dec/2018:04:54:11 +0000] "GET / HTTP/1.1" 500 262 "-" "Pingdom.com_bot_version_1.4_(http://www.pingdom.com/)"
192.0.102.40 - - [26/Dec/2018:04:55:38 +0000] "HEAD / HTTP/1.1" 500 0 "-" "jetmon/1.0 (Jetpack Site Uptime Monitor by WordPress.com)"
185.39.146.215 - - [26/Dec/2018:04:59:11 +0000] "GET / HTTP/1.1" 301 185 "-" "Pingdom.com_bot_version_1.4_(http://www.pingdom.com/)"
185.39.146.215 - - [26/Dec/2018:04:59:11 +0000] "GET / HTTP/1.1" 500 262 "-" "Pingdom.com_bot_version_1.4_(http://www.pingdom.com/)"
192.0.102.40 - - [26/Dec/2018:05:01:15 +0000] "HEAD / HTTP/1.1" 500 0 "-" "jetmon/1.0 (Jetpack Site Uptime Monitor by WordPress.com)"
96.47.225.18 - - [26/Dec/2018:05:04:11 +0000] "GET / HTTP/1.1" 301 185 "-" "Pingdom.com_bot_version_1.4_(http://www.pingdom.com/)"
96.47.225.18 - - [26/Dec/2018:05:04:11 +0000] "GET / HTTP/1.1" 500 262 "-" "Pingdom.com_bot_version_1.4_(http://www.pingdom.com/)"
192.0.102.40 - - [26/Dec/2018:05:08:07 +0000] "HEAD / HTTP/1.1" 500 0 "-" "jetmon/1.0 (Jetpack Site Uptime Monitor by WordPress.com)"
188.138.40.20 - - [26/Dec/2018:05:09:11 +0000] "GET / HTTP/1.1" 301 185 "-" "Pingdom.com_bot_version_1.4_(http://www.pingdom.com/)"
188.138.40.20 - - [26/Dec/2018:05:09:11 +0000] "GET / HTTP/1.1" 500 262 "-" "Pingdom.com_bot_version_1.4_(http://www.pingdom.com/)"
94.75.211.74 - - [26/Dec/2018:05:14:11 +0000] "GET / HTTP/1.1" 301 185 "-" "Pingdom.com_bot_version_1.4_(http://www.pingdom.com/)"
94.75.211.74 - - [26/Dec/2018:05:14:11 +0000] "GET / HTTP/1.1" 500 262 "-" "Pingdom.com_bot_version_1.4_(http://www.pingdom.com/)"
192.0.102.40 - - [26/Dec/2018:05:14:40 +0000] "HEAD / HTTP/1.1" 500 0 "-" "jetmon/1.0 (Jetpack Site Uptime Monitor by WordPress.com)"
89.163.242.206 - - [26/Dec/2018:05:19:11 +0000] "GET / HTTP/1.1" 301 185 "-" "Pingdom.com_bot_version_1.4_(http://www.pingdom.com/)"
89.163.242.206 - - [26/Dec/2018:05:19:11 +0000] "GET / HTTP/1.1" 500 262 "-" "Pingdom.com_bot_version_1.4_(http://www.pingdom.com/)"
192.0.102.40 - - [26/Dec/2018:05:21:52 +0000] "HEAD / HTTP/1.1" 500 0 "-" "jetmon/1.0 (Jetpack Site Uptime Monitor by WordPress.com)"
169.51.80.85 - - [26/Dec/2018:05:24:11 +0000] "GET / HTTP/1.1" 301 185 "-" "Pingdom.com_bot_version_1.4_(http://www.pingdom.com/)"
169.51.80.85 - - [26/Dec/2018:05:24:11 +0000] "GET / HTTP/1.1" 500 262 "-" "Pingdom.com_bot_version_1.4_(http://www.pingdom.com/)"
49.51.133.126 - - [26/Dec/2018:05:24:46 +0000] "GET /404.php.suspected HTTP/1.1" 301 185 "http://site.ru" "Mozilla/5.0 (Windows; U; Windows NT 5.1; en-US) AppleWebKit/533.4 (KHTML, like Gecko) Chrome/5.0.375.99 Safari/533.4"
49.51.133.126 - - [26/Dec/2018:05:24:47 +0000] "GET /404.php.suspected HTTP/1.1" 500 262 "http://site.ru" "Mozilla/5.0 (Windows; U; Windows NT 5.1; en-US) AppleWebKit/533.4 (KHTML, like Gecko) Chrome/5.0.375.99 Safari/533.4"
157.55.39.34 - - [26/Dec/2018:05:25:37 +0000] "GET /robots.txt HTTP/1.1" 301 185 "-" "Mozilla/5.0 (compatible; bingbot/2.0; +http://www.bing.com/bingbot.htm)"
157.55.39.34 - - [26/Dec/2018:05:25:38 +0000] "GET /robots.txt HTTP/1.1" 500 262 "-" "Mozilla/5.0 (compatible; bingbot/2.0; +http://www.bing.com/bingbot.htm)"
157.55.39.193 - - [26/Dec/2018:05:25:51 +0000] "GET / HTTP/1.1" 301 185 "-" "Mozilla/5.0 (compatible; bingbot/2.0; +http://www.bing.com/bingbot.htm)"
192.0.102.40 - - [26/Dec/2018:05:27:33 +0000] "HEAD / HTTP/1.1" 500 0 "-" "jetmon/1.0 (Jetpack Site Uptime Monitor by WordPress.com)"
184.75.214.66 - - [26/Dec/2018:05:29:11 +0000] "GET / HTTP/1.1" 301 185 "-" "Pingdom.com_bot_version_1.4_(http://www.pingdom.com/)"
184.75.214.66 - - [26/Dec/2018:05:29:11 +0000] "GET / HTTP/1.1" 500 262 "-" "Pingdom.com_bot_version_1.4_(http://www.pingdom.com/)"
192.0.102.40 - - [26/Dec/2018:05:33:55 +0000] "HEAD / HTTP/1.1" 500 0 "-" "jetmon/1.0 (Jetpack Site Uptime Monitor by WordPress.com)"
50.23.28.35 - - [26/Dec/2018:05:34:11 +0000] "GET / HTTP/1.1" 301 185 "-" "Pingdom.com_bot_version_1.4_(http://www.pingdom.com/)"
50.23.28.35 - - [26/Dec/2018:05:34:11 +0000] "GET / HTTP/1.1" 500 262 "-" "Pingdom.com_bot_version_1.4_(http://www.pingdom.com/)"
209.58.139.194 - - [26/Dec/2018:05:39:11 +0000] "GET / HTTP/1.1" 301 185 "-" "Pingdom.com_bot_version_1.4_(http://www.pingdom.com/)"
209.58.139.194 - - [26/Dec/2018:05:39:12 +0000] "GET / HTTP/1.1" 500 262 "-" "Pingdom.com_bot_version_1.4_(http://www.pingdom.com/)"
192.0.102.40 - - [26/Dec/2018:05:39:54 +0000] "HEAD / HTTP/1.1" 500 0 "-" "jetmon/1.0 (Jetpack Site Uptime Monitor by WordPress.com)"
64.237.49.203 - - [26/Dec/2018:05:44:11 +0000] "GET / HTTP/1.1" 301 185 "-" "Pingdom.com_bot_version_1.4_(http://www.pingdom.com/)"
64.237.49.203 - - [26/Dec/2018:05:44:11 +0000] "GET / HTTP/1.1" 500 262 "-" "Pingdom.com_bot_version_1.4_(http://www.pingdom.com/)"
192.0.102.40 - - [26/Dec/2018:05:48:04 +0000] "HEAD / HTTP/1.1" 500 0 "-" "jetmon/1.0 (Jetpack Site Uptime Monitor by WordPress.com)"
185.39.146.215 - - [26/Dec/2018:05:49:11 +0000] "GET / HTTP/1.1" 301 185 "-" "Pingdom.com_bot_version_1.4_(http://www.pingdom.com/)"
185.39.146.215 - - [26/Dec/2018:05:49:11 +0000] "GET / HTTP/1.1" 500 262 "-" "Pingdom.com_bot_version_1.4_(http://www.pingdom.com/)"
192.0.102.40 - - [26/Dec/2018:05:53:55 +0000] "HEAD / HTTP/1.1" 500 0 "-" "jetmon/1.0 (Jetpack Site Uptime Monitor by WordPress.com)"
96.47.225.18 - - [26/Dec/2018:05:54:11 +0000] "GET / HTTP/1.1" 301 185 "-" "Pingdom.com_bot_version_1.4_(http://www.pingdom.com/)"
96.47.225.18 - - [26/Dec/2018:05:54:11 +0000] "GET / HTTP/1.1" 500 262 "-" "Pingdom.com_bot_version_1.4_(http://www.pingdom.com/)"
188.138.40.20 - - [26/Dec/2018:05:59:11 +0000] "GET / HTTP/1.1" 301 185 "-" "Pingdom.com_bot_version_1.4_(http://www.pingdom.com/)"
188.138.40.20 - - [26/Dec/2018:05:59:11 +0000] "GET / HTTP/1.1" 500 262 "-" "Pingdom.com_bot_version_1.4_(http://www.pingdom.com/)"
192.0.102.40 - - [26/Dec/2018:06:00:16 +0000] "HEAD / HTTP/1.1" 500 0 "-" "jetmon/1.0 (Jetpack Site Uptime Monitor by WordPress.com)"
94.75.211.74 - - [26/Dec/2018:06:04:11 +0000] "GET / HTTP/1.1" 301 185 "-" "Pingdom.com_bot_version_1.4_(http://www.pingdom.com/)"
94.75.211.74 - - [26/Dec/2018:06:04:11 +0000] "GET / HTTP/1.1" 500 262 "-" "Pingdom.com_bot_version_1.4_(http://www.pingdom.com/)"
192.0.102.40 - - [26/Dec/2018:06:06:45 +0000] "HEAD / HTTP/1.1" 500 0 "-" "jetmon/1.0 (Jetpack Site Uptime Monitor by WordPress.com)"
89.163.242.206 - - [26/Dec/2018:06:09:11 +0000] "GET / HTTP/1.1" 301 185 "-" "Pingdom.com_bot_version_1.4_(http://www.pingdom.com/)"
89.163.242.206 - - [26/Dec/2018:06:09:11 +0000] "GET / HTTP/1.1" 500 262 "-" "Pingdom.com_bot_version_1.4_(http://www.pingdom.com/)"
169.51.80.85 - - [26/Dec/2018:06:14:11 +0000] "GET / HTTP/1.1" 301 185 "-" "Pingdom.com_bot_version_1.4_(http://www.pingdom.com/)"
169.51.80.85 - - [26/Dec/2018:06:14:11 +0000] "GET / HTTP/1.1" 500 262 "-" "Pingdom.com_bot_version_1.4_(http://www.pingdom.com/)"
192.0.102.40 - - [26/Dec/2018:06:14:25 +0000] "HEAD / HTTP/1.1" 500 0 "-" "jetmon/1.0 (Jetpack Site Uptime Monitor by WordPress.com)"
184.75.214.66 - - [26/Dec/2018:06:19:11 +0000] "GET / HTTP/1.1" 301 185 "-" "Pingdom.com_bot_version_1.4_(http://www.pingdom.com/)"
184.75.214.66 - - [26/Dec/2018:06:19:11 +0000] "GET / HTTP/1.1" 500 262 "-" "Pingdom.com_bot_version_1.4_(http://www.pingdom.com/)"
192.0.102.40 - - [26/Dec/2018:06:20:14 +0000] "HEAD / HTTP/1.1" 500 0 "-" "jetmon/1.0 (Jetpack Site Uptime Monitor by WordPress.com)"
50.23.28.35 - - [26/Dec/2018:06:24:11 +0000] "GET / HTTP/1.1" 301 185 "-" "Pingdom.com_bot_version_1.4_(http://www.pingdom.com/)"
50.23.28.35 - - [26/Dec/2018:06:24:11 +0000] "GET / HTTP/1.1" 500 262 "-" "Pingdom.com_bot_version_1.4_(http://www.pingdom.com/)"
192.0.102.40 - - [26/Dec/2018:06:26:38 +0000] "HEAD / HTTP/1.1" 500 0 "-" "jetmon/1.0 (Jetpack Site Uptime Monitor by WordPress.com)"
209.58.139.194 - - [26/Dec/2018:06:29:11 +0000] "GET / HTTP/1.1" 301 185 "-" "Pingdom.com_bot_version_1.4_(http://www.pingdom.com/)"
209.58.139.194 - - [26/Dec/2018:06:29:12 +0000] "GET / HTTP/1.1" 500 262 "-" "Pingdom.com_bot_version_1.4_(http://www.pingdom.com/)"
192.0.102.40 - - [26/Dec/2018:06:32:37 +0000] "HEAD / HTTP/1.1" 500 0 "-" "jetmon/1.0 (Jetpack Site Uptime Monitor by WordPress.com)"
64.237.49.203 - - [26/Dec/2018:06:34:11 +0000] "GET / HTTP/1.1" 301 185 "-" "Pingdom.com_bot_version_1.4_(http://www.pingdom.com/)"
64.237.49.203 - - [26/Dec/2018:06:34:11 +0000] "GET / HTTP/1.1" 500 262 "-" "Pingdom.com_bot_version_1.4_(http://www.pingdom.com/)"
185.39.146.215 - - [26/Dec/2018:06:39:11 +0000] "GET / HTTP/1.1" 301 185 "-" "Pingdom.com_bot_version_1.4_(http://www.pingdom.com/)"
185.39.146.215 - - [26/Dec/2018:06:39:11 +0000] "GET / HTTP/1.1" 500 262 "-" "Pingdom.com_bot_version_1.4_(http://www.pingdom.com/)"
192.0.102.40 - - [26/Dec/2018:06:40:45 +0000] "HEAD / HTTP/1.1" 500 0 "-" "jetmon/1.0 (Jetpack Site Uptime Monitor by WordPress.com)"
96.47.225.18 - - [26/Dec/2018:06:44:11 +0000] "GET / HTTP/1.1" 301 185 "-" "Pingdom.com_bot_version_1.4_(http://www.pingdom.com/)"
96.47.225.18 - - [26/Dec/2018:06:44:11 +0000] "GET / HTTP/1.1" 500 262 "-" "Pingdom.com_bot_version_1.4_(http://www.pingdom.com/)"
192.0.102.40 - - [26/Dec/2018:06:46:28 +0000] "HEAD / HTTP/1.1" 500 0 "-" "jetmon/1.0 (Jetpack Site Uptime Monitor by WordPress.com)"
188.138.40.20 - - [26/Dec/2018:06:49:11 +0000] "GET / HTTP/1.1" 301 185 "-" "Pingdom.com_bot_version_1.4_(http://www.pingdom.com/)"
188.138.40.20 - - [26/Dec/2018:06:49:11 +0000] "GET / HTTP/1.1" 500 262 "-" "Pingdom.com_bot_version_1.4_(http://www.pingdom.com/)"
192.0.102.40 - - [26/Dec/2018:06:52:49 +0000] "HEAD / HTTP/1.1" 500 0 "-" "jetmon/1.0 (Jetpack Site Uptime Monitor by WordPress.com)"
94.75.211.74 - - [26/Dec/2018:06:54:11 +0000] "GET / HTTP/1.1" 301 185 "-" "Pingdom.com_bot_version_1.4_(http://www.pingdom.com/)"
94.75.211.74 - - [26/Dec/2018:06:54:11 +0000] "GET / HTTP/1.1" 500 262 "-" "Pingdom.com_bot_version_1.4_(http://www.pingdom.com/)"
104.248.95.97 - - [26/Dec/2018:06:57:25 +0000] "GET / HTTP/1.1" 500 262 "-" "Mozilla/5.0 (Macintosh; Intel Mac OS X 10_13_6) AppleWebKit/537.36 (KHTML, like Gecko) Chrome/70.0.3538.77 Safari/537.36"
89.163.242.206 - - [26/Dec/2018:06:59:11 +0000] "GET / HTTP/1.1" 301 185 "-" "Pingdom.com_bot_version_1.4_(http://www.pingdom.com/)"
89.163.242.206 - - [26/Dec/2018:06:59:11 +0000] "GET / HTTP/1.1" 500 262 "-" "Pingdom.com_bot_version_1.4_(http://www.pingdom.com/)"
192.0.102.40 - - [26/Dec/2018:06:59:42 +0000] "HEAD / HTTP/1.1" 500 0 "-" "jetmon/1.0 (Jetpack Site Uptime Monitor by WordPress.com)"
169.51.80.85 - - [26/Dec/2018:07:04:11 +0000] "GET / HTTP/1.1" 301 185 "-" "Pingdom.com_bot_version_1.4_(http://www.pingdom.com/)"
27.254.77.210 - - [26/Dec/2018:07:04:11 +0000] "GET /wp-content/plugins/wp-zipy/t.php.suspected HTTP/1.1" 301 185 "http://site.ru" "Mozilla/5.0 (Windows; U; Windows NT 5.1; en-US) AppleWebKit/533.4 (KHTML, like Gecko) Chrome/5.0.375.99 Safari/533.4"
169.51.80.85 - - [26/Dec/2018:07:04:11 +0000] "GET / HTTP/1.1" 500 262 "-" "Pingdom.com_bot_version_1.4_(http://www.pingdom.com/)"
27.254.77.210 - - [26/Dec/2018:07:04:13 +0000] "GET /wp-content/plugins/wp-zipy/t.php.suspected HTTP/1.1" 500 262 "http://site.ru" "Mozilla/5.0 (Windows; U; Windows NT 5.1; en-US) AppleWebKit/533.4 (KHTML, like Gecko) Chrome/5.0.375.99 Safari/533.4"
27.254.77.210 - - [26/Dec/2018:07:04:15 +0000] "GET /wp-content/plugins/wp-zipy/t.php.suspected HTTP/1.1" 301 185 "http://site.ru" "Mozilla/5.0 (Windows; U; Windows NT 5.1; en-US) AppleWebKit/533.4 (KHTML, like Gecko) Chrome/5.0.375.99 Safari/533.4"
27.254.77.210 - - [26/Dec/2018:07:04:18 +0000] "GET /wp-content/plugins/wp-zipy/t.php.suspected HTTP/1.1" 500 262 "http://site.ru" "Mozilla/5.0 (Windows; U; Windows NT 5.1; en-US) AppleWebKit/533.4 (KHTML, like Gecko) Chrome/5.0.375.99 Safari/533.4"
192.0.102.40 - - [26/Dec/2018:07:06:58 +0000] "HEAD / HTTP/1.1" 500 0 "-" "jetmon/1.0 (Jetpack Site Uptime Monitor by WordPress.com)"
184.75.214.66 - - [26/Dec/2018:07:09:11 +0000] "GET / HTTP/1.1" 301 185 "-" "Pingdom.com_bot_version_1.4_(http://www.pingdom.com/)"
184.75.214.66 - - [26/Dec/2018:07:09:11 +0000] "GET / HTTP/1.1" 500 262 "-" "Pingdom.com_bot_version_1.4_(http://www.pingdom.com/)"
192.0.102.40 - - [26/Dec/2018:07:12:53 +0000] "HEAD / HTTP/1.1" 500 0 "-" "jetmon/1.0 (Jetpack Site Uptime Monitor by WordPress.com)"
50.23.28.35 - - [26/Dec/2018:07:14:11 +0000] "GET / HTTP/1.1" 301 185 "-" "Pingdom.com_bot_version_1.4_(http://www.pingdom.com/)"
50.23.28.35 - - [26/Dec/2018:07:14:12 +0000] "GET / HTTP/1.1" 500 262 "-" "Pingdom.com_bot_version_1.4_(http://www.pingdom.com/)"
209.58.139.194 - - [26/Dec/2018:07:19:11 +0000] "GET / HTTP/1.1" 301 185 "-" "Pingdom.com_bot_version_1.4_(http://www.pingdom.com/)"
209.58.139.194 - - [26/Dec/2018:07:19:12 +0000] "GET / HTTP/1.1" 500 262 "-" "Pingdom.com_bot_version_1.4_(http://www.pingdom.com/)"
192.0.102.40 - - [26/Dec/2018:07:19:36 +0000] "HEAD / HTTP/1.1" 500 0 "-" "jetmon/1.0 (Jetpack Site Uptime Monitor by WordPress.com)"
64.237.49.203 - - [26/Dec/2018:07:24:11 +0000] "GET / HTTP/1.1" 301 185 "-" "Pingdom.com_bot_version_1.4_(http://www.pingdom.com/)"
64.237.49.203 - - [26/Dec/2018:07:24:11 +0000] "GET / HTTP/1.1" 500 262 "-" "Pingdom.com_bot_version_1.4_(http://www.pingdom.com/)"
192.0.102.40 - - [26/Dec/2018:07:25:31 +0000] "HEAD / HTTP/1.1" 500 0 "-" "jetmon/1.0 (Jetpack Site Uptime Monitor by WordPress.com)"
185.39.146.215 - - [26/Dec/2018:07:29:11 +0000] "GET / HTTP/1.1" 301 185 "-" "Pingdom.com_bot_version_1.4_(http://www.pingdom.com/)"
185.39.146.215 - - [26/Dec/2018:07:29:11 +0000] "GET / HTTP/1.1" 500 262 "-" "Pingdom.com_bot_version_1.4_(http://www.pingdom.com/)"
192.0.102.40 - - [26/Dec/2018:07:33:17 +0000] "HEAD / HTTP/1.1" 500 0 "-" "jetmon/1.0 (Jetpack Site Uptime Monitor by WordPress.com)"
96.47.225.18 - - [26/Dec/2018:07:34:11 +0000] "GET / HTTP/1.1" 301 185 "-" "Pingdom.com_bot_version_1.4_(http://www.pingdom.com/)"
96.47.225.18 - - [26/Dec/2018:07:34:11 +0000] "GET / HTTP/1.1" 500 262 "-" "Pingdom.com_bot_version_1.4_(http://www.pingdom.com/)"
163.172.73.77 - - [26/Dec/2018:07:35:54 +0000] "GET /wp-content/plugins/css-ready-selectors/file.php.suspected HTTP/1.1" 301 185 "http://site.ru" "Mozilla/5.0 (Windows; U; Windows NT 5.1; en-US) AppleWebKit/533.4 (KHTML, like Gecko) Chrome/5.0.375.99 Safari/533.4"
163.172.73.77 - - [26/Dec/2018:07:35:54 +0000] "GET /wp-content/plugins/css-ready-selectors/file.php.suspected HTTP/1.1" 500 262 "http://site.ru" "Mozilla/5.0 (Windows; U; Windows NT 5.1; en-US) AppleWebKit/533.4 (KHTML, like Gecko) Chrome/5.0.375.99 Safari/533.4"
163.172.73.77 - - [26/Dec/2018:07:35:57 +0000] "GET /wp-content/plugins/css-ready-selectors/file.php.suspected HTTP/1.1" 301 185 "http://site.ru" "Mozilla/5.0 (Windows; U; Windows NT 5.1; en-US) AppleWebKit/533.4 (KHTML, like Gecko) Chrome/5.0.375.99 Safari/533.4"
163.172.73.77 - - [26/Dec/2018:07:35:58 +0000] "GET /wp-content/plugins/css-ready-selectors/file.php.suspected HTTP/1.1" 500 262 "http://site.ru" "Mozilla/5.0 (Windows; U; Windows NT 5.1; en-US) AppleWebKit/533.4 (KHTML, like Gecko) Chrome/5.0.375.99 Safari/533.4"
192.0.102.40 - - [26/Dec/2018:07:39:06 +0000] "HEAD / HTTP/1.1" 500 0 "-" "jetmon/1.0 (Jetpack Site Uptime Monitor by WordPress.com)"
188.138.40.20 - - [26/Dec/2018:07:39:11 +0000] "GET / HTTP/1.1" 301 185 "-" "Pingdom.com_bot_version_1.4_(http://www.pingdom.com/)"
188.138.40.20 - - [26/Dec/2018:07:39:11 +0000] "GET / HTTP/1.1" 500 262 "-" "Pingdom.com_bot_version_1.4_(http://www.pingdom.com/)"
94.75.211.74 - - [26/Dec/2018:07:44:11 +0000] "GET / HTTP/1.1" 301 185 "-" "Pingdom.com_bot_version_1.4_(http://www.pingdom.com/)"
94.75.211.74 - - [26/Dec/2018:07:44:11 +0000] "GET / HTTP/1.1" 500 262 "-" "Pingdom.com_bot_version_1.4_(http://www.pingdom.com/)"
192.0.102.40 - - [26/Dec/2018:07:45:21 +0000] "HEAD / HTTP/1.1" 500 0 "-" "jetmon/1.0 (Jetpack Site Uptime Monitor by WordPress.com)"
89.163.242.206 - - [26/Dec/2018:07:49:11 +0000] "GET / HTTP/1.1" 301 185 "-" "Pingdom.com_bot_version_1.4_(http://www.pingdom.com/)"
89.163.242.206 - - [26/Dec/2018:07:49:11 +0000] "GET / HTTP/1.1" 500 262 "-" "Pingdom.com_bot_version_1.4_(http://www.pingdom.com/)"
192.0.102.40 - - [26/Dec/2018:07:51:22 +0000] "HEAD / HTTP/1.1" 500 0 "-" "jetmon/1.0 (Jetpack Site Uptime Monitor by WordPress.com)"
169.51.80.85 - - [26/Dec/2018:07:54:11 +0000] "GET / HTTP/1.1" 301 185 "-" "Pingdom.com_bot_version_1.4_(http://www.pingdom.com/)"
169.51.80.85 - - [26/Dec/2018:07:54:11 +0000] "GET / HTTP/1.1" 500 262 "-" "Pingdom.com_bot_version_1.4_(http://www.pingdom.com/)"
184.75.214.66 - - [26/Dec/2018:07:59:11 +0000] "GET / HTTP/1.1" 301 185 "-" "Pingdom.com_bot_version_1.4_(http://www.pingdom.com/)"
184.75.214.66 - - [26/Dec/2018:07:59:11 +0000] "GET / HTTP/1.1" 500 262 "-" "Pingdom.com_bot_version_1.4_(http://www.pingdom.com/)"
192.0.102.40 - - [26/Dec/2018:07:59:36 +0000] "HEAD / HTTP/1.1" 500 0 "-" "jetmon/1.0 (Jetpack Site Uptime Monitor by WordPress.com)"
50.23.28.35 - - [26/Dec/2018:08:04:11 +0000] "GET / HTTP/1.1" 301 185 "-" "Pingdom.com_bot_version_1.4_(http://www.pingdom.com/)"
50.23.28.35 - - [26/Dec/2018:08:04:11 +0000] "GET / HTTP/1.1" 500 262 "-" "Pingdom.com_bot_version_1.4_(http://www.pingdom.com/)"
192.0.102.40 - - [26/Dec/2018:08:05:33 +0000] "HEAD / HTTP/1.1" 500 0 "-" "jetmon/1.0 (Jetpack Site Uptime Monitor by WordPress.com)"
209.58.139.194 - - [26/Dec/2018:08:09:11 +0000] "GET / HTTP/1.1" 301 185 "-" "Pingdom.com_bot_version_1.4_(http://www.pingdom.com/)"
209.58.139.194 - - [26/Dec/2018:08:09:12 +0000] "GET / HTTP/1.1" 500 262 "-" "Pingdom.com_bot_version_1.4_(http://www.pingdom.com/)"
192.0.102.40 - - [26/Dec/2018:08:11:48 +0000] "HEAD / HTTP/1.1" 500 0 "-" "jetmon/1.0 (Jetpack Site Uptime Monitor by WordPress.com)"
64.237.49.203 - - [26/Dec/2018:08:14:11 +0000] "GET / HTTP/1.1" 301 185 "-" "Pingdom.com_bot_version_1.4_(http://www.pingdom.com/)"
64.237.49.203 - - [26/Dec/2018:08:14:11 +0000] "GET / HTTP/1.1" 500 262 "-" "Pingdom.com_bot_version_1.4_(http://www.pingdom.com/)"
192.0.102.40 - - [26/Dec/2018:08:18:42 +0000] "HEAD / HTTP/1.1" 500 0 "-" "jetmon/1.0 (Jetpack Site Uptime Monitor by WordPress.com)"
185.39.146.215 - - [26/Dec/2018:08:19:11 +0000] "GET / HTTP/1.1" 301 185 "-" "Pingdom.com_bot_version_1.4_(http://www.pingdom.com/)"
185.39.146.215 - - [26/Dec/2018:08:19:11 +0000] "GET / HTTP/1.1" 500 262 "-" "Pingdom.com_bot_version_1.4_(http://www.pingdom.com/)"
96.47.225.18 - - [26/Dec/2018:08:24:11 +0000] "GET / HTTP/1.1" 301 185 "-" "Pingdom.com_bot_version_1.4_(http://www.pingdom.com/)"
96.47.225.18 - - [26/Dec/2018:08:24:11 +0000] "GET / HTTP/1.1" 500 262 "-" "Pingdom.com_bot_version_1.4_(http://www.pingdom.com/)"
192.0.102.40 - - [26/Dec/2018:08:25:56 +0000] "HEAD / HTTP/1.1" 500 0 "-" "jetmon/1.0 (Jetpack Site Uptime Monitor by WordPress.com)"
82.39.169.4 - - [26/Dec/2018:08:27:04 +0000] "GET / HTTP/2.0" 500 251 "-" "Mozilla/5.0 (iPhone; CPU iPhone OS 12_1_2 like Mac OS X) AppleWebKit/605.1.15 (KHTML, like Gecko) FxiOS/14.0b12646 Mobile/16C101 Safari/605.1.15"
82.39.169.4 - - [26/Dec/2018:08:27:04 +0000] "GET /favicon.ico HTTP/2.0" 404 132 "-" "Mozilla/5.0 (iPhone; CPU iPhone OS 12_1_2 like Mac OS X) AppleWebKit/605.1.15 (KHTML, like Gecko) FxiOS/14.0b12646 Mobile/16C101 Safari/605.1.15"
82.39.169.4 - - [26/Dec/2018:08:27:04 +0000] "GET /favicon.ico HTTP/2.0" 404 132 "-" "Mozilla/5.0 (iPhone; CPU iPhone OS 12_1_2 like Mac OS X) AppleWebKit/605.1.15 (KHTML, like Gecko) FxiOS/14.0b12646 Mobile/16C101 Safari/605.1.15"
188.138.40.20 - - [26/Dec/2018:08:29:11 +0000] "GET / HTTP/1.1" 301 185 "-" "Pingdom.com_bot_version_1.4_(http://www.pingdom.com/)"
188.138.40.20 - - [26/Dec/2018:08:29:11 +0000] "GET / HTTP/1.1" 500 262 "-" "Pingdom.com_bot_version_1.4_(http://www.pingdom.com/)"
192.0.102.40 - - [26/Dec/2018:08:31:49 +0000] "HEAD / HTTP/1.1" 500 0 "-" "jetmon/1.0 (Jetpack Site Uptime Monitor by WordPress.com)"
180.153.236.67 - - [26/Dec/2018:08:32:19 +0000] "GET / HTTP/1.1" 500 262 "https://kendal-ki-aikido.org.uk/" "Mozilla/5.0(compatible;MSIE9.0;WindowsNT6.1;Trident/5.0)"
180.153.236.67 - - [26/Dec/2018:08:32:19 +0000] "GET / HTTP/1.1" 301 185 "http://www.kendal-ki-aikido.org.uk/" "Mozilla/5.0(compatible;MSIE9.0;WindowsNT6.1;Trident/5.0)"
180.153.236.67 - - [26/Dec/2018:08:32:20 +0000] "GET / HTTP/1.1" 500 262 "https://www.kendal-ki-aikido.org.uk/" "Mozilla/5.0(compatible;MSIE9.0;WindowsNT6.1;Trident/5.0)"
94.75.211.74 - - [26/Dec/2018:08:34:11 +0000] "GET / HTTP/1.1" 301 185 "-" "Pingdom.com_bot_version_1.4_(http://www.pingdom.com/)"
94.75.211.74 - - [26/Dec/2018:08:34:11 +0000] "GET / HTTP/1.1" 500 262 "-" "Pingdom.com_bot_version_1.4_(http://www.pingdom.com/)"
180.153.236.157 - - [26/Dec/2018:08:35:03 +0000] "GET / HTTP/1.1" 301 185 "http://kendal-ki-aikido.org.uk/" "Mozilla/5.0(compatible;MSIE9.0;WindowsNT6.1;Trident/5.0)"
180.153.236.157 - - [26/Dec/2018:08:35:04 +0000] "GET / HTTP/1.1" 500 262 "https://kendal-ki-aikido.org.uk/" "Mozilla/5.0(compatible;MSIE9.0;WindowsNT6.1;Trident/5.0)"
192.0.102.40 - - [26/Dec/2018:08:38:35 +0000] "HEAD / HTTP/1.1" 500 0 "-" "jetmon/1.0 (Jetpack Site Uptime Monitor by WordPress.com)"
89.163.242.206 - - [26/Dec/2018:08:39:11 +0000] "GET / HTTP/1.1" 301 185 "-" "Pingdom.com_bot_version_1.4_(http://www.pingdom.com/)"
89.163.242.206 - - [26/Dec/2018:08:39:11 +0000] "GET / HTTP/1.1" 500 262 "-" "Pingdom.com_bot_version_1.4_(http://www.pingdom.com/)"
169.51.80.85 - - [26/Dec/2018:08:44:11 +0000] "GET / HTTP/1.1" 301 185 "-" "Pingdom.com_bot_version_1.4_(http://www.pingdom.com/)"
169.51.80.85 - - [26/Dec/2018:08:44:11 +0000] "GET / HTTP/1.1" 500 262 "-" "Pingdom.com_bot_version_1.4_(http://www.pingdom.com/)"
192.0.102.40 - - [26/Dec/2018:08:44:19 +0000] "HEAD / HTTP/1.1" 500 0 "-" "jetmon/1.0 (Jetpack Site Uptime Monitor by WordPress.com)"
82.39.169.4 - - [26/Dec/2018:08:47:01 +0000] "GET / HTTP/1.1" 301 185 "-" "Mozilla/5.0 (Macintosh; Intel Mac OS X 10.14; rv:65.0) Gecko/20100101 Firefox/65.0"
82.39.169.4 - - [26/Dec/2018:08:47:01 +0000] "GET / HTTP/1.1" 500 262 "-" "Mozilla/5.0 (Macintosh; Intel Mac OS X 10.14; rv:65.0) Gecko/20100101 Firefox/65.0"
82.39.169.4 - - [26/Dec/2018:08:47:01 +0000] "GET /favicon.ico HTTP/1.1" 404 143 "-" "Mozilla/5.0 (Macintosh; Intel Mac OS X 10.14; rv:65.0) Gecko/20100101 Firefox/65.0"
82.39.169.4 - - [26/Dec/2018:08:47:03 +0000] "GET / HTTP/1.1" 500 262 "-" "Mozilla/5.0 (Macintosh; Intel Mac OS X 10.14; rv:65.0) Gecko/20100101 Firefox/65.0"
82.39.169.4 - - [26/Dec/2018:08:47:12 +0000] "GET / HTTP/1.1" 500 262 "-" "Mozilla/5.0 (Macintosh; Intel Mac OS X 10.14; rv:65.0) Gecko/20100101 Firefox/65.0"
82.39.169.4 - - [26/Dec/2018:08:47:12 +0000] "GET /favicon.ico HTTP/1.1" 404 143 "-" "Mozilla/5.0 (Macintosh; Intel Mac OS X 10.14; rv:65.0) Gecko/20100101 Firefox/65.0"
184.75.214.66 - - [26/Dec/2018:08:49:11 +0000] "GET / HTTP/1.1" 301 185 "-" "Pingdom.com_bot_version_1.4_(http://www.pingdom.com/)"
184.75.214.66 - - [26/Dec/2018:08:49:11 +0000] "GET / HTTP/1.1" 500 262 "-" "Pingdom.com_bot_version_1.4_(http://www.pingdom.com/)"
192.0.102.40 - - [26/Dec/2018:08:52:17 +0000] "HEAD / HTTP/1.1" 500 0 "-" "jetmon/1.0 (Jetpack Site Uptime Monitor by WordPress.com)"
50.23.28.35 - - [26/Dec/2018:08:54:11 +0000] "GET / HTTP/1.1" 301 185 "-" "Pingdom.com_bot_version_1.4_(http://www.pingdom.com/)"
50.23.28.35 - - [26/Dec/2018:08:54:11 +0000] "GET / HTTP/1.1" 500 262 "-" "Pingdom.com_bot_version_1.4_(http://www.pingdom.com/)"
82.39.169.4 - - [26/Dec/2018:08:55:45 +0000] "GET /wp-admin/ HTTP/1.1" 500 3391 "-" "Mozilla/5.0 (Macintosh; Intel Mac OS X 10.14; rv:65.0) Gecko/20100101 Firefox/65.0"
82.39.169.4 - - [26/Dec/2018:08:55:45 +0000] "GET /favicon.ico HTTP/1.1" 404 143 "-" "Mozilla/5.0 (Macintosh; Intel Mac OS X 10.14; rv:65.0) Gecko/20100101 Firefox/65.0"
82.39.169.4 - - [26/Dec/2018:08:56:37 +0000] "GET /wp-admin/ HTTP/1.1" 500 3391 "-" "Mozilla/5.0 (Macintosh; Intel Mac OS X 10.14; rv:65.0) Gecko/20100101 Firefox/65.0"
192.0.102.40 - - [26/Dec/2018:08:58:06 +0000] "HEAD / HTTP/1.1" 500 0 "-" "jetmon/1.0 (Jetpack Site Uptime Monitor by WordPress.com)"
209.58.139.194 - - [26/Dec/2018:08:59:11 +0000] "GET / HTTP/1.1" 301 185 "-" "Pingdom.com_bot_version_1.4_(http://www.pingdom.com/)"
209.58.139.194 - - [26/Dec/2018:08:59:12 +0000] "GET / HTTP/1.1" 500 262 "-" "Pingdom.com_bot_version_1.4_(http://www.pingdom.com/)"
64.237.49.203 - - [26/Dec/2018:09:04:11 +0000] "GET / HTTP/1.1" 301 185 "-" "Pingdom.com_bot_version_1.4_(http://www.pingdom.com/)"
64.237.49.203 - - [26/Dec/2018:09:04:11 +0000] "GET / HTTP/1.1" 500 262 "-" "Pingdom.com_bot_version_1.4_(http://www.pingdom.com/)"
192.0.102.40 - - [26/Dec/2018:09:04:36 +0000] "HEAD / HTTP/1.1" 500 0 "-" "jetmon/1.0 (Jetpack Site Uptime Monitor by WordPress.com)"
42.236.10.112 - - [26/Dec/2018:09:05:47 +0000] "GET / HTTP/1.1" 301 185 "http://www.kendal-ki-aikido.org.uk/" "Mozilla/5.0 (Windows NT 6.1; WOW64) AppleWebKit/537.36 (KHTML, like Gecko) Chrome/50.4.2661.102 Safari/537.36; 360Spider"
42.236.10.109 - - [26/Dec/2018:09:05:49 +0000] "GET / HTTP/1.1" 500 262 "https://www.kendal-ki-aikido.org.uk/" "Mozilla/5.0 (Windows NT 6.1; WOW64) AppleWebKit/537.36 (KHTML, like Gecko) Chrome/50.4.2661.102 Safari/537.36; 360Spider"
220.181.108.113 - - [26/Dec/2018:09:06:04 +0000] "GET / HTTP/1.1" 301 185 "-" "Mozilla/5.0 (compatible; Baiduspider/2.0; +http://www.baidu.com/search/spider.html)"
220.181.108.95 - - [26/Dec/2018:09:06:05 +0000] "GET / HTTP/1.1" 500 262 "-" "Mozilla/5.0 (compatible; Baiduspider/2.0; +http://www.baidu.com/search/spider.html)"
185.39.146.215 - - [26/Dec/2018:09:09:11 +0000] "GET / HTTP/1.1" 301 185 "-" "Pingdom.com_bot_version_1.4_(http://www.pingdom.com/)"
185.39.146.215 - - [26/Dec/2018:09:09:11 +0000] "GET / HTTP/1.1" 500 262 "-" "Pingdom.com_bot_version_1.4_(http://www.pingdom.com/)"
192.0.102.40 - - [26/Dec/2018:09:10:40 +0000] "HEAD / HTTP/1.1" 500 0 "-" "jetmon/1.0 (Jetpack Site Uptime Monitor by WordPress.com)"
96.47.225.18 - - [26/Dec/2018:09:14:11 +0000] "GET / HTTP/1.1" 301 185 "-" "Pingdom.com_bot_version_1.4_(http://www.pingdom.com/)"
96.47.225.18 - - [26/Dec/2018:09:14:11 +0000] "GET / HTTP/1.1" 500 262 "-" "Pingdom.com_bot_version_1.4_(http://www.pingdom.com/)"
81.169.144.135 - - [26/Dec/2018:09:15:59 +0000] "GET /wp-content/plugins/404-plugin/wj.php.suspected HTTP/1.1" 301 185 "http://site.ru" "Mozilla/5.0 (Windows; U; Windows NT 5.1; en-US) AppleWebKit/533.4 (KHTML, like Gecko) Chrome/5.0.375.99 Safari/533.4"
192.0.102.40 - - [26/Dec/2018:09:18:43 +0000] "HEAD / HTTP/1.1" 500 0 "-" "jetmon/1.0 (Jetpack Site Uptime Monitor by WordPress.com)"
188.138.40.20 - - [26/Dec/2018:09:19:11 +0000] "GET / HTTP/1.1" 301 185 "-" "Pingdom.com_bot_version_1.4_(http://www.pingdom.com/)"
188.138.40.20 - - [26/Dec/2018:09:19:11 +0000] "GET / HTTP/1.1" 500 262 "-" "Pingdom.com_bot_version_1.4_(http://www.pingdom.com/)"
82.39.169.4 - - [26/Dec/2018:09:22:31 +0000] "GET /wp-admin/ HTTP/1.1" 500 3396 "-" "Mozilla/5.0 (Macintosh; Intel Mac OS X 10.14; rv:65.0) Gecko/20100101 Firefox/65.0"
94.75.211.74 - - [26/Dec/2018:09:24:11 +0000] "GET / HTTP/1.1" 301 185 "-" "Pingdom.com_bot_version_1.4_(http://www.pingdom.com/)"
94.75.211.74 - - [26/Dec/2018:09:24:11 +0000] "GET / HTTP/1.1" 500 262 "-" "Pingdom.com_bot_version_1.4_(http://www.pingdom.com/)"
192.0.102.40 - - [26/Dec/2018:09:24:33 +0000] "HEAD / HTTP/1.1" 500 0 "-" "jetmon/1.0 (Jetpack Site Uptime Monitor by WordPress.com)"
89.163.242.206 - - [26/Dec/2018:09:29:11 +0000] "GET / HTTP/1.1" 301 185 "-" "Pingdom.com_bot_version_1.4_(http://www.pingdom.com/)"
89.163.242.206 - - [26/Dec/2018:09:29:11 +0000] "GET / HTTP/1.1" 500 262 "-" "Pingdom.com_bot_version_1.4_(http://www.pingdom.com/)"
192.0.102.40 - - [26/Dec/2018:09:30:44 +0000] "HEAD / HTTP/1.1" 500 0 "-" "jetmon/1.0 (Jetpack Site Uptime Monitor by WordPress.com)"
169.51.80.85 - - [26/Dec/2018:09:34:11 +0000] "GET / HTTP/1.1" 301 185 "-" "Pingdom.com_bot_version_1.4_(http://www.pingdom.com/)"
169.51.80.85 - - [26/Dec/2018:09:34:11 +0000] "GET / HTTP/1.1" 500 262 "-" "Pingdom.com_bot_version_1.4_(http://www.pingdom.com/)"
192.0.102.40 - - [26/Dec/2018:09:36:52 +0000] "HEAD / HTTP/1.1" 500 0 "-" "jetmon/1.0 (Jetpack Site Uptime Monitor by WordPress.com)"
41.78.27.215 - - [26/Dec/2018:09:37:47 +0000] "GET /wp-content/plugins/css-ready-sele/file.php HTTP/1.1" 301 185 "http://site.ru" "Mozilla/5.0 (Windows; U; Windows NT 5.1; en-US) AppleWebKit/533.4 (KHTML, like Gecko) Chrome/5.0.375.99 Safari/533.4"
41.78.27.215 - - [26/Dec/2018:09:37:47 +0000] "GET /wp-content/plugins/css-ready-sele/file.php HTTP/1.1" 301 185 "http://site.ru" "Mozilla/5.0 (Windows; U; Windows NT 5.1; en-US) AppleWebKit/533.4 (KHTML, like Gecko) Chrome/5.0.375.99 Safari/533.4"
41.78.27.215 - - [26/Dec/2018:09:37:47 +0000] "GET /wp-content/plugins/css-ready-sele/file.php HTTP/1.1" 404 571 "http://site.ru" "Mozilla/5.0 (Windows; U; Windows NT 5.1; en-US) AppleWebKit/533.4 (KHTML, like Gecko) Chrome/5.0.375.99 Safari/533.4"
41.78.27.215 - - [26/Dec/2018:09:37:48 +0000] "GET /wp-content/plugins/css-ready-sele/file.php HTTP/1.1" 404 571 "http://site.ru" "Mozilla/5.0 (Windows; U; Windows NT 5.1; en-US) AppleWebKit/533.4 (KHTML, like Gecko) Chrome/5.0.375.99 Safari/533.4"
41.78.27.215 - - [26/Dec/2018:09:37:50 +0000] "GET /wp-content/plugins/css-ready-sele/file.php HTTP/1.1" 301 185 "http://site.ru" "Mozilla/5.0 (Windows; U; Windows NT 5.1; en-US) AppleWebKit/533.4 (KHTML, like Gecko) Chrome/5.0.375.99 Safari/533.4"
41.78.27.215 - - [26/Dec/2018:09:37:51 +0000] "GET /wp-content/plugins/css-ready-sele/file.php HTTP/1.1" 404 571 "http://site.ru" "Mozilla/5.0 (Windows; U; Windows NT 5.1; en-US) AppleWebKit/533.4 (KHTML, like Gecko) Chrome/5.0.375.99 Safari/533.4"
184.75.214.66 - - [26/Dec/2018:09:39:11 +0000] "GET / HTTP/1.1" 301 185 "-" "Pingdom.com_bot_version_1.4_(http://www.pingdom.com/)"
184.75.214.66 - - [26/Dec/2018:09:39:11 +0000] "GET / HTTP/1.1" 500 262 "-" "Pingdom.com_bot_version_1.4_(http://www.pingdom.com/)"
50.23.28.35 - - [26/Dec/2018:09:44:11 +0000] "GET / HTTP/1.1" 301 185 "-" "Pingdom.com_bot_version_1.4_(http://www.pingdom.com/)"
50.23.28.35 - - [26/Dec/2018:09:44:11 +0000] "GET / HTTP/1.1" 500 262 "-" "Pingdom.com_bot_version_1.4_(http://www.pingdom.com/)"
192.0.102.40 - - [26/Dec/2018:09:45:07 +0000] "HEAD / HTTP/1.1" 500 0 "-" "jetmon/1.0 (Jetpack Site Uptime Monitor by WordPress.com)"
209.58.139.194 - - [26/Dec/2018:09:49:11 +0000] "GET / HTTP/1.1" 301 185 "-" "Pingdom.com_bot_version_1.4_(http://www.pingdom.com/)"
209.58.139.194 - - [26/Dec/2018:09:49:11 +0000] "GET / HTTP/1.1" 500 262 "-" "Pingdom.com_bot_version_1.4_(http://www.pingdom.com/)"
192.0.102.40 - - [26/Dec/2018:09:50:46 +0000] "HEAD / HTTP/1.1" 500 0 "-" "jetmon/1.0 (Jetpack Site Uptime Monitor by WordPress.com)"
64.237.49.203 - - [26/Dec/2018:09:54:11 +0000] "GET / HTTP/1.1" 301 185 "-" "Pingdom.com_bot_version_1.4_(http://www.pingdom.com/)"
64.237.49.203 - - [26/Dec/2018:09:54:11 +0000] "GET / HTTP/1.1" 500 262 "-" "Pingdom.com_bot_version_1.4_(http://www.pingdom.com/)"
