62.232.85.85 - - [24/Dec/2018:12:54:01 +0000] "GET / HTTP/1.1" 500 5 "-" "Mozilla/5.0 (Windows NT 10.0; Win64; x64; rv:65.0) Gecko/20100101 Firefox/65.0"
62.232.85.85 - - [24/Dec/2018:12:54:01 +0000] "GET /favicon.ico HTTP/1.1" 404 143 "-" "Mozilla/5.0 (Windows NT 10.0; Win64; x64; rv:65.0) Gecko/20100101 Firefox/65.0"
62.232.85.85 - - [24/Dec/2018:12:54:03 +0000] "GET / HTTP/1.1" 500 5 "-" "Mozilla/5.0 (Windows NT 10.0; Win64; x64; rv:65.0) Gecko/20100101 Firefox/65.0"
64.237.49.203 - - [24/Dec/2018:12:54:11 +0000] "GET / HTTP/1.1" 301 185 "-" "Pingdom.com_bot_version_1.4_(http://www.pingdom.com/)"
64.237.49.203 - - [24/Dec/2018:12:54:11 +0000] "GET / HTTP/1.1" 500 5 "-" "Pingdom.com_bot_version_1.4_(http://www.pingdom.com/)"
192.0.102.40 - - [24/Dec/2018:12:55:04 +0000] "HEAD / HTTP/1.1" 500 0 "-" "jetmon/1.0 (Jetpack Site Uptime Monitor by WordPress.com)"
62.232.85.85 - - [24/Dec/2018:12:57:06 +0000] "GET / HTTP/1.1" 500 262 "-" "Mozilla/5.0 (Windows NT 10.0; Win64; x64; rv:65.0) Gecko/20100101 Firefox/65.0"
62.232.85.85 - - [24/Dec/2018:12:57:07 +0000] "GET / HTTP/1.1" 500 262 "-" "Mozilla/5.0 (Windows NT 10.0; Win64; x64; rv:65.0) Gecko/20100101 Firefox/65.0"
62.232.85.85 - - [24/Dec/2018:12:58:24 +0000] "GET / HTTP/1.1" 500 262 "-" "Mozilla/5.0 (Windows NT 10.0; Win64; x64; rv:65.0) Gecko/20100101 Firefox/65.0"
185.39.146.215 - - [24/Dec/2018:12:59:11 +0000] "GET / HTTP/1.1" 301 185 "-" "Pingdom.com_bot_version_1.4_(http://www.pingdom.com/)"
185.39.146.215 - - [24/Dec/2018:12:59:11 +0000] "GET / HTTP/1.1" 500 262 "-" "Pingdom.com_bot_version_1.4_(http://www.pingdom.com/)"
62.232.85.85 - - [24/Dec/2018:12:59:26 +0000] "GET /wp-admin/ HTTP/1.1" 500 3391 "-" "Mozilla/5.0 (Windows NT 10.0; Win64; x64; rv:65.0) Gecko/20100101 Firefox/65.0"
62.232.85.85 - - [24/Dec/2018:13:00:21 +0000] "GET /wp-admin/maint/repair.php HTTP/1.1" 500 262 "-" "Mozilla/5.0 (Windows NT 10.0; Win64; x64; rv:65.0) Gecko/20100101 Firefox/65.0"
62.232.85.85 - - [24/Dec/2018:13:00:25 +0000] "GET /wp-admin HTTP/1.1" 301 185 "-" "Mozilla/5.0 (Windows NT 10.0; Win64; x64; rv:65.0) Gecko/20100101 Firefox/65.0"
62.232.85.85 - - [24/Dec/2018:13:00:25 +0000] "GET /wp-admin/ HTTP/1.1" 500 3391 "-" "Mozilla/5.0 (Windows NT 10.0; Win64; x64; rv:65.0) Gecko/20100101 Firefox/65.0"
192.0.102.40 - - [24/Dec/2018:13:03:09 +0000] "HEAD / HTTP/1.1" 500 0 "-" "jetmon/1.0 (Jetpack Site Uptime Monitor by WordPress.com)"
96.47.225.18 - - [24/Dec/2018:13:04:11 +0000] "GET / HTTP/1.1" 301 185 "-" "Pingdom.com_bot_version_1.4_(http://www.pingdom.com/)"
96.47.225.18 - - [24/Dec/2018:13:04:11 +0000] "GET / HTTP/1.1" 500 262 "-" "Pingdom.com_bot_version_1.4_(http://www.pingdom.com/)"
192.0.102.40 - - [24/Dec/2018:13:09:05 +0000] "HEAD / HTTP/1.1" 500 0 "-" "jetmon/1.0 (Jetpack Site Uptime Monitor by WordPress.com)"
188.138.40.20 - - [24/Dec/2018:13:09:11 +0000] "GET / HTTP/1.1" 301 185 "-" "Pingdom.com_bot_version_1.4_(http://www.pingdom.com/)"
188.138.40.20 - - [24/Dec/2018:13:09:11 +0000] "GET / HTTP/1.1" 500 262 "-" "Pingdom.com_bot_version_1.4_(http://www.pingdom.com/)"
94.75.211.74 - - [24/Dec/2018:13:14:11 +0000] "GET / HTTP/1.1" 301 185 "-" "Pingdom.com_bot_version_1.4_(http://www.pingdom.com/)"
94.75.211.74 - - [24/Dec/2018:13:14:11 +0000] "GET / HTTP/1.1" 500 262 "-" "Pingdom.com_bot_version_1.4_(http://www.pingdom.com/)"
192.0.102.40 - - [24/Dec/2018:13:16:44 +0000] "HEAD / HTTP/1.1" 500 0 "-" "jetmon/1.0 (Jetpack Site Uptime Monitor by WordPress.com)"
89.163.242.206 - - [24/Dec/2018:13:19:11 +0000] "GET / HTTP/1.1" 301 185 "-" "Pingdom.com_bot_version_1.4_(http://www.pingdom.com/)"
89.163.242.206 - - [24/Dec/2018:13:19:11 +0000] "GET / HTTP/1.1" 500 262 "-" "Pingdom.com_bot_version_1.4_(http://www.pingdom.com/)"
192.0.102.40 - - [24/Dec/2018:13:21:42 +0000] "HEAD / HTTP/1.1" 500 0 "-" "jetmon/1.0 (Jetpack Site Uptime Monitor by WordPress.com)"
169.51.80.85 - - [24/Dec/2018:13:24:11 +0000] "GET / HTTP/1.1" 301 185 "-" "Pingdom.com_bot_version_1.4_(http://www.pingdom.com/)"
169.51.80.85 - - [24/Dec/2018:13:24:11 +0000] "GET / HTTP/1.1" 500 262 "-" "Pingdom.com_bot_version_1.4_(http://www.pingdom.com/)"
184.75.214.66 - - [24/Dec/2018:13:29:11 +0000] "GET / HTTP/1.1" 301 185 "-" "Pingdom.com_bot_version_1.4_(http://www.pingdom.com/)"
184.75.214.66 - - [24/Dec/2018:13:29:11 +0000] "GET / HTTP/1.1" 500 262 "-" "Pingdom.com_bot_version_1.4_(http://www.pingdom.com/)"
192.0.102.40 - - [24/Dec/2018:13:29:36 +0000] "HEAD / HTTP/1.1" 500 0 "-" "jetmon/1.0 (Jetpack Site Uptime Monitor by WordPress.com)"
50.23.28.35 - - [24/Dec/2018:13:34:11 +0000] "GET / HTTP/1.1" 301 185 "-" "Pingdom.com_bot_version_1.4_(http://www.pingdom.com/)"
50.23.28.35 - - [24/Dec/2018:13:34:11 +0000] "GET / HTTP/1.1" 500 262 "-" "Pingdom.com_bot_version_1.4_(http://www.pingdom.com/)"
192.0.102.40 - - [24/Dec/2018:13:35:23 +0000] "HEAD / HTTP/1.1" 500 0 "-" "jetmon/1.0 (Jetpack Site Uptime Monitor by WordPress.com)"
209.58.139.194 - - [24/Dec/2018:13:39:11 +0000] "GET / HTTP/1.1" 301 185 "-" "Pingdom.com_bot_version_1.4_(http://www.pingdom.com/)"
209.58.139.194 - - [24/Dec/2018:13:39:11 +0000] "GET / HTTP/1.1" 500 262 "-" "Pingdom.com_bot_version_1.4_(http://www.pingdom.com/)"
192.0.102.40 - - [24/Dec/2018:13:41:54 +0000] "HEAD / HTTP/1.1" 500 0 "-" "jetmon/1.0 (Jetpack Site Uptime Monitor by WordPress.com)"
64.237.49.203 - - [24/Dec/2018:13:44:11 +0000] "GET / HTTP/1.1" 301 185 "-" "Pingdom.com_bot_version_1.4_(http://www.pingdom.com/)"
64.237.49.203 - - [24/Dec/2018:13:44:11 +0000] "GET / HTTP/1.1" 500 262 "-" "Pingdom.com_bot_version_1.4_(http://www.pingdom.com/)"
192.0.102.40 - - [24/Dec/2018:13:47:51 +0000] "HEAD / HTTP/1.1" 500 0 "-" "jetmon/1.0 (Jetpack Site Uptime Monitor by WordPress.com)"
185.39.146.215 - - [24/Dec/2018:13:49:11 +0000] "GET / HTTP/1.1" 301 185 "-" "Pingdom.com_bot_version_1.4_(http://www.pingdom.com/)"
185.39.146.215 - - [24/Dec/2018:13:49:11 +0000] "GET / HTTP/1.1" 500 262 "-" "Pingdom.com_bot_version_1.4_(http://www.pingdom.com/)"
96.47.225.18 - - [24/Dec/2018:13:54:11 +0000] "GET / HTTP/1.1" 301 185 "-" "Pingdom.com_bot_version_1.4_(http://www.pingdom.com/)"
96.47.225.18 - - [24/Dec/2018:13:54:11 +0000] "GET / HTTP/1.1" 500 262 "-" "Pingdom.com_bot_version_1.4_(http://www.pingdom.com/)"
192.0.102.40 - - [24/Dec/2018:13:55:51 +0000] "HEAD / HTTP/1.1" 500 0 "-" "jetmon/1.0 (Jetpack Site Uptime Monitor by WordPress.com)"
188.138.40.20 - - [24/Dec/2018:13:59:11 +0000] "GET / HTTP/1.1" 301 185 "-" "Pingdom.com_bot_version_1.4_(http://www.pingdom.com/)"
188.138.40.20 - - [24/Dec/2018:13:59:11 +0000] "GET / HTTP/1.1" 500 262 "-" "Pingdom.com_bot_version_1.4_(http://www.pingdom.com/)"
192.0.102.40 - - [24/Dec/2018:14:01:43 +0000] "HEAD / HTTP/1.1" 500 0 "-" "jetmon/1.0 (Jetpack Site Uptime Monitor by WordPress.com)"
94.75.211.74 - - [24/Dec/2018:14:04:11 +0000] "GET / HTTP/1.1" 301 185 "-" "Pingdom.com_bot_version_1.4_(http://www.pingdom.com/)"
94.75.211.74 - - [24/Dec/2018:14:04:11 +0000] "GET / HTTP/1.1" 500 262 "-" "Pingdom.com_bot_version_1.4_(http://www.pingdom.com/)"
42.236.99.65 - - [24/Dec/2018:14:07:03 +0000] "GET / HTTP/1.1" 301 185 "http://kendal-ki-aikido.org.uk/" "Mozilla/5.0 (Windows NT 6.1; WOW64) AppleWebKit/537.36 (KHTML, like Gecko) Chrome/50.0.2661.102 Safari/537.36; 360Spider"
42.236.99.65 - - [24/Dec/2018:14:07:04 +0000] "GET / HTTP/1.1" 500 262 "https://kendal-ki-aikido.org.uk/" "Mozilla/5.0 (Windows NT 6.1; WOW64) AppleWebKit/537.36 (KHTML, like Gecko) Chrome/50.0.2661.102 Safari/537.36; 360Spider"
192.0.102.40 - - [24/Dec/2018:14:08:34 +0000] "HEAD / HTTP/1.1" 500 0 "-" "jetmon/1.0 (Jetpack Site Uptime Monitor by WordPress.com)"
42.236.55.41 - - [24/Dec/2018:14:09:08 +0000] "GET / HTTP/1.1" 301 185 "http://www.kendal-ki-aikido.org.uk/" "Mozilla/5.0 (Windows NT 6.1; WOW64) AppleWebKit/537.36 (KHTML, like Gecko) Chrome/50.0.2661.102 Safari/537.36; 360Spider"
89.163.242.206 - - [24/Dec/2018:14:09:11 +0000] "GET / HTTP/1.1" 301 185 "-" "Pingdom.com_bot_version_1.4_(http://www.pingdom.com/)"
89.163.242.206 - - [24/Dec/2018:14:09:11 +0000] "GET / HTTP/1.1" 500 262 "-" "Pingdom.com_bot_version_1.4_(http://www.pingdom.com/)"
42.236.55.41 - - [24/Dec/2018:14:09:11 +0000] "GET / HTTP/1.1" 500 262 "https://www.kendal-ki-aikido.org.uk/" "Mozilla/5.0 (Windows NT 6.1; WOW64) AppleWebKit/537.36 (KHTML, like Gecko) Chrome/50.0.2661.102 Safari/537.36; 360Spider"
42.236.102.3 - - [24/Dec/2018:14:09:14 +0000] "GET / HTTP/1.1" 500 262 "https://kendal-ki-aikido.org.uk/" "Mozilla/5.0 (Windows NT 6.1; WOW64) AppleWebKit/537.36 (KHTML, like Gecko) Chrome/50.0.2661.102 Safari/537.36; 360Spider"
169.51.80.85 - - [24/Dec/2018:14:14:11 +0000] "GET / HTTP/1.1" 301 185 "-" "Pingdom.com_bot_version_1.4_(http://www.pingdom.com/)"
169.51.80.85 - - [24/Dec/2018:14:14:11 +0000] "GET / HTTP/1.1" 500 262 "-" "Pingdom.com_bot_version_1.4_(http://www.pingdom.com/)"
192.0.102.40 - - [24/Dec/2018:14:14:21 +0000] "HEAD / HTTP/1.1" 500 0 "-" "jetmon/1.0 (Jetpack Site Uptime Monitor by WordPress.com)"
184.75.214.66 - - [24/Dec/2018:14:19:11 +0000] "GET / HTTP/1.1" 301 185 "-" "Pingdom.com_bot_version_1.4_(http://www.pingdom.com/)"
184.75.214.66 - - [24/Dec/2018:14:19:11 +0000] "GET / HTTP/1.1" 500 262 "-" "Pingdom.com_bot_version_1.4_(http://www.pingdom.com/)"
192.0.102.40 - - [24/Dec/2018:14:22:12 +0000] "HEAD / HTTP/1.1" 500 0 "-" "jetmon/1.0 (Jetpack Site Uptime Monitor by WordPress.com)"
50.23.28.35 - - [24/Dec/2018:14:24:11 +0000] "GET / HTTP/1.1" 301 185 "-" "Pingdom.com_bot_version_1.4_(http://www.pingdom.com/)"
50.23.28.35 - - [24/Dec/2018:14:24:11 +0000] "GET / HTTP/1.1" 500 262 "-" "Pingdom.com_bot_version_1.4_(http://www.pingdom.com/)"
192.0.102.40 - - [24/Dec/2018:14:28:15 +0000] "HEAD / HTTP/1.1" 500 0 "-" "jetmon/1.0 (Jetpack Site Uptime Monitor by WordPress.com)"
209.58.139.194 - - [24/Dec/2018:14:29:11 +0000] "GET / HTTP/1.1" 301 185 "-" "Pingdom.com_bot_version_1.4_(http://www.pingdom.com/)"
209.58.139.194 - - [24/Dec/2018:14:29:12 +0000] "GET / HTTP/1.1" 500 262 "-" "Pingdom.com_bot_version_1.4_(http://www.pingdom.com/)"
64.237.49.203 - - [24/Dec/2018:14:34:11 +0000] "GET / HTTP/1.1" 301 185 "-" "Pingdom.com_bot_version_1.4_(http://www.pingdom.com/)"
64.237.49.203 - - [24/Dec/2018:14:34:11 +0000] "GET / HTTP/1.1" 500 262 "-" "Pingdom.com_bot_version_1.4_(http://www.pingdom.com/)"
192.0.102.40 - - [24/Dec/2018:14:34:27 +0000] "HEAD / HTTP/1.1" 500 0 "-" "jetmon/1.0 (Jetpack Site Uptime Monitor by WordPress.com)"
185.39.146.215 - - [24/Dec/2018:14:39:11 +0000] "GET / HTTP/1.1" 301 185 "-" "Pingdom.com_bot_version_1.4_(http://www.pingdom.com/)"
185.39.146.215 - - [24/Dec/2018:14:39:11 +0000] "GET / HTTP/1.1" 500 262 "-" "Pingdom.com_bot_version_1.4_(http://www.pingdom.com/)"
192.0.102.40 - - [24/Dec/2018:14:40:55 +0000] "HEAD / HTTP/1.1" 500 0 "-" "jetmon/1.0 (Jetpack Site Uptime Monitor by WordPress.com)"
96.47.225.18 - - [24/Dec/2018:14:44:11 +0000] "GET / HTTP/1.1" 301 185 "-" "Pingdom.com_bot_version_1.4_(http://www.pingdom.com/)"
96.47.225.18 - - [24/Dec/2018:14:44:11 +0000] "GET / HTTP/1.1" 500 262 "-" "Pingdom.com_bot_version_1.4_(http://www.pingdom.com/)"
40.77.167.116 - - [24/Dec/2018:14:45:52 +0000] "GET / HTTP/1.1" 301 185 "-" "Mozilla/5.0 (compatible; bingbot/2.0; +http://www.bing.com/bingbot.htm)"
192.0.102.40 - - [24/Dec/2018:14:48:29 +0000] "HEAD / HTTP/1.1" 500 0 "-" "jetmon/1.0 (Jetpack Site Uptime Monitor by WordPress.com)"
188.138.40.20 - - [24/Dec/2018:14:49:11 +0000] "GET / HTTP/1.1" 301 185 "-" "Pingdom.com_bot_version_1.4_(http://www.pingdom.com/)"
188.138.40.20 - - [24/Dec/2018:14:49:11 +0000] "GET / HTTP/1.1" 500 262 "-" "Pingdom.com_bot_version_1.4_(http://www.pingdom.com/)"
94.75.211.74 - - [24/Dec/2018:14:54:11 +0000] "GET / HTTP/1.1" 301 185 "-" "Pingdom.com_bot_version_1.4_(http://www.pingdom.com/)"
94.75.211.74 - - [24/Dec/2018:14:54:11 +0000] "GET / HTTP/1.1" 500 262 "-" "Pingdom.com_bot_version_1.4_(http://www.pingdom.com/)"
192.0.102.40 - - [24/Dec/2018:14:54:22 +0000] "HEAD / HTTP/1.1" 500 0 "-" "jetmon/1.0 (Jetpack Site Uptime Monitor by WordPress.com)"
69.12.66.196 - - [24/Dec/2018:14:56:21 +0000] "GET /wp-config.php~ HTTP/1.1" 301 185 "http://www.kendal-ki-aikido.org.uk/wp-config.php~" "Mozilla/5.0 (Windows NT 6.1; WOW64) AppleWebKit/537.36 (KHTML, like Gecko) Chrome/42.0.2311.152 Safari/537.36"
69.12.66.196 - - [24/Dec/2018:14:56:22 +0000] "GET /wp-config.php~ HTTP/1.1" 500 262 "http://www.kendal-ki-aikido.org.uk/wp-config.php~" "Mozilla/5.0 (Windows NT 6.1; WOW64) AppleWebKit/537.36 (KHTML, like Gecko) Chrome/42.0.2311.152 Safari/537.36"
89.163.242.206 - - [24/Dec/2018:14:59:11 +0000] "GET / HTTP/1.1" 301 185 "-" "Pingdom.com_bot_version_1.4_(http://www.pingdom.com/)"
89.163.242.206 - - [24/Dec/2018:14:59:11 +0000] "GET / HTTP/1.1" 500 262 "-" "Pingdom.com_bot_version_1.4_(http://www.pingdom.com/)"
192.0.102.40 - - [24/Dec/2018:15:00:29 +0000] "HEAD / HTTP/1.1" 500 0 "-" "jetmon/1.0 (Jetpack Site Uptime Monitor by WordPress.com)"
169.51.80.85 - - [24/Dec/2018:15:04:11 +0000] "GET / HTTP/1.1" 301 185 "-" "Pingdom.com_bot_version_1.4_(http://www.pingdom.com/)"
169.51.80.85 - - [24/Dec/2018:15:04:11 +0000] "GET / HTTP/1.1" 500 262 "-" "Pingdom.com_bot_version_1.4_(http://www.pingdom.com/)"
192.0.102.40 - - [24/Dec/2018:15:06:32 +0000] "HEAD / HTTP/1.1" 500 0 "-" "jetmon/1.0 (Jetpack Site Uptime Monitor by WordPress.com)"
184.75.214.66 - - [24/Dec/2018:15:09:11 +0000] "GET / HTTP/1.1" 301 185 "-" "Pingdom.com_bot_version_1.4_(http://www.pingdom.com/)"
184.75.214.66 - - [24/Dec/2018:15:09:11 +0000] "GET / HTTP/1.1" 500 262 "-" "Pingdom.com_bot_version_1.4_(http://www.pingdom.com/)"
50.23.28.35 - - [24/Dec/2018:15:14:11 +0000] "GET / HTTP/1.1" 301 185 "-" "Pingdom.com_bot_version_1.4_(http://www.pingdom.com/)"
50.23.28.35 - - [24/Dec/2018:15:14:11 +0000] "GET / HTTP/1.1" 500 262 "-" "Pingdom.com_bot_version_1.4_(http://www.pingdom.com/)"
192.0.102.40 - - [24/Dec/2018:15:14:57 +0000] "HEAD / HTTP/1.1" 500 0 "-" "jetmon/1.0 (Jetpack Site Uptime Monitor by WordPress.com)"
209.58.139.194 - - [24/Dec/2018:15:19:11 +0000] "GET / HTTP/1.1" 301 185 "-" "Pingdom.com_bot_version_1.4_(http://www.pingdom.com/)"
209.58.139.194 - - [24/Dec/2018:15:19:12 +0000] "GET / HTTP/1.1" 500 262 "-" "Pingdom.com_bot_version_1.4_(http://www.pingdom.com/)"
192.0.102.40 - - [24/Dec/2018:15:20:30 +0000] "HEAD / HTTP/1.1" 500 0 "-" "jetmon/1.0 (Jetpack Site Uptime Monitor by WordPress.com)"
64.237.49.203 - - [24/Dec/2018:15:24:11 +0000] "GET / HTTP/1.1" 301 185 "-" "Pingdom.com_bot_version_1.4_(http://www.pingdom.com/)"
64.237.49.203 - - [24/Dec/2018:15:24:11 +0000] "GET / HTTP/1.1" 500 262 "-" "Pingdom.com_bot_version_1.4_(http://www.pingdom.com/)"
192.0.102.40 - - [24/Dec/2018:15:26:46 +0000] "HEAD / HTTP/1.1" 500 0 "-" "jetmon/1.0 (Jetpack Site Uptime Monitor by WordPress.com)"
185.39.146.215 - - [24/Dec/2018:15:29:11 +0000] "GET / HTTP/1.1" 301 185 "-" "Pingdom.com_bot_version_1.4_(http://www.pingdom.com/)"
185.39.146.215 - - [24/Dec/2018:15:29:11 +0000] "GET / HTTP/1.1" 500 262 "-" "Pingdom.com_bot_version_1.4_(http://www.pingdom.com/)"
192.0.102.40 - - [24/Dec/2018:15:34:10 +0000] "HEAD / HTTP/1.1" 500 0 "-" "jetmon/1.0 (Jetpack Site Uptime Monitor by WordPress.com)"
96.47.225.18 - - [24/Dec/2018:15:34:11 +0000] "GET / HTTP/1.1" 301 185 "-" "Pingdom.com_bot_version_1.4_(http://www.pingdom.com/)"
96.47.225.18 - - [24/Dec/2018:15:34:11 +0000] "GET / HTTP/1.1" 500 262 "-" "Pingdom.com_bot_version_1.4_(http://www.pingdom.com/)"
188.138.40.20 - - [24/Dec/2018:15:39:11 +0000] "GET / HTTP/1.1" 301 185 "-" "Pingdom.com_bot_version_1.4_(http://www.pingdom.com/)"
188.138.40.20 - - [24/Dec/2018:15:39:11 +0000] "GET / HTTP/1.1" 500 262 "-" "Pingdom.com_bot_version_1.4_(http://www.pingdom.com/)"
192.0.102.40 - - [24/Dec/2018:15:40:56 +0000] "HEAD / HTTP/1.1" 500 0 "-" "jetmon/1.0 (Jetpack Site Uptime Monitor by WordPress.com)"
94.75.211.74 - - [24/Dec/2018:15:44:11 +0000] "GET / HTTP/1.1" 301 185 "-" "Pingdom.com_bot_version_1.4_(http://www.pingdom.com/)"
94.75.211.74 - - [24/Dec/2018:15:44:11 +0000] "GET / HTTP/1.1" 500 262 "-" "Pingdom.com_bot_version_1.4_(http://www.pingdom.com/)"
192.0.102.40 - - [24/Dec/2018:15:46:44 +0000] "HEAD / HTTP/1.1" 500 0 "-" "jetmon/1.0 (Jetpack Site Uptime Monitor by WordPress.com)"
89.163.242.206 - - [24/Dec/2018:15:49:11 +0000] "GET / HTTP/1.1" 301 185 "-" "Pingdom.com_bot_version_1.4_(http://www.pingdom.com/)"
89.163.242.206 - - [24/Dec/2018:15:49:11 +0000] "GET / HTTP/1.1" 500 262 "-" "Pingdom.com_bot_version_1.4_(http://www.pingdom.com/)"
192.0.102.40 - - [24/Dec/2018:15:53:05 +0000] "HEAD / HTTP/1.1" 500 0 "-" "jetmon/1.0 (Jetpack Site Uptime Monitor by WordPress.com)"
169.51.80.85 - - [24/Dec/2018:15:54:11 +0000] "GET / HTTP/1.1" 301 185 "-" "Pingdom.com_bot_version_1.4_(http://www.pingdom.com/)"
169.51.80.85 - - [24/Dec/2018:15:54:11 +0000] "GET / HTTP/1.1" 500 262 "-" "Pingdom.com_bot_version_1.4_(http://www.pingdom.com/)"
184.75.214.66 - - [24/Dec/2018:15:59:11 +0000] "GET / HTTP/1.1" 301 185 "-" "Pingdom.com_bot_version_1.4_(http://www.pingdom.com/)"
184.75.214.66 - - [24/Dec/2018:15:59:11 +0000] "GET / HTTP/1.1" 500 262 "-" "Pingdom.com_bot_version_1.4_(http://www.pingdom.com/)"
192.0.102.40 - - [24/Dec/2018:15:59:58 +0000] "HEAD / HTTP/1.1" 500 0 "-" "jetmon/1.0 (Jetpack Site Uptime Monitor by WordPress.com)"
50.23.28.35 - - [24/Dec/2018:16:04:11 +0000] "GET / HTTP/1.1" 301 185 "-" "Pingdom.com_bot_version_1.4_(http://www.pingdom.com/)"
50.23.28.35 - - [24/Dec/2018:16:04:11 +0000] "GET / HTTP/1.1" 500 262 "-" "Pingdom.com_bot_version_1.4_(http://www.pingdom.com/)"
192.0.102.40 - - [24/Dec/2018:16:07:15 +0000] "HEAD / HTTP/1.1" 500 0 "-" "jetmon/1.0 (Jetpack Site Uptime Monitor by WordPress.com)"
209.58.139.194 - - [24/Dec/2018:16:09:11 +0000] "GET / HTTP/1.1" 301 185 "-" "Pingdom.com_bot_version_1.4_(http://www.pingdom.com/)"
209.58.139.194 - - [24/Dec/2018:16:09:12 +0000] "GET / HTTP/1.1" 500 262 "-" "Pingdom.com_bot_version_1.4_(http://www.pingdom.com/)"
192.0.102.40 - - [24/Dec/2018:16:13:19 +0000] "HEAD / HTTP/1.1" 500 0 "-" "jetmon/1.0 (Jetpack Site Uptime Monitor by WordPress.com)"
64.237.49.203 - - [24/Dec/2018:16:14:11 +0000] "GET / HTTP/1.1" 301 185 "-" "Pingdom.com_bot_version_1.4_(http://www.pingdom.com/)"
64.237.49.203 - - [24/Dec/2018:16:14:11 +0000] "GET / HTTP/1.1" 500 262 "-" "Pingdom.com_bot_version_1.4_(http://www.pingdom.com/)"
66.249.66.91 - - [24/Dec/2018:16:16:36 +0000] "GET /robots.txt HTTP/1.1" 500 262 "-" "Mozilla/5.0 (compatible; Googlebot/2.1; +http://www.google.com/bot.html)"
185.39.146.215 - - [24/Dec/2018:16:19:11 +0000] "GET / HTTP/1.1" 301 185 "-" "Pingdom.com_bot_version_1.4_(http://www.pingdom.com/)"
185.39.146.215 - - [24/Dec/2018:16:19:11 +0000] "GET / HTTP/1.1" 500 262 "-" "Pingdom.com_bot_version_1.4_(http://www.pingdom.com/)"
192.0.102.40 - - [24/Dec/2018:16:19:27 +0000] "HEAD / HTTP/1.1" 500 0 "-" "jetmon/1.0 (Jetpack Site Uptime Monitor by WordPress.com)"
96.47.225.18 - - [24/Dec/2018:16:24:11 +0000] "GET / HTTP/1.1" 301 185 "-" "Pingdom.com_bot_version_1.4_(http://www.pingdom.com/)"
96.47.225.18 - - [24/Dec/2018:16:24:11 +0000] "GET / HTTP/1.1" 500 262 "-" "Pingdom.com_bot_version_1.4_(http://www.pingdom.com/)"
192.0.102.40 - - [24/Dec/2018:16:26:00 +0000] "HEAD / HTTP/1.1" 500 0 "-" "jetmon/1.0 (Jetpack Site Uptime Monitor by WordPress.com)"
188.138.40.20 - - [24/Dec/2018:16:29:11 +0000] "GET / HTTP/1.1" 301 185 "-" "Pingdom.com_bot_version_1.4_(http://www.pingdom.com/)"
188.138.40.20 - - [24/Dec/2018:16:29:11 +0000] "GET / HTTP/1.1" 500 262 "-" "Pingdom.com_bot_version_1.4_(http://www.pingdom.com/)"
192.0.102.40 - - [24/Dec/2018:16:33:47 +0000] "HEAD / HTTP/1.1" 500 0 "-" "jetmon/1.0 (Jetpack Site Uptime Monitor by WordPress.com)"
94.75.211.74 - - [24/Dec/2018:16:34:11 +0000] "GET / HTTP/1.1" 301 185 "-" "Pingdom.com_bot_version_1.4_(http://www.pingdom.com/)"
94.75.211.74 - - [24/Dec/2018:16:34:11 +0000] "GET / HTTP/1.1" 500 262 "-" "Pingdom.com_bot_version_1.4_(http://www.pingdom.com/)"
89.163.242.206 - - [24/Dec/2018:16:39:11 +0000] "GET / HTTP/1.1" 301 185 "-" "Pingdom.com_bot_version_1.4_(http://www.pingdom.com/)"
89.163.242.206 - - [24/Dec/2018:16:39:11 +0000] "GET / HTTP/1.1" 500 262 "-" "Pingdom.com_bot_version_1.4_(http://www.pingdom.com/)"
192.0.102.40 - - [24/Dec/2018:16:39:24 +0000] "HEAD / HTTP/1.1" 500 0 "-" "jetmon/1.0 (Jetpack Site Uptime Monitor by WordPress.com)"
169.51.80.85 - - [24/Dec/2018:16:44:11 +0000] "GET / HTTP/1.1" 301 185 "-" "Pingdom.com_bot_version_1.4_(http://www.pingdom.com/)"
169.51.80.85 - - [24/Dec/2018:16:44:11 +0000] "GET / HTTP/1.1" 500 262 "-" "Pingdom.com_bot_version_1.4_(http://www.pingdom.com/)"
192.0.102.40 - - [24/Dec/2018:16:45:30 +0000] "HEAD / HTTP/1.1" 500 0 "-" "jetmon/1.0 (Jetpack Site Uptime Monitor by WordPress.com)"
184.75.214.66 - - [24/Dec/2018:16:49:11 +0000] "GET / HTTP/1.1" 301 185 "-" "Pingdom.com_bot_version_1.4_(http://www.pingdom.com/)"
184.75.214.66 - - [24/Dec/2018:16:49:11 +0000] "GET / HTTP/1.1" 500 262 "-" "Pingdom.com_bot_version_1.4_(http://www.pingdom.com/)"
192.0.102.40 - - [24/Dec/2018:16:51:48 +0000] "HEAD / HTTP/1.1" 500 0 "-" "jetmon/1.0 (Jetpack Site Uptime Monitor by WordPress.com)"
50.23.28.35 - - [24/Dec/2018:16:54:11 +0000] "GET / HTTP/1.1" 301 185 "-" "Pingdom.com_bot_version_1.4_(http://www.pingdom.com/)"
50.23.28.35 - - [24/Dec/2018:16:54:11 +0000] "GET / HTTP/1.1" 500 262 "-" "Pingdom.com_bot_version_1.4_(http://www.pingdom.com/)"
23.101.169.3 - - [24/Dec/2018:16:57:46 +0000] "GET / HTTP/1.1" 500 262 "http://www.bing.com/search?q=contact+KSMBDA&form=MSNH14&sc=8-4&sp=-1&qs=n&sk=" "Mozilla/5.0 (compatible; MSIE 9.0; Windows NT 6.1; Trident/5.0;  Trident/5.0)"
23.101.169.3 - - [24/Dec/2018:16:58:03 +0000] "GET / HTTP/1.1" 500 262 "http://www.bing.com/search?q=contact+KSMBDA&form=MSNH14&sc=8-4&sp=-1&qs=n&sk=" "Mozilla/5.0 (compatible; MSIE 9.0; Windows NT 6.0; Trident/5.0;  Trident/5.0)"
209.58.139.194 - - [24/Dec/2018:16:59:11 +0000] "GET / HTTP/1.1" 301 185 "-" "Pingdom.com_bot_version_1.4_(http://www.pingdom.com/)"
209.58.139.194 - - [24/Dec/2018:16:59:11 +0000] "GET / HTTP/1.1" 500 262 "-" "Pingdom.com_bot_version_1.4_(http://www.pingdom.com/)"
192.0.102.40 - - [24/Dec/2018:16:59:49 +0000] "HEAD / HTTP/1.1" 500 0 "-" "jetmon/1.0 (Jetpack Site Uptime Monitor by WordPress.com)"
64.237.49.203 - - [24/Dec/2018:17:04:11 +0000] "GET / HTTP/1.1" 301 185 "-" "Pingdom.com_bot_version_1.4_(http://www.pingdom.com/)"
64.237.49.203 - - [24/Dec/2018:17:04:11 +0000] "GET / HTTP/1.1" 500 262 "-" "Pingdom.com_bot_version_1.4_(http://www.pingdom.com/)"
192.0.102.40 - - [24/Dec/2018:17:06:00 +0000] "HEAD / HTTP/1.1" 500 0 "-" "jetmon/1.0 (Jetpack Site Uptime Monitor by WordPress.com)"
185.39.146.215 - - [24/Dec/2018:17:09:11 +0000] "GET / HTTP/1.1" 301 185 "-" "Pingdom.com_bot_version_1.4_(http://www.pingdom.com/)"
185.39.146.215 - - [24/Dec/2018:17:09:11 +0000] "GET / HTTP/1.1" 500 262 "-" "Pingdom.com_bot_version_1.4_(http://www.pingdom.com/)"
192.0.102.40 - - [24/Dec/2018:17:12:10 +0000] "HEAD / HTTP/1.1" 500 0 "-" "jetmon/1.0 (Jetpack Site Uptime Monitor by WordPress.com)"
96.47.225.18 - - [24/Dec/2018:17:14:11 +0000] "GET / HTTP/1.1" 301 185 "-" "Pingdom.com_bot_version_1.4_(http://www.pingdom.com/)"
96.47.225.18 - - [24/Dec/2018:17:14:11 +0000] "GET / HTTP/1.1" 500 262 "-" "Pingdom.com_bot_version_1.4_(http://www.pingdom.com/)"
192.0.102.40 - - [24/Dec/2018:17:18:17 +0000] "HEAD / HTTP/1.1" 500 0 "-" "jetmon/1.0 (Jetpack Site Uptime Monitor by WordPress.com)"
188.138.40.20 - - [24/Dec/2018:17:19:11 +0000] "GET / HTTP/1.1" 301 185 "-" "Pingdom.com_bot_version_1.4_(http://www.pingdom.com/)"
188.138.40.20 - - [24/Dec/2018:17:19:11 +0000] "GET / HTTP/1.1" 500 262 "-" "Pingdom.com_bot_version_1.4_(http://www.pingdom.com/)"
94.75.211.74 - - [24/Dec/2018:17:24:11 +0000] "GET / HTTP/1.1" 301 185 "-" "Pingdom.com_bot_version_1.4_(http://www.pingdom.com/)"
94.75.211.74 - - [24/Dec/2018:17:24:11 +0000] "GET / HTTP/1.1" 500 262 "-" "Pingdom.com_bot_version_1.4_(http://www.pingdom.com/)"
192.0.102.40 - - [24/Dec/2018:17:26:20 +0000] "HEAD / HTTP/1.1" 500 0 "-" "jetmon/1.0 (Jetpack Site Uptime Monitor by WordPress.com)"
123.125.71.13 - - [24/Dec/2018:17:26:37 +0000] "GET / HTTP/1.1" 301 185 "-" "Mozilla/5.0 (compatible; Baiduspider/2.0; +http://www.baidu.com/search/spider.html)"
220.181.108.169 - - [24/Dec/2018:17:26:38 +0000] "GET / HTTP/1.1" 500 262 "-" "Mozilla/5.0 (compatible; Baiduspider/2.0; +http://www.baidu.com/search/spider.html)"
89.163.242.206 - - [24/Dec/2018:17:29:11 +0000] "GET / HTTP/1.1" 301 185 "-" "Pingdom.com_bot_version_1.4_(http://www.pingdom.com/)"
89.163.242.206 - - [24/Dec/2018:17:29:11 +0000] "GET / HTTP/1.1" 500 262 "-" "Pingdom.com_bot_version_1.4_(http://www.pingdom.com/)"
192.0.102.40 - - [24/Dec/2018:17:32:08 +0000] "HEAD / HTTP/1.1" 500 0 "-" "jetmon/1.0 (Jetpack Site Uptime Monitor by WordPress.com)"
169.51.80.85 - - [24/Dec/2018:17:34:11 +0000] "GET / HTTP/1.1" 301 185 "-" "Pingdom.com_bot_version_1.4_(http://www.pingdom.com/)"
169.51.80.85 - - [24/Dec/2018:17:34:11 +0000] "GET / HTTP/1.1" 500 262 "-" "Pingdom.com_bot_version_1.4_(http://www.pingdom.com/)"
192.0.102.40 - - [24/Dec/2018:17:38:08 +0000] "HEAD / HTTP/1.1" 500 0 "-" "jetmon/1.0 (Jetpack Site Uptime Monitor by WordPress.com)"
184.75.214.66 - - [24/Dec/2018:17:39:11 +0000] "GET / HTTP/1.1" 301 185 "-" "Pingdom.com_bot_version_1.4_(http://www.pingdom.com/)"
184.75.214.66 - - [24/Dec/2018:17:39:11 +0000] "GET / HTTP/1.1" 500 262 "-" "Pingdom.com_bot_version_1.4_(http://www.pingdom.com/)"
34.227.49.213 - - [24/Dec/2018:17:44:04 +0000] "GET /robots.txt HTTP/1.1" 301 185 "-" "Mozilla/5.0 (compatible; DotBot/1.1; http://www.opensiteexplorer.org/dotbot, help@moz.com)"
34.227.49.213 - - [24/Dec/2018:17:44:06 +0000] "GET /robots.txt HTTP/1.1" 500 262 "-" "Mozilla/5.0 (compatible; DotBot/1.1; http://www.opensiteexplorer.org/dotbot, help@moz.com)"
50.23.28.35 - - [24/Dec/2018:17:44:11 +0000] "GET / HTTP/1.1" 301 185 "-" "Pingdom.com_bot_version_1.4_(http://www.pingdom.com/)"
50.23.28.35 - - [24/Dec/2018:17:44:11 +0000] "GET / HTTP/1.1" 500 262 "-" "Pingdom.com_bot_version_1.4_(http://www.pingdom.com/)"
192.0.102.40 - - [24/Dec/2018:17:45:31 +0000] "HEAD / HTTP/1.1" 500 0 "-" "jetmon/1.0 (Jetpack Site Uptime Monitor by WordPress.com)"
209.58.139.194 - - [24/Dec/2018:17:49:11 +0000] "GET / HTTP/1.1" 301 185 "-" "Pingdom.com_bot_version_1.4_(http://www.pingdom.com/)"
209.58.139.194 - - [24/Dec/2018:17:49:12 +0000] "GET / HTTP/1.1" 500 262 "-" "Pingdom.com_bot_version_1.4_(http://www.pingdom.com/)"
192.0.102.40 - - [24/Dec/2018:17:52:36 +0000] "HEAD / HTTP/1.1" 500 0 "-" "jetmon/1.0 (Jetpack Site Uptime Monitor by WordPress.com)"
64.237.49.203 - - [24/Dec/2018:17:54:11 +0000] "GET / HTTP/1.1" 301 185 "-" "Pingdom.com_bot_version_1.4_(http://www.pingdom.com/)"
64.237.49.203 - - [24/Dec/2018:17:54:11 +0000] "GET / HTTP/1.1" 500 262 "-" "Pingdom.com_bot_version_1.4_(http://www.pingdom.com/)"
192.0.102.40 - - [24/Dec/2018:17:58:22 +0000] "HEAD / HTTP/1.1" 500 0 "-" "jetmon/1.0 (Jetpack Site Uptime Monitor by WordPress.com)"
185.39.146.215 - - [24/Dec/2018:17:59:11 +0000] "GET / HTTP/1.1" 301 185 "-" "Pingdom.com_bot_version_1.4_(http://www.pingdom.com/)"
185.39.146.215 - - [24/Dec/2018:17:59:11 +0000] "GET / HTTP/1.1" 500 262 "-" "Pingdom.com_bot_version_1.4_(http://www.pingdom.com/)"
220.181.51.100 - - [24/Dec/2018:17:59:57 +0000] "GET / HTTP/1.1" 301 185 "-" "Mozilla/5.0 (Windows NT 10.0; WOW64) AppleWebKit/537.36 (KHTML, like Gecko) Chrome/45.0.2454.93 Safari/537.36"
220.181.51.125 - - [24/Dec/2018:17:59:58 +0000] "GET / HTTP/1.1" 500 262 "-" "Mozilla/5.0 (Windows NT 10.0; WOW64) AppleWebKit/537.36 (KHTML, like Gecko) Chrome/45.0.2454.93 Safari/537.36"
96.47.225.18 - - [24/Dec/2018:18:04:11 +0000] "GET / HTTP/1.1" 301 185 "-" "Pingdom.com_bot_version_1.4_(http://www.pingdom.com/)"
96.47.225.18 - - [24/Dec/2018:18:04:11 +0000] "GET / HTTP/1.1" 500 262 "-" "Pingdom.com_bot_version_1.4_(http://www.pingdom.com/)"
192.0.102.40 - - [24/Dec/2018:18:04:36 +0000] "HEAD / HTTP/1.1" 500 0 "-" "jetmon/1.0 (Jetpack Site Uptime Monitor by WordPress.com)"
188.138.40.20 - - [24/Dec/2018:18:09:11 +0000] "GET / HTTP/1.1" 301 185 "-" "Pingdom.com_bot_version_1.4_(http://www.pingdom.com/)"
188.138.40.20 - - [24/Dec/2018:18:09:11 +0000] "GET / HTTP/1.1" 500 262 "-" "Pingdom.com_bot_version_1.4_(http://www.pingdom.com/)"
69.12.66.203 - - [24/Dec/2018:18:09:18 +0000] "GET /wp-config.php~ HTTP/1.1" 500 262 "https://www.kendal-ki-aikido.org.uk/wp-config.php~" "Mozilla/5.0 (Windows NT 6.1; WOW64) AppleWebKit/537.36 (KHTML, like Gecko) Chrome/42.0.2311.152 Safari/537.36"
192.0.102.40 - - [24/Dec/2018:18:10:56 +0000] "HEAD / HTTP/1.1" 500 0 "-" "jetmon/1.0 (Jetpack Site Uptime Monitor by WordPress.com)"
23.101.169.3 - - [24/Dec/2018:18:11:22 +0000] "GET / HTTP/1.1" 500 262 "http://www.bing.com/search?q=contact+KSMBDA&form=MSNH14&sc=8-4&sp=-1&qs=n&sk=" "Mozilla/5.0 (compatible; MSIE 9.0; Windows NT 6.1; Trident/5.0;  Trident/5.0)"
23.101.169.3 - - [24/Dec/2018:18:11:38 +0000] "GET / HTTP/1.1" 500 262 "http://www.bing.com/search?q=contact+KSMBDA&form=MSNH14&sc=8-4&sp=-1&qs=n&sk=" "Mozilla/5.0 (compatible; MSIE 9.0; Windows NT 6.0; Trident/5.0;  Trident/5.0)"
94.75.211.74 - - [24/Dec/2018:18:14:11 +0000] "GET / HTTP/1.1" 301 185 "-" "Pingdom.com_bot_version_1.4_(http://www.pingdom.com/)"
94.75.211.74 - - [24/Dec/2018:18:14:11 +0000] "GET / HTTP/1.1" 500 262 "-" "Pingdom.com_bot_version_1.4_(http://www.pingdom.com/)"
192.0.102.40 - - [24/Dec/2018:18:18:44 +0000] "HEAD / HTTP/1.1" 500 0 "-" "jetmon/1.0 (Jetpack Site Uptime Monitor by WordPress.com)"
89.163.242.206 - - [24/Dec/2018:18:19:11 +0000] "GET / HTTP/1.1" 301 185 "-" "Pingdom.com_bot_version_1.4_(http://www.pingdom.com/)"
89.163.242.206 - - [24/Dec/2018:18:19:11 +0000] "GET / HTTP/1.1" 500 262 "-" "Pingdom.com_bot_version_1.4_(http://www.pingdom.com/)"
169.51.80.85 - - [24/Dec/2018:18:24:11 +0000] "GET / HTTP/1.1" 301 185 "-" "Pingdom.com_bot_version_1.4_(http://www.pingdom.com/)"
169.51.80.85 - - [24/Dec/2018:18:24:11 +0000] "GET / HTTP/1.1" 500 262 "-" "Pingdom.com_bot_version_1.4_(http://www.pingdom.com/)"
192.0.102.40 - - [24/Dec/2018:18:24:30 +0000] "HEAD / HTTP/1.1" 500 0 "-" "jetmon/1.0 (Jetpack Site Uptime Monitor by WordPress.com)"
184.75.214.66 - - [24/Dec/2018:18:29:11 +0000] "GET / HTTP/1.1" 301 185 "-" "Pingdom.com_bot_version_1.4_(http://www.pingdom.com/)"
184.75.214.66 - - [24/Dec/2018:18:29:11 +0000] "GET / HTTP/1.1" 500 262 "-" "Pingdom.com_bot_version_1.4_(http://www.pingdom.com/)"
192.0.102.40 - - [24/Dec/2018:18:30:41 +0000] "HEAD / HTTP/1.1" 500 0 "-" "jetmon/1.0 (Jetpack Site Uptime Monitor by WordPress.com)"
123.125.71.29 - - [24/Dec/2018:18:33:17 +0000] "GET / HTTP/1.1" 301 185 "-" "Mozilla/5.0 (compatible; Baiduspider/2.0; +http://www.baidu.com/search/spider.html)"
220.181.108.163 - - [24/Dec/2018:18:33:18 +0000] "GET / HTTP/1.1" 500 262 "-" "Mozilla/5.0 (compatible; Baiduspider/2.0; +http://www.baidu.com/search/spider.html)"
50.23.28.35 - - [24/Dec/2018:18:34:11 +0000] "GET / HTTP/1.1" 301 185 "-" "Pingdom.com_bot_version_1.4_(http://www.pingdom.com/)"
50.23.28.35 - - [24/Dec/2018:18:34:11 +0000] "GET / HTTP/1.1" 500 262 "-" "Pingdom.com_bot_version_1.4_(http://www.pingdom.com/)"
192.0.102.40 - - [24/Dec/2018:18:36:40 +0000] "HEAD / HTTP/1.1" 500 0 "-" "jetmon/1.0 (Jetpack Site Uptime Monitor by WordPress.com)"
209.58.139.194 - - [24/Dec/2018:18:39:11 +0000] "GET / HTTP/1.1" 301 185 "-" "Pingdom.com_bot_version_1.4_(http://www.pingdom.com/)"
209.58.139.194 - - [24/Dec/2018:18:39:12 +0000] "GET / HTTP/1.1" 500 262 "-" "Pingdom.com_bot_version_1.4_(http://www.pingdom.com/)"
64.237.49.203 - - [24/Dec/2018:18:44:11 +0000] "GET / HTTP/1.1" 301 185 "-" "Pingdom.com_bot_version_1.4_(http://www.pingdom.com/)"
64.237.49.203 - - [24/Dec/2018:18:44:11 +0000] "GET / HTTP/1.1" 500 262 "-" "Pingdom.com_bot_version_1.4_(http://www.pingdom.com/)"
192.0.102.40 - - [24/Dec/2018:18:44:55 +0000] "HEAD / HTTP/1.1" 500 0 "-" "jetmon/1.0 (Jetpack Site Uptime Monitor by WordPress.com)"
185.39.146.215 - - [24/Dec/2018:18:49:11 +0000] "GET / HTTP/1.1" 301 185 "-" "Pingdom.com_bot_version_1.4_(http://www.pingdom.com/)"
185.39.146.215 - - [24/Dec/2018:18:49:11 +0000] "GET / HTTP/1.1" 500 262 "-" "Pingdom.com_bot_version_1.4_(http://www.pingdom.com/)"
192.0.102.40 - - [24/Dec/2018:18:50:41 +0000] "HEAD / HTTP/1.1" 500 0 "-" "jetmon/1.0 (Jetpack Site Uptime Monitor by WordPress.com)"
96.47.225.18 - - [24/Dec/2018:18:54:11 +0000] "GET / HTTP/1.1" 301 185 "-" "Pingdom.com_bot_version_1.4_(http://www.pingdom.com/)"
96.47.225.18 - - [24/Dec/2018:18:54:11 +0000] "GET / HTTP/1.1" 500 262 "-" "Pingdom.com_bot_version_1.4_(http://www.pingdom.com/)"
192.0.102.40 - - [24/Dec/2018:18:57:59 +0000] "HEAD / HTTP/1.1" 500 0 "-" "jetmon/1.0 (Jetpack Site Uptime Monitor by WordPress.com)"
188.138.40.20 - - [24/Dec/2018:18:59:11 +0000] "GET / HTTP/1.1" 301 185 "-" "Pingdom.com_bot_version_1.4_(http://www.pingdom.com/)"
188.138.40.20 - - [24/Dec/2018:18:59:11 +0000] "GET / HTTP/1.1" 500 262 "-" "Pingdom.com_bot_version_1.4_(http://www.pingdom.com/)"
192.0.102.40 - - [24/Dec/2018:19:03:24 +0000] "HEAD / HTTP/1.1" 500 0 "-" "jetmon/1.0 (Jetpack Site Uptime Monitor by WordPress.com)"
94.75.211.74 - - [24/Dec/2018:19:04:11 +0000] "GET / HTTP/1.1" 301 185 "-" "Pingdom.com_bot_version_1.4_(http://www.pingdom.com/)"
94.75.211.74 - - [24/Dec/2018:19:04:11 +0000] "GET / HTTP/1.1" 500 262 "-" "Pingdom.com_bot_version_1.4_(http://www.pingdom.com/)"
89.163.242.206 - - [24/Dec/2018:19:09:11 +0000] "GET / HTTP/1.1" 301 185 "-" "Pingdom.com_bot_version_1.4_(http://www.pingdom.com/)"
89.163.242.206 - - [24/Dec/2018:19:09:11 +0000] "GET / HTTP/1.1" 500 262 "-" "Pingdom.com_bot_version_1.4_(http://www.pingdom.com/)"
192.0.102.40 - - [24/Dec/2018:19:11:14 +0000] "HEAD / HTTP/1.1" 500 0 "-" "jetmon/1.0 (Jetpack Site Uptime Monitor by WordPress.com)"
46.229.168.142 - - [24/Dec/2018:19:11:26 +0000] "GET /robots.txt HTTP/1.1" 500 262 "-" "Mozilla/5.0 (compatible; SemrushBot/3~bl; +http://www.semrush.com/bot.html)"
169.51.80.85 - - [24/Dec/2018:19:14:11 +0000] "GET / HTTP/1.1" 301 185 "-" "Pingdom.com_bot_version_1.4_(http://www.pingdom.com/)"
169.51.80.85 - - [24/Dec/2018:19:14:11 +0000] "GET / HTTP/1.1" 500 262 "-" "Pingdom.com_bot_version_1.4_(http://www.pingdom.com/)"
192.0.102.40 - - [24/Dec/2018:19:16:59 +0000] "HEAD / HTTP/1.1" 500 0 "-" "jetmon/1.0 (Jetpack Site Uptime Monitor by WordPress.com)"
184.75.214.66 - - [24/Dec/2018:19:19:11 +0000] "GET / HTTP/1.1" 301 185 "-" "Pingdom.com_bot_version_1.4_(http://www.pingdom.com/)"
184.75.214.66 - - [24/Dec/2018:19:19:11 +0000] "GET / HTTP/1.1" 500 262 "-" "Pingdom.com_bot_version_1.4_(http://www.pingdom.com/)"
192.0.102.40 - - [24/Dec/2018:19:23:09 +0000] "HEAD / HTTP/1.1" 500 0 "-" "jetmon/1.0 (Jetpack Site Uptime Monitor by WordPress.com)"
50.23.28.35 - - [24/Dec/2018:19:24:11 +0000] "GET / HTTP/1.1" 301 185 "-" "Pingdom.com_bot_version_1.4_(http://www.pingdom.com/)"
50.23.28.35 - - [24/Dec/2018:19:24:11 +0000] "GET / HTTP/1.1" 500 262 "-" "Pingdom.com_bot_version_1.4_(http://www.pingdom.com/)"
192.0.102.40 - - [24/Dec/2018:19:29:10 +0000] "HEAD / HTTP/1.1" 500 0 "-" "jetmon/1.0 (Jetpack Site Uptime Monitor by WordPress.com)"
209.58.139.194 - - [24/Dec/2018:19:29:11 +0000] "GET / HTTP/1.1" 301 185 "-" "Pingdom.com_bot_version_1.4_(http://www.pingdom.com/)"
209.58.139.194 - - [24/Dec/2018:19:29:12 +0000] "GET / HTTP/1.1" 500 262 "-" "Pingdom.com_bot_version_1.4_(http://www.pingdom.com/)"
64.237.49.203 - - [24/Dec/2018:19:34:11 +0000] "GET / HTTP/1.1" 301 185 "-" "Pingdom.com_bot_version_1.4_(http://www.pingdom.com/)"
64.237.49.203 - - [24/Dec/2018:19:34:11 +0000] "GET / HTTP/1.1" 500 262 "-" "Pingdom.com_bot_version_1.4_(http://www.pingdom.com/)"
192.0.102.40 - - [24/Dec/2018:19:37:29 +0000] "HEAD / HTTP/1.1" 500 0 "-" "jetmon/1.0 (Jetpack Site Uptime Monitor by WordPress.com)"
185.39.146.215 - - [24/Dec/2018:19:39:11 +0000] "GET / HTTP/1.1" 301 185 "-" "Pingdom.com_bot_version_1.4_(http://www.pingdom.com/)"
185.39.146.215 - - [24/Dec/2018:19:39:11 +0000] "GET / HTTP/1.1" 500 262 "-" "Pingdom.com_bot_version_1.4_(http://www.pingdom.com/)"
192.0.102.40 - - [24/Dec/2018:19:43:11 +0000] "HEAD / HTTP/1.1" 500 0 "-" "jetmon/1.0 (Jetpack Site Uptime Monitor by WordPress.com)"
23.101.169.3 - - [24/Dec/2018:19:43:41 +0000] "GET / HTTP/1.1" 500 262 "http://www.bing.com/search?q=contact+KSMBDA&form=MSNH14&sc=8-4&sp=-1&qs=n&sk=" "Mozilla/5.0 (compatible; MSIE 9.0; Windows NT 6.1; Trident/5.0;  Trident/5.0)"
23.101.169.3 - - [24/Dec/2018:19:43:58 +0000] "GET / HTTP/1.1" 500 262 "http://www.bing.com/search?q=contact+KSMBDA&form=MSNH14&sc=8-4&sp=-1&qs=n&sk=" "Mozilla/5.0 (compatible; MSIE 9.0; Windows NT 6.1; Trident/5.0;  Trident/5.0)"
96.47.225.18 - - [24/Dec/2018:19:44:11 +0000] "GET / HTTP/1.1" 301 185 "-" "Pingdom.com_bot_version_1.4_(http://www.pingdom.com/)"
96.47.225.18 - - [24/Dec/2018:19:44:11 +0000] "GET / HTTP/1.1" 500 262 "-" "Pingdom.com_bot_version_1.4_(http://www.pingdom.com/)"
188.138.40.20 - - [24/Dec/2018:19:49:11 +0000] "GET / HTTP/1.1" 301 185 "-" "Pingdom.com_bot_version_1.4_(http://www.pingdom.com/)"
188.138.40.20 - - [24/Dec/2018:19:49:11 +0000] "GET / HTTP/1.1" 500 262 "-" "Pingdom.com_bot_version_1.4_(http://www.pingdom.com/)"
192.0.102.40 - - [24/Dec/2018:19:49:14 +0000] "HEAD / HTTP/1.1" 500 0 "-" "jetmon/1.0 (Jetpack Site Uptime Monitor by WordPress.com)"
94.75.211.74 - - [24/Dec/2018:19:54:11 +0000] "GET / HTTP/1.1" 301 185 "-" "Pingdom.com_bot_version_1.4_(http://www.pingdom.com/)"
94.75.211.74 - - [24/Dec/2018:19:54:11 +0000] "GET / HTTP/1.1" 500 262 "-" "Pingdom.com_bot_version_1.4_(http://www.pingdom.com/)"
157.55.39.166 - - [24/Dec/2018:19:55:03 +0000] "GET / HTTP/1.1" 500 262 "-" "Mozilla/5.0 (compatible; bingbot/2.0; +http://www.bing.com/bingbot.htm)"
192.0.102.40 - - [24/Dec/2018:19:55:21 +0000] "HEAD / HTTP/1.1" 500 0 "-" "jetmon/1.0 (Jetpack Site Uptime Monitor by WordPress.com)"
89.163.242.206 - - [24/Dec/2018:19:59:11 +0000] "GET / HTTP/1.1" 301 185 "-" "Pingdom.com_bot_version_1.4_(http://www.pingdom.com/)"
89.163.242.206 - - [24/Dec/2018:19:59:11 +0000] "GET / HTTP/1.1" 500 262 "-" "Pingdom.com_bot_version_1.4_(http://www.pingdom.com/)"
192.0.102.40 - - [24/Dec/2018:20:03:42 +0000] "HEAD / HTTP/1.1" 500 0 "-" "jetmon/1.0 (Jetpack Site Uptime Monitor by WordPress.com)"
169.51.80.85 - - [24/Dec/2018:20:04:11 +0000] "GET / HTTP/1.1" 301 185 "-" "Pingdom.com_bot_version_1.4_(http://www.pingdom.com/)"
169.51.80.85 - - [24/Dec/2018:20:04:11 +0000] "GET / HTTP/1.1" 500 262 "-" "Pingdom.com_bot_version_1.4_(http://www.pingdom.com/)"
184.75.214.66 - - [24/Dec/2018:20:09:11 +0000] "GET / HTTP/1.1" 301 185 "-" "Pingdom.com_bot_version_1.4_(http://www.pingdom.com/)"
184.75.214.66 - - [24/Dec/2018:20:09:11 +0000] "GET / HTTP/1.1" 500 262 "-" "Pingdom.com_bot_version_1.4_(http://www.pingdom.com/)"
192.0.102.40 - - [24/Dec/2018:20:09:33 +0000] "HEAD / HTTP/1.1" 500 0 "-" "jetmon/1.0 (Jetpack Site Uptime Monitor by WordPress.com)"
50.23.28.35 - - [24/Dec/2018:20:14:11 +0000] "GET / HTTP/1.1" 301 185 "-" "Pingdom.com_bot_version_1.4_(http://www.pingdom.com/)"
50.23.28.35 - - [24/Dec/2018:20:14:11 +0000] "GET / HTTP/1.1" 500 262 "-" "Pingdom.com_bot_version_1.4_(http://www.pingdom.com/)"
192.0.102.40 - - [24/Dec/2018:20:16:01 +0000] "HEAD / HTTP/1.1" 500 0 "-" "jetmon/1.0 (Jetpack Site Uptime Monitor by WordPress.com)"
209.58.139.194 - - [24/Dec/2018:20:19:11 +0000] "GET / HTTP/1.1" 301 185 "-" "Pingdom.com_bot_version_1.4_(http://www.pingdom.com/)"
209.58.139.194 - - [24/Dec/2018:20:19:11 +0000] "GET / HTTP/1.1" 500 262 "-" "Pingdom.com_bot_version_1.4_(http://www.pingdom.com/)"
192.0.102.40 - - [24/Dec/2018:20:22:01 +0000] "HEAD / HTTP/1.1" 500 0 "-" "jetmon/1.0 (Jetpack Site Uptime Monitor by WordPress.com)"
64.237.49.203 - - [24/Dec/2018:20:24:11 +0000] "GET / HTTP/1.1" 301 185 "-" "Pingdom.com_bot_version_1.4_(http://www.pingdom.com/)"
64.237.49.203 - - [24/Dec/2018:20:24:11 +0000] "GET / HTTP/1.1" 500 262 "-" "Pingdom.com_bot_version_1.4_(http://www.pingdom.com/)"
178.255.215.95 - - [24/Dec/2018:20:25:02 +0000] "GET /robots.txt HTTP/1.1" 301 185 "-" "Mozilla/5.0 (compatible; Exabot/3.0; +http://www.exabot.com/go/robot)"
178.255.215.95 - - [24/Dec/2018:20:25:02 +0000] "GET / HTTP/1.1" 301 185 "-" "Mozilla/5.0 (compatible; Exabot/3.0; +http://www.exabot.com/go/robot)"
178.255.215.95 - - [24/Dec/2018:20:25:38 +0000] "GET /robots.txt HTTP/1.1" 500 262 "-" "Mozilla/5.0 (compatible; Exabot/3.0; +http://www.exabot.com/go/robot)"
178.255.215.95 - - [24/Dec/2018:20:25:38 +0000] "GET / HTTP/1.1" 500 262 "-" "Mozilla/5.0 (compatible; Exabot/3.0; +http://www.exabot.com/go/robot)"
185.39.146.215 - - [24/Dec/2018:20:29:11 +0000] "GET / HTTP/1.1" 301 185 "-" "Pingdom.com_bot_version_1.4_(http://www.pingdom.com/)"
185.39.146.215 - - [24/Dec/2018:20:29:11 +0000] "GET / HTTP/1.1" 500 262 "-" "Pingdom.com_bot_version_1.4_(http://www.pingdom.com/)"
192.0.102.40 - - [24/Dec/2018:20:30:11 +0000] "HEAD / HTTP/1.1" 500 0 "-" "jetmon/1.0 (Jetpack Site Uptime Monitor by WordPress.com)"
96.47.225.18 - - [24/Dec/2018:20:34:11 +0000] "GET / HTTP/1.1" 301 185 "-" "Pingdom.com_bot_version_1.4_(http://www.pingdom.com/)"
96.47.225.18 - - [24/Dec/2018:20:34:11 +0000] "GET / HTTP/1.1" 500 262 "-" "Pingdom.com_bot_version_1.4_(http://www.pingdom.com/)"
192.0.102.40 - - [24/Dec/2018:20:35:57 +0000] "HEAD / HTTP/1.1" 500 0 "-" "jetmon/1.0 (Jetpack Site Uptime Monitor by WordPress.com)"
188.138.40.20 - - [24/Dec/2018:20:39:11 +0000] "GET / HTTP/1.1" 301 185 "-" "Pingdom.com_bot_version_1.4_(http://www.pingdom.com/)"
188.138.40.20 - - [24/Dec/2018:20:39:11 +0000] "GET / HTTP/1.1" 500 262 "-" "Pingdom.com_bot_version_1.4_(http://www.pingdom.com/)"
192.0.102.40 - - [24/Dec/2018:20:42:14 +0000] "HEAD / HTTP/1.1" 500 0 "-" "jetmon/1.0 (Jetpack Site Uptime Monitor by WordPress.com)"
94.75.211.74 - - [24/Dec/2018:20:44:11 +0000] "GET / HTTP/1.1" 301 185 "-" "Pingdom.com_bot_version_1.4_(http://www.pingdom.com/)"
94.75.211.74 - - [24/Dec/2018:20:44:11 +0000] "GET / HTTP/1.1" 500 262 "-" "Pingdom.com_bot_version_1.4_(http://www.pingdom.com/)"
192.0.102.40 - - [24/Dec/2018:20:48:29 +0000] "HEAD / HTTP/1.1" 500 0 "-" "jetmon/1.0 (Jetpack Site Uptime Monitor by WordPress.com)"
89.163.242.206 - - [24/Dec/2018:20:49:11 +0000] "GET / HTTP/1.1" 301 185 "-" "Pingdom.com_bot_version_1.4_(http://www.pingdom.com/)"
89.163.242.206 - - [24/Dec/2018:20:49:11 +0000] "GET / HTTP/1.1" 500 262 "-" "Pingdom.com_bot_version_1.4_(http://www.pingdom.com/)"
186.215.199.69 - - [24/Dec/2018:20:50:43 +0000] "GET /?author=1 HTTP/1.1" 301 185 "-" "Mozilla/5.0 (Windows NT 6.1; rv:52.0) Gecko/20100101 Firefox/52.0"
114.104.158.172 - - [24/Dec/2018:20:51:40 +0000] "GET /?author=1 HTTP/1.1" 500 262 "-" "Mozilla/5.0 (Windows NT 6.1; rv:52.0) Gecko/20100101 Firefox/52.0"
114.104.158.172 - - [24/Dec/2018:20:51:42 +0000] "GET /?author=2 HTTP/1.1" 500 262 "-" "Mozilla/5.0 (Windows NT 6.1; rv:52.0) Gecko/20100101 Firefox/52.0"
114.104.158.172 - - [24/Dec/2018:20:51:44 +0000] "GET /?author=3 HTTP/1.1" 500 262 "-" "Mozilla/5.0 (Windows NT 6.1; rv:52.0) Gecko/20100101 Firefox/52.0"
114.104.158.172 - - [24/Dec/2018:20:51:45 +0000] "GET /?author=4 HTTP/1.1" 500 262 "-" "Mozilla/5.0 (Windows NT 6.1; rv:52.0) Gecko/20100101 Firefox/52.0"
114.104.158.172 - - [24/Dec/2018:20:51:48 +0000] "GET /?author=5 HTTP/1.1" 500 262 "-" "Mozilla/5.0 (Windows NT 6.1; rv:52.0) Gecko/20100101 Firefox/52.0"
114.104.158.172 - - [24/Dec/2018:20:51:49 +0000] "GET /?author=6 HTTP/1.1" 500 262 "-" "Mozilla/5.0 (Windows NT 6.1; rv:52.0) Gecko/20100101 Firefox/52.0"
114.104.158.172 - - [24/Dec/2018:20:51:52 +0000] "GET /?author=7 HTTP/1.1" 500 262 "-" "Mozilla/5.0 (Windows NT 6.1; rv:52.0) Gecko/20100101 Firefox/52.0"
61.153.54.38 - - [24/Dec/2018:20:52:11 +0000] "GET /?author=8 HTTP/1.1" 500 262 "-" "Mozilla/5.0 (Windows NT 6.1; rv:52.0) Gecko/20100101 Firefox/52.0"
61.153.54.38 - - [24/Dec/2018:20:52:13 +0000] "GET /?author=9 HTTP/1.1" 500 262 "-" "Mozilla/5.0 (Windows NT 6.1; rv:52.0) Gecko/20100101 Firefox/52.0"
61.153.54.38 - - [24/Dec/2018:20:52:16 +0000] "GET /?author=10 HTTP/1.1" 500 262 "-" "Mozilla/5.0 (Windows NT 6.1; rv:52.0) Gecko/20100101 Firefox/52.0"
61.153.54.38 - - [24/Dec/2018:20:52:19 +0000] "GET /?author=11 HTTP/1.1" 500 262 "-" "Mozilla/5.0 (Windows NT 6.1; rv:52.0) Gecko/20100101 Firefox/52.0"
61.153.54.38 - - [24/Dec/2018:20:52:25 +0000] "GET /?author=12 HTTP/1.1" 500 262 "-" "Mozilla/5.0 (Windows NT 6.1; rv:52.0) Gecko/20100101 Firefox/52.0"
61.153.54.38 - - [24/Dec/2018:20:52:29 +0000] "GET /?author=13 HTTP/1.1" 500 262 "-" "Mozilla/5.0 (Windows NT 6.1; rv:52.0) Gecko/20100101 Firefox/52.0"
61.153.54.38 - - [24/Dec/2018:20:52:33 +0000] "GET /?author=14 HTTP/1.1" 500 262 "-" "Mozilla/5.0 (Windows NT 6.1; rv:52.0) Gecko/20100101 Firefox/52.0"
61.153.54.38 - - [24/Dec/2018:20:52:42 +0000] "GET /?author=15 HTTP/1.1" 500 262 "-" "Mozilla/5.0 (Windows NT 6.1; rv:52.0) Gecko/20100101 Firefox/52.0"
61.153.54.38 - - [24/Dec/2018:20:52:47 +0000] "GET /?author=16 HTTP/1.1" 500 262 "-" "Mozilla/5.0 (Windows NT 6.1; rv:52.0) Gecko/20100101 Firefox/52.0"
61.153.54.38 - - [24/Dec/2018:20:52:52 +0000] "GET /?author=17 HTTP/1.1" 500 262 "-" "Mozilla/5.0 (Windows NT 6.1; rv:52.0) Gecko/20100101 Firefox/52.0"
61.153.54.38 - - [24/Dec/2018:20:52:56 +0000] "GET /?author=18 HTTP/1.1" 500 262 "-" "Mozilla/5.0 (Windows NT 6.1; rv:52.0) Gecko/20100101 Firefox/52.0"
61.153.54.38 - - [24/Dec/2018:20:52:59 +0000] "GET /?author=19 HTTP/1.1" 500 262 "-" "Mozilla/5.0 (Windows NT 6.1; rv:52.0) Gecko/20100101 Firefox/52.0"
61.153.54.38 - - [24/Dec/2018:20:53:01 +0000] "GET /?author=20 HTTP/1.1" 500 262 "-" "Mozilla/5.0 (Windows NT 6.1; rv:52.0) Gecko/20100101 Firefox/52.0"
112.23.7.88 - - [24/Dec/2018:20:53:19 +0000] "GET /?author=21 HTTP/1.1" 500 262 "-" "Mozilla/5.0 (Windows NT 6.1; rv:52.0) Gecko/20100101 Firefox/52.0"
112.23.7.88 - - [24/Dec/2018:20:53:22 +0000] "GET /?author=22 HTTP/1.1" 500 262 "-" "Mozilla/5.0 (Windows NT 6.1; rv:52.0) Gecko/20100101 Firefox/52.0"
112.23.7.88 - - [24/Dec/2018:20:53:23 +0000] "GET /?author=23 HTTP/1.1" 500 262 "-" "Mozilla/5.0 (Windows NT 6.1; rv:52.0) Gecko/20100101 Firefox/52.0"
112.23.7.88 - - [24/Dec/2018:20:53:24 +0000] "GET /?author=24 HTTP/1.1" 500 262 "-" "Mozilla/5.0 (Windows NT 6.1; rv:52.0) Gecko/20100101 Firefox/52.0"
112.23.7.88 - - [24/Dec/2018:20:53:26 +0000] "GET /?author=25 HTTP/1.1" 500 262 "-" "Mozilla/5.0 (Windows NT 6.1; rv:52.0) Gecko/20100101 Firefox/52.0"
61.153.54.38 - - [24/Dec/2018:20:53:27 +0000] "GET /?author=21 HTTP/1.1" 500 262 "-" "Mozilla/5.0 (Windows NT 6.1; rv:52.0) Gecko/20100101 Firefox/52.0"
112.23.7.88 - - [24/Dec/2018:20:53:28 +0000] "GET /?author=26 HTTP/1.1" 500 262 "-" "Mozilla/5.0 (Windows NT 6.1; rv:52.0) Gecko/20100101 Firefox/52.0"
112.23.7.88 - - [24/Dec/2018:20:53:30 +0000] "GET /?author=27 HTTP/1.1" 500 262 "-" "Mozilla/5.0 (Windows NT 6.1; rv:52.0) Gecko/20100101 Firefox/52.0"
112.23.7.88 - - [24/Dec/2018:20:53:57 +0000] "GET /?author=28 HTTP/1.1" 500 262 "-" "Mozilla/5.0 (Windows NT 6.1; rv:52.0) Gecko/20100101 Firefox/52.0"
220.164.2.119 - - [24/Dec/2018:20:54:09 +0000] "GET /?author=28 HTTP/1.1" 500 262 "-" "Mozilla/5.0 (Windows NT 6.1; rv:52.0) Gecko/20100101 Firefox/52.0"
169.51.80.85 - - [24/Dec/2018:20:54:11 +0000] "GET / HTTP/1.1" 301 185 "-" "Pingdom.com_bot_version_1.4_(http://www.pingdom.com/)"
169.51.80.85 - - [24/Dec/2018:20:54:11 +0000] "GET / HTTP/1.1" 500 262 "-" "Pingdom.com_bot_version_1.4_(http://www.pingdom.com/)"
220.164.2.119 - - [24/Dec/2018:20:54:11 +0000] "GET /?author=29 HTTP/1.1" 500 262 "-" "Mozilla/5.0 (Windows NT 6.1; rv:52.0) Gecko/20100101 Firefox/52.0"
220.164.2.119 - - [24/Dec/2018:20:54:13 +0000] "GET /?author=30 HTTP/1.1" 500 262 "-" "Mozilla/5.0 (Windows NT 6.1; rv:52.0) Gecko/20100101 Firefox/52.0"
220.164.2.119 - - [24/Dec/2018:20:54:15 +0000] "GET /?author=31 HTTP/1.1" 500 262 "-" "Mozilla/5.0 (Windows NT 6.1; rv:52.0) Gecko/20100101 Firefox/52.0"
220.164.2.119 - - [24/Dec/2018:20:54:17 +0000] "GET /?author=32 HTTP/1.1" 500 262 "-" "Mozilla/5.0 (Windows NT 6.1; rv:52.0) Gecko/20100101 Firefox/52.0"
220.164.2.119 - - [24/Dec/2018:20:54:19 +0000] "GET /?author=33 HTTP/1.1" 500 262 "-" "Mozilla/5.0 (Windows NT 6.1; rv:52.0) Gecko/20100101 Firefox/52.0"
220.164.2.119 - - [24/Dec/2018:20:54:22 +0000] "GET /?author=34 HTTP/1.1" 500 262 "-" "Mozilla/5.0 (Windows NT 6.1; rv:52.0) Gecko/20100101 Firefox/52.0"
220.164.2.119 - - [24/Dec/2018:20:54:23 +0000] "GET /?author=35 HTTP/1.1" 500 262 "-" "Mozilla/5.0 (Windows NT 6.1; rv:52.0) Gecko/20100101 Firefox/52.0"
220.164.2.119 - - [24/Dec/2018:20:54:26 +0000] "GET /?author=36 HTTP/1.1" 500 262 "-" "Mozilla/5.0 (Windows NT 6.1; rv:52.0) Gecko/20100101 Firefox/52.0"
220.164.2.119 - - [24/Dec/2018:20:54:28 +0000] "GET /?author=37 HTTP/1.1" 500 262 "-" "Mozilla/5.0 (Windows NT 6.1; rv:52.0) Gecko/20100101 Firefox/52.0"
220.164.2.119 - - [24/Dec/2018:20:54:29 +0000] "GET /?author=38 HTTP/1.1" 500 262 "-" "Mozilla/5.0 (Windows NT 6.1; rv:52.0) Gecko/20100101 Firefox/52.0"
220.164.2.119 - - [24/Dec/2018:20:54:32 +0000] "GET /?author=39 HTTP/1.1" 500 262 "-" "Mozilla/5.0 (Windows NT 6.1; rv:52.0) Gecko/20100101 Firefox/52.0"
220.164.2.119 - - [24/Dec/2018:20:54:34 +0000] "GET /?author=40 HTTP/1.1" 500 262 "-" "Mozilla/5.0 (Windows NT 6.1; rv:52.0) Gecko/20100101 Firefox/52.0"
220.164.2.119 - - [24/Dec/2018:20:54:36 +0000] "GET /?author=41 HTTP/1.1" 500 262 "-" "Mozilla/5.0 (Windows NT 6.1; rv:52.0) Gecko/20100101 Firefox/52.0"
220.164.2.119 - - [24/Dec/2018:20:54:38 +0000] "GET /?author=42 HTTP/1.1" 500 262 "-" "Mozilla/5.0 (Windows NT 6.1; rv:52.0) Gecko/20100101 Firefox/52.0"
220.164.2.119 - - [24/Dec/2018:20:54:39 +0000] "GET /?author=43 HTTP/1.1" 500 262 "-" "Mozilla/5.0 (Windows NT 6.1; rv:52.0) Gecko/20100101 Firefox/52.0"
