139.162.227.178 - - [26/Dec/2018:11:43:46 +0000] "GET /wp-content/uploads/2016/04/IMG_1057-1024x496.jpg HTTP/1.1" 200 61600 "-" "GuzzleHttp/6.3.3 curl/7.52.1 PHP/7.0.33-1~dotdeb+8.1"
82.39.169.4 - - [26/Dec/2018:11:43:46 +0000] "POST /wp-admin/admin-ajax.php HTTP/1.1" 200 35 "https://kendal-ki-aikido.org.uk/wp-admin/admin.php?page=wp2static" "Mozilla/5.0 (Macintosh; Intel Mac OS X 10.14; rv:65.0) Gecko/20100101 Firefox/65.0"
139.162.227.178 - - [26/Dec/2018:11:43:46 +0000] "GET /wp-content/uploads/2016/04/andy-150x150.png HTTP/1.1" 200 33329 "-" "GuzzleHttp/6.3.3 curl/7.52.1 PHP/7.0.33-1~dotdeb+8.1"
82.39.169.4 - - [26/Dec/2018:11:43:46 +0000] "POST /wp-admin/admin-ajax.php HTTP/1.1" 200 35 "https://kendal-ki-aikido.org.uk/wp-admin/admin.php?page=wp2static" "Mozilla/5.0 (Macintosh; Intel Mac OS X 10.14; rv:65.0) Gecko/20100101 Firefox/65.0"
139.162.227.178 - - [26/Dec/2018:11:43:46 +0000] "GET /wp-content/uploads/2016/04/IMG_0906-393x295.jpg HTTP/1.1" 200 22774 "-" "GuzzleHttp/6.3.3 curl/7.52.1 PHP/7.0.33-1~dotdeb+8.1"
82.39.169.4 - - [26/Dec/2018:11:43:46 +0000] "POST /wp-admin/admin-ajax.php HTTP/1.1" 200 35 "https://kendal-ki-aikido.org.uk/wp-admin/admin.php?page=wp2static" "Mozilla/5.0 (Macintosh; Intel Mac OS X 10.14; rv:65.0) Gecko/20100101 Firefox/65.0"
139.162.227.178 - - [26/Dec/2018:11:43:46 +0000] "GET /wp-content/uploads/2016/04/IMG_0906-1200x600.jpg HTTP/1.1" 200 75708 "-" "GuzzleHttp/6.3.3 curl/7.52.1 PHP/7.0.33-1~dotdeb+8.1"
82.39.169.4 - - [26/Dec/2018:11:43:46 +0000] "POST /wp-admin/admin-ajax.php HTTP/1.1" 200 35 "https://kendal-ki-aikido.org.uk/wp-admin/admin.php?page=wp2static" "Mozilla/5.0 (Macintosh; Intel Mac OS X 10.14; rv:65.0) Gecko/20100101 Firefox/65.0"
139.162.227.178 - - [26/Dec/2018:11:43:47 +0000] "GET /wp-content/uploads/2016/04/cropped-logo-e1460416041273-300x300.png HTTP/1.1" 200 59344 "-" "GuzzleHttp/6.3.3 curl/7.52.1 PHP/7.0.33-1~dotdeb+8.1"
82.39.169.4 - - [26/Dec/2018:11:43:47 +0000] "POST /wp-admin/admin-ajax.php HTTP/1.1" 200 35 "https://kendal-ki-aikido.org.uk/wp-admin/admin.php?page=wp2static" "Mozilla/5.0 (Macintosh; Intel Mac OS X 10.14; rv:65.0) Gecko/20100101 Firefox/65.0"
139.162.227.178 - - [26/Dec/2018:11:43:47 +0000] "GET /wp-content/uploads/2016/04/logo-e1460416041273.png HTTP/1.1" 200 4483 "-" "GuzzleHttp/6.3.3 curl/7.52.1 PHP/7.0.33-1~dotdeb+8.1"
82.39.169.4 - - [26/Dec/2018:11:43:47 +0000] "POST /wp-admin/admin-ajax.php HTTP/1.1" 200 35 "https://kendal-ki-aikido.org.uk/wp-admin/admin.php?page=wp2static" "Mozilla/5.0 (Macintosh; Intel Mac OS X 10.14; rv:65.0) Gecko/20100101 Firefox/65.0"
139.162.227.178 - - [26/Dec/2018:11:43:47 +0000] "GET /wp-content/uploads/2016/04/P1210623-1000x1000.jpg HTTP/1.1" 200 110219 "-" "GuzzleHttp/6.3.3 curl/7.52.1 PHP/7.0.33-1~dotdeb+8.1"
82.39.169.4 - - [26/Dec/2018:11:43:47 +0000] "POST /wp-admin/admin-ajax.php HTTP/1.1" 200 35 "https://kendal-ki-aikido.org.uk/wp-admin/admin.php?page=wp2static" "Mozilla/5.0 (Macintosh; Intel Mac OS X 10.14; rv:65.0) Gecko/20100101 Firefox/65.0"
139.162.227.178 - - [26/Dec/2018:11:43:47 +0000] "GET /wp-content/uploads/2016/04/cropped-logo-e1460416041273-512x460.png HTTP/1.1" 200 121867 "-" "GuzzleHttp/6.3.3 curl/7.52.1 PHP/7.0.33-1~dotdeb+8.1"
82.39.169.4 - - [26/Dec/2018:11:43:47 +0000] "POST /wp-admin/admin-ajax.php HTTP/1.1" 200 35 "https://kendal-ki-aikido.org.uk/wp-admin/admin.php?page=wp2static" "Mozilla/5.0 (Macintosh; Intel Mac OS X 10.14; rv:65.0) Gecko/20100101 Firefox/65.0"
139.162.227.178 - - [26/Dec/2018:11:43:47 +0000] "GET /wp-content/uploads/2016/04/KSMBDA-0.5x-230x166.png HTTP/1.1" 200 25524 "-" "GuzzleHttp/6.3.3 curl/7.52.1 PHP/7.0.33-1~dotdeb+8.1"
82.39.169.4 - - [26/Dec/2018:11:43:47 +0000] "POST /wp-admin/admin-ajax.php HTTP/1.1" 200 35 "https://kendal-ki-aikido.org.uk/wp-admin/admin.php?page=wp2static" "Mozilla/5.0 (Macintosh; Intel Mac OS X 10.14; rv:65.0) Gecko/20100101 Firefox/65.0"
139.162.227.178 - - [26/Dec/2018:11:43:48 +0000] "GET /wp-content/uploads/2016/04/P1210636-1024x470.jpg HTTP/1.1" 200 59913 "-" "GuzzleHttp/6.3.3 curl/7.52.1 PHP/7.0.33-1~dotdeb+8.1"
82.39.169.4 - - [26/Dec/2018:11:43:48 +0000] "POST /wp-admin/admin-ajax.php HTTP/1.1" 200 35 "https://kendal-ki-aikido.org.uk/wp-admin/admin.php?page=wp2static" "Mozilla/5.0 (Macintosh; Intel Mac OS X 10.14; rv:65.0) Gecko/20100101 Firefox/65.0"
139.162.227.178 - - [26/Dec/2018:11:43:48 +0000] "GET /wp-content/uploads/2016/04/andy-1-150x150.png HTTP/1.1" 200 33329 "-" "GuzzleHttp/6.3.3 curl/7.52.1 PHP/7.0.33-1~dotdeb+8.1"
82.39.169.4 - - [26/Dec/2018:11:43:48 +0000] "POST /wp-admin/admin-ajax.php HTTP/1.1" 200 35 "https://kendal-ki-aikido.org.uk/wp-admin/admin.php?page=wp2static" "Mozilla/5.0 (Macintosh; Intel Mac OS X 10.14; rv:65.0) Gecko/20100101 Firefox/65.0"
139.162.227.178 - - [26/Dec/2018:11:43:48 +0000] "GET /wp-content/uploads/2016/04/cropped-logo-e1460416041273-192x192.png HTTP/1.1" 200 31201 "-" "GuzzleHttp/6.3.3 curl/7.52.1 PHP/7.0.33-1~dotdeb+8.1"
82.39.169.4 - - [26/Dec/2018:11:43:48 +0000] "POST /wp-admin/admin-ajax.php HTTP/1.1" 200 35 "https://kendal-ki-aikido.org.uk/wp-admin/admin.php?page=wp2static" "Mozilla/5.0 (Macintosh; Intel Mac OS X 10.14; rv:65.0) Gecko/20100101 Firefox/65.0"
139.162.227.178 - - [26/Dec/2018:11:43:48 +0000] "GET /wp-content/uploads/2016/04/IMG_0906-1-300x170.jpg HTTP/1.1" 200 7276 "-" "GuzzleHttp/6.3.3 curl/7.52.1 PHP/7.0.33-1~dotdeb+8.1"
82.39.169.4 - - [26/Dec/2018:11:43:48 +0000] "POST /wp-admin/admin-ajax.php HTTP/1.1" 200 35 "https://kendal-ki-aikido.org.uk/wp-admin/admin.php?page=wp2static" "Mozilla/5.0 (Macintosh; Intel Mac OS X 10.14; rv:65.0) Gecko/20100101 Firefox/65.0"
139.162.227.178 - - [26/Dec/2018:11:43:48 +0000] "GET /wp-content/uploads/2016/04/P1210636-340x480.jpg HTTP/1.1" 200 22562 "-" "GuzzleHttp/6.3.3 curl/7.52.1 PHP/7.0.33-1~dotdeb+8.1"
82.39.169.4 - - [26/Dec/2018:11:43:48 +0000] "POST /wp-admin/admin-ajax.php HTTP/1.1" 200 35 "https://kendal-ki-aikido.org.uk/wp-admin/admin.php?page=wp2static" "Mozilla/5.0 (Macintosh; Intel Mac OS X 10.14; rv:65.0) Gecko/20100101 Firefox/65.0"
139.162.227.178 - - [26/Dec/2018:11:43:49 +0000] "GET /wp-content/uploads/2016/04/cropped-logo-e1460416041273-150x150.png HTTP/1.1" 200 21579 "-" "GuzzleHttp/6.3.3 curl/7.52.1 PHP/7.0.33-1~dotdeb+8.1"
82.39.169.4 - - [26/Dec/2018:11:43:49 +0000] "POST /wp-admin/admin-ajax.php HTTP/1.1" 200 35 "https://kendal-ki-aikido.org.uk/wp-admin/admin.php?page=wp2static" "Mozilla/5.0 (Macintosh; Intel Mac OS X 10.14; rv:65.0) Gecko/20100101 Firefox/65.0"
139.162.227.178 - - [26/Dec/2018:11:43:50 +0000] "GET /wp-content/uploads/2016/04/IMG_0906-300x600.jpg HTTP/1.1" 200 27546 "-" "GuzzleHttp/6.3.3 curl/7.52.1 PHP/7.0.33-1~dotdeb+8.1"
82.39.169.4 - - [26/Dec/2018:11:43:50 +0000] "POST /wp-admin/admin-ajax.php HTTP/1.1" 200 35 "https://kendal-ki-aikido.org.uk/wp-admin/admin.php?page=wp2static" "Mozilla/5.0 (Macintosh; Intel Mac OS X 10.14; rv:65.0) Gecko/20100101 Firefox/65.0"
139.162.227.178 - - [26/Dec/2018:11:43:50 +0000] "GET /wp-content/uploads/2016/04/P1210623-480x480.jpg HTTP/1.1" 200 32825 "-" "GuzzleHttp/6.3.3 curl/7.52.1 PHP/7.0.33-1~dotdeb+8.1"
82.39.169.4 - - [26/Dec/2018:11:43:51 +0000] "POST /wp-admin/admin-ajax.php HTTP/1.1" 200 35 "https://kendal-ki-aikido.org.uk/wp-admin/admin.php?page=wp2static" "Mozilla/5.0 (Macintosh; Intel Mac OS X 10.14; rv:65.0) Gecko/20100101 Firefox/65.0"
139.162.227.178 - - [26/Dec/2018:11:43:51 +0000] "GET /wp-content/uploads/2016/04/map-300x258.png HTTP/1.1" 200 80899 "-" "GuzzleHttp/6.3.3 curl/7.52.1 PHP/7.0.33-1~dotdeb+8.1"
82.39.169.4 - - [26/Dec/2018:11:43:51 +0000] "POST /wp-admin/admin-ajax.php HTTP/1.1" 200 35 "https://kendal-ki-aikido.org.uk/wp-admin/admin.php?page=wp2static" "Mozilla/5.0 (Macintosh; Intel Mac OS X 10.14; rv:65.0) Gecko/20100101 Firefox/65.0"
139.162.227.178 - - [26/Dec/2018:11:43:51 +0000] "GET /wp-content/uploads/2016/04/cropped-logo-e1460416041273-32x32.png HTTP/1.1" 200 2220 "-" "GuzzleHttp/6.3.3 curl/7.52.1 PHP/7.0.33-1~dotdeb+8.1"
82.39.169.4 - - [26/Dec/2018:11:43:51 +0000] "POST /wp-admin/admin-ajax.php HTTP/1.1" 200 35 "https://kendal-ki-aikido.org.uk/wp-admin/admin.php?page=wp2static" "Mozilla/5.0 (Macintosh; Intel Mac OS X 10.14; rv:65.0) Gecko/20100101 Firefox/65.0"
139.162.227.178 - - [26/Dec/2018:11:43:51 +0000] "GET /wp-content/uploads/2016/04/janet-1.png HTTP/1.1" 200 109598 "-" "GuzzleHttp/6.3.3 curl/7.52.1 PHP/7.0.33-1~dotdeb+8.1"
82.39.169.4 - - [26/Dec/2018:11:43:51 +0000] "POST /wp-admin/admin-ajax.php HTTP/1.1" 200 35 "https://kendal-ki-aikido.org.uk/wp-admin/admin.php?page=wp2static" "Mozilla/5.0 (Macintosh; Intel Mac OS X 10.14; rv:65.0) Gecko/20100101 Firefox/65.0"
139.162.227.178 - - [26/Dec/2018:11:43:52 +0000] "GET /wp-content/uploads/2016/04/IMG_0906-614x346.jpg HTTP/1.1" 200 32635 "-" "GuzzleHttp/6.3.3 curl/7.52.1 PHP/7.0.33-1~dotdeb+8.1"
82.39.169.4 - - [26/Dec/2018:11:43:52 +0000] "POST /wp-admin/admin-ajax.php HTTP/1.1" 200 35 "https://kendal-ki-aikido.org.uk/wp-admin/admin.php?page=wp2static" "Mozilla/5.0 (Macintosh; Intel Mac OS X 10.14; rv:65.0) Gecko/20100101 Firefox/65.0"
139.162.227.178 - - [26/Dec/2018:11:43:52 +0000] "GET /wp-content/uploads/2016/04/IMG_0906-1-1000x720.jpg HTTP/1.1" 200 43610 "-" "GuzzleHttp/6.3.3 curl/7.52.1 PHP/7.0.33-1~dotdeb+8.1"
82.39.169.4 - - [26/Dec/2018:11:43:53 +0000] "POST /wp-admin/admin-ajax.php HTTP/1.1" 200 35 "https://kendal-ki-aikido.org.uk/wp-admin/admin.php?page=wp2static" "Mozilla/5.0 (Macintosh; Intel Mac OS X 10.14; rv:65.0) Gecko/20100101 Firefox/65.0"
139.162.227.178 - - [26/Dec/2018:11:43:53 +0000] "GET /wp-content/uploads/2016/04/P1210636-150x150.jpg HTTP/1.1" 200 5865 "-" "GuzzleHttp/6.3.3 curl/7.52.1 PHP/7.0.33-1~dotdeb+8.1"
82.39.169.4 - - [26/Dec/2018:11:43:53 +0000] "POST /wp-admin/admin-ajax.php HTTP/1.1" 200 35 "https://kendal-ki-aikido.org.uk/wp-admin/admin.php?page=wp2static" "Mozilla/5.0 (Macintosh; Intel Mac OS X 10.14; rv:65.0) Gecko/20100101 Firefox/65.0"
139.162.227.178 - - [26/Dec/2018:11:43:53 +0000] "GET /wp-content/uploads/2016/04/P1210636.jpg HTTP/1.1" 200 1252293 "-" "GuzzleHttp/6.3.3 curl/7.52.1 PHP/7.0.33-1~dotdeb+8.1"
82.39.169.4 - - [26/Dec/2018:11:43:53 +0000] "POST /wp-admin/admin-ajax.php HTTP/1.1" 200 35 "https://kendal-ki-aikido.org.uk/wp-admin/admin.php?page=wp2static" "Mozilla/5.0 (Macintosh; Intel Mac OS X 10.14; rv:65.0) Gecko/20100101 Firefox/65.0"
82.39.169.4 - - [26/Dec/2018:11:43:53 +0000] "POST /wp-admin/admin-ajax.php HTTP/1.1" 200 78 "https://kendal-ki-aikido.org.uk/wp-admin/admin.php?page=wp2static" "Mozilla/5.0 (Macintosh; Intel Mac OS X 10.14; rv:65.0) Gecko/20100101 Firefox/65.0"
139.162.227.178 - - [26/Dec/2018:11:43:53 +0000] "GET /wp-content/uploads/2016/04/IMG_0906-1-1000x1000.jpg HTTP/1.1" 200 53335 "-" "GuzzleHttp/6.3.3 curl/7.52.1 PHP/7.0.33-1~dotdeb+8.1"
82.39.169.4 - - [26/Dec/2018:11:43:53 +0000] "POST /wp-admin/admin-ajax.php HTTP/1.1" 200 35 "https://kendal-ki-aikido.org.uk/wp-admin/admin.php?page=wp2static" "Mozilla/5.0 (Macintosh; Intel Mac OS X 10.14; rv:65.0) Gecko/20100101 Firefox/65.0"
139.162.227.178 - - [26/Dec/2018:11:43:53 +0000] "GET /wp-content/uploads/2016/04/IMG_0906-1024x580.jpg HTTP/1.1" 200 65177 "-" "GuzzleHttp/6.3.3 curl/7.52.1 PHP/7.0.33-1~dotdeb+8.1"
82.39.169.4 - - [26/Dec/2018:11:43:53 +0000] "POST /wp-admin/admin-ajax.php HTTP/1.1" 200 35 "https://kendal-ki-aikido.org.uk/wp-admin/admin.php?page=wp2static" "Mozilla/5.0 (Macintosh; Intel Mac OS X 10.14; rv:65.0) Gecko/20100101 Firefox/65.0"
139.162.227.178 - - [26/Dec/2018:11:43:53 +0000] "GET /wp-content/uploads/2016/04/KSMBDA-Large-460x346.png HTTP/1.1" 200 69190 "-" "GuzzleHttp/6.3.3 curl/7.52.1 PHP/7.0.33-1~dotdeb+8.1"
82.39.169.4 - - [26/Dec/2018:11:43:53 +0000] "POST /wp-admin/admin-ajax.php HTTP/1.1" 200 35 "https://kendal-ki-aikido.org.uk/wp-admin/admin.php?page=wp2static" "Mozilla/5.0 (Macintosh; Intel Mac OS X 10.14; rv:65.0) Gecko/20100101 Firefox/65.0"
139.162.227.178 - - [26/Dec/2018:11:43:53 +0000] "GET /wp-content/uploads/2016/04/andy-1.png HTTP/1.1" 200 93167 "-" "GuzzleHttp/6.3.3 curl/7.52.1 PHP/7.0.33-1~dotdeb+8.1"
82.39.169.4 - - [26/Dec/2018:11:43:53 +0000] "POST /wp-admin/admin-ajax.php HTTP/1.1" 200 35 "https://kendal-ki-aikido.org.uk/wp-admin/admin.php?page=wp2static" "Mozilla/5.0 (Macintosh; Intel Mac OS X 10.14; rv:65.0) Gecko/20100101 Firefox/65.0"
139.162.227.178 - - [26/Dec/2018:11:43:53 +0000] "GET /wp-content/uploads/2016/04/cropped-logo-e1460416041273-1-300x512.png HTTP/1.1" 200 90780 "-" "GuzzleHttp/6.3.3 curl/7.52.1 PHP/7.0.33-1~dotdeb+8.1"
82.39.169.4 - - [26/Dec/2018:11:43:53 +0000] "POST /wp-admin/admin-ajax.php HTTP/1.1" 200 35 "https://kendal-ki-aikido.org.uk/wp-admin/admin.php?page=wp2static" "Mozilla/5.0 (Macintosh; Intel Mac OS X 10.14; rv:65.0) Gecko/20100101 Firefox/65.0"
139.162.227.178 - - [26/Dec/2018:11:43:53 +0000] "GET /wp-content/uploads/2016/04/KSMBDA-Large-460x332.png HTTP/1.1" 200 68477 "-" "GuzzleHttp/6.3.3 curl/7.52.1 PHP/7.0.33-1~dotdeb+8.1"
82.39.169.4 - - [26/Dec/2018:11:43:54 +0000] "POST /wp-admin/admin-ajax.php HTTP/1.1" 200 35 "https://kendal-ki-aikido.org.uk/wp-admin/admin.php?page=wp2static" "Mozilla/5.0 (Macintosh; Intel Mac OS X 10.14; rv:65.0) Gecko/20100101 Firefox/65.0"
139.162.227.178 - - [26/Dec/2018:11:43:54 +0000] "GET /wp-content/uploads/2016/04/IMG_0906.jpg HTTP/1.1" 200 460713 "-" "GuzzleHttp/6.3.3 curl/7.52.1 PHP/7.0.33-1~dotdeb+8.1"
82.39.169.4 - - [26/Dec/2018:11:43:54 +0000] "POST /wp-admin/admin-ajax.php HTTP/1.1" 200 35 "https://kendal-ki-aikido.org.uk/wp-admin/admin.php?page=wp2static" "Mozilla/5.0 (Macintosh; Intel Mac OS X 10.14; rv:65.0) Gecko/20100101 Firefox/65.0"
139.162.227.178 - - [26/Dec/2018:11:43:54 +0000] "GET /wp-content/uploads/2016/04/P1210636-480x340.jpg HTTP/1.1" 200 25108 "-" "GuzzleHttp/6.3.3 curl/7.52.1 PHP/7.0.33-1~dotdeb+8.1"
82.39.169.4 - - [26/Dec/2018:11:43:54 +0000] "POST /wp-admin/admin-ajax.php HTTP/1.1" 200 35 "https://kendal-ki-aikido.org.uk/wp-admin/admin.php?page=wp2static" "Mozilla/5.0 (Macintosh; Intel Mac OS X 10.14; rv:65.0) Gecko/20100101 Firefox/65.0"
139.162.227.178 - - [26/Dec/2018:11:43:54 +0000] "GET /wp-content/uploads/2016/04/janet.png HTTP/1.1" 200 109598 "-" "GuzzleHttp/6.3.3 curl/7.52.1 PHP/7.0.33-1~dotdeb+8.1"
82.39.169.4 - - [26/Dec/2018:11:43:54 +0000] "POST /wp-admin/admin-ajax.php HTTP/1.1" 200 35 "https://kendal-ki-aikido.org.uk/wp-admin/admin.php?page=wp2static" "Mozilla/5.0 (Macintosh; Intel Mac OS X 10.14; rv:65.0) Gecko/20100101 Firefox/65.0"
139.162.227.178 - - [26/Dec/2018:11:43:55 +0000] "GET /wp-content/uploads/2016/04/KSMBDA-Large-295x166.png HTTP/1.1" 200 31948 "-" "GuzzleHttp/6.3.3 curl/7.52.1 PHP/7.0.33-1~dotdeb+8.1"
82.39.169.4 - - [26/Dec/2018:11:43:55 +0000] "POST /wp-admin/admin-ajax.php HTTP/1.1" 200 35 "https://kendal-ki-aikido.org.uk/wp-admin/admin.php?page=wp2static" "Mozilla/5.0 (Macintosh; Intel Mac OS X 10.14; rv:65.0) Gecko/20100101 Firefox/65.0"
139.162.227.178 - - [26/Dec/2018:11:43:55 +0000] "GET /wp-content/uploads/2016/04/IMG_0906-295x524.jpg HTTP/1.1" 200 25191 "-" "GuzzleHttp/6.3.3 curl/7.52.1 PHP/7.0.33-1~dotdeb+8.1"
82.39.169.4 - - [26/Dec/2018:11:43:55 +0000] "POST /wp-admin/admin-ajax.php HTTP/1.1" 200 35 "https://kendal-ki-aikido.org.uk/wp-admin/admin.php?page=wp2static" "Mozilla/5.0 (Macintosh; Intel Mac OS X 10.14; rv:65.0) Gecko/20100101 Firefox/65.0"
139.162.227.178 - - [26/Dec/2018:11:43:56 +0000] "GET /wp-content/uploads/2016/04/KSMBDA-Large-295x380.png HTTP/1.1" 200 60099 "-" "GuzzleHttp/6.3.3 curl/7.52.1 PHP/7.0.33-1~dotdeb+8.1"
82.39.169.4 - - [26/Dec/2018:11:43:56 +0000] "POST /wp-admin/admin-ajax.php HTTP/1.1" 200 35 "https://kendal-ki-aikido.org.uk/wp-admin/admin.php?page=wp2static" "Mozilla/5.0 (Macintosh; Intel Mac OS X 10.14; rv:65.0) Gecko/20100101 Firefox/65.0"
139.162.227.178 - - [26/Dec/2018:11:43:56 +0000] "GET /wp-content/uploads/2016/04/cropped-logo-e1460416041273-1.png HTTP/1.1" 200 123659 "-" "GuzzleHttp/6.3.3 curl/7.52.1 PHP/7.0.33-1~dotdeb+8.1"
82.39.169.4 - - [26/Dec/2018:11:43:56 +0000] "POST /wp-admin/admin-ajax.php HTTP/1.1" 200 35 "https://kendal-ki-aikido.org.uk/wp-admin/admin.php?page=wp2static" "Mozilla/5.0 (Macintosh; Intel Mac OS X 10.14; rv:65.0) Gecko/20100101 Firefox/65.0"
139.162.227.178 - - [26/Dec/2018:11:43:56 +0000] "GET /wp-content/uploads/2016/04/IMG_1057-480x480.jpg HTTP/1.1" 200 32177 "-" "GuzzleHttp/6.3.3 curl/7.52.1 PHP/7.0.33-1~dotdeb+8.1"
82.39.169.4 - - [26/Dec/2018:11:43:56 +0000] "POST /wp-admin/admin-ajax.php HTTP/1.1" 200 35 "https://kendal-ki-aikido.org.uk/wp-admin/admin.php?page=wp2static" "Mozilla/5.0 (Macintosh; Intel Mac OS X 10.14; rv:65.0) Gecko/20100101 Firefox/65.0"
139.162.227.178 - - [26/Dec/2018:11:43:57 +0000] "GET /wp-content/uploads/2016/04/IMG_0906-1-768x435.jpg HTTP/1.1" 200 25184 "-" "GuzzleHttp/6.3.3 curl/7.52.1 PHP/7.0.33-1~dotdeb+8.1"
82.39.169.4 - - [26/Dec/2018:11:43:57 +0000] "POST /wp-admin/admin-ajax.php HTTP/1.1" 200 35 "https://kendal-ki-aikido.org.uk/wp-admin/admin.php?page=wp2static" "Mozilla/5.0 (Macintosh; Intel Mac OS X 10.14; rv:65.0) Gecko/20100101 Firefox/65.0"
139.162.227.178 - - [26/Dec/2018:11:43:57 +0000] "GET /wp-content/uploads/2016/04/cropped-logo-e1460416041273-393x295.png HTTP/1.1" 200 79625 "-" "GuzzleHttp/6.3.3 curl/7.52.1 PHP/7.0.33-1~dotdeb+8.1"
82.39.169.4 - - [26/Dec/2018:11:43:57 +0000] "POST /wp-admin/admin-ajax.php HTTP/1.1" 200 35 "https://kendal-ki-aikido.org.uk/wp-admin/admin.php?page=wp2static" "Mozilla/5.0 (Macintosh; Intel Mac OS X 10.14; rv:65.0) Gecko/20100101 Firefox/65.0"
139.162.227.178 - - [26/Dec/2018:11:43:57 +0000] "GET /wp-content/uploads/2016/04/P1210667-720x1000.jpg HTTP/1.1" 200 57788 "-" "GuzzleHttp/6.3.3 curl/7.52.1 PHP/7.0.33-1~dotdeb+8.1"
82.39.169.4 - - [26/Dec/2018:11:43:57 +0000] "POST /wp-admin/admin-ajax.php HTTP/1.1" 200 35 "https://kendal-ki-aikido.org.uk/wp-admin/admin.php?page=wp2static" "Mozilla/5.0 (Macintosh; Intel Mac OS X 10.14; rv:65.0) Gecko/20100101 Firefox/65.0"
139.162.227.178 - - [26/Dec/2018:11:43:57 +0000] "GET /wp-content/uploads/2016/04/cropped-logo-e1460416041273-270x270.png HTTP/1.1" 200 50670 "-" "GuzzleHttp/6.3.3 curl/7.52.1 PHP/7.0.33-1~dotdeb+8.1"
82.39.169.4 - - [26/Dec/2018:11:43:57 +0000] "POST /wp-admin/admin-ajax.php HTTP/1.1" 200 35 "https://kendal-ki-aikido.org.uk/wp-admin/admin.php?page=wp2static" "Mozilla/5.0 (Macintosh; Intel Mac OS X 10.14; rv:65.0) Gecko/20100101 Firefox/65.0"
139.162.227.178 - - [26/Dec/2018:11:43:57 +0000] "GET /wp-content/uploads/2016/04/logo-1-e1461440182678.png HTTP/1.1" 200 6041 "-" "GuzzleHttp/6.3.3 curl/7.52.1 PHP/7.0.33-1~dotdeb+8.1"
82.39.169.4 - - [26/Dec/2018:11:43:57 +0000] "POST /wp-admin/admin-ajax.php HTTP/1.1" 200 35 "https://kendal-ki-aikido.org.uk/wp-admin/admin.php?page=wp2static" "Mozilla/5.0 (Macintosh; Intel Mac OS X 10.14; rv:65.0) Gecko/20100101 Firefox/65.0"
139.162.227.178 - - [26/Dec/2018:11:43:59 +0000] "GET /wp-content/uploads/2016/04/phil-1.png HTTP/1.1" 200 112900 "-" "GuzzleHttp/6.3.3 curl/7.52.1 PHP/7.0.33-1~dotdeb+8.1"
82.39.169.4 - - [26/Dec/2018:11:43:59 +0000] "POST /wp-admin/admin-ajax.php HTTP/1.1" 200 35 "https://kendal-ki-aikido.org.uk/wp-admin/admin.php?page=wp2static" "Mozilla/5.0 (Macintosh; Intel Mac OS X 10.14; rv:65.0) Gecko/20100101 Firefox/65.0"
139.162.227.178 - - [26/Dec/2018:11:43:59 +0000] "GET /wp-content/uploads/2016/04/cropped-logo-e1460416041273.png HTTP/1.1" 200 123730 "-" "GuzzleHttp/6.3.3 curl/7.52.1 PHP/7.0.33-1~dotdeb+8.1"
82.39.169.4 - - [26/Dec/2018:11:43:59 +0000] "POST /wp-admin/admin-ajax.php HTTP/1.1" 200 35 "https://kendal-ki-aikido.org.uk/wp-admin/admin.php?page=wp2static" "Mozilla/5.0 (Macintosh; Intel Mac OS X 10.14; rv:65.0) Gecko/20100101 Firefox/65.0"
139.162.227.178 - - [26/Dec/2018:11:43:59 +0000] "GET /wp-content/uploads/2016/04/IMG_0906-300x300.jpg HTTP/1.1" 200 18933 "-" "GuzzleHttp/6.3.3 curl/7.52.1 PHP/7.0.33-1~dotdeb+8.1"
82.39.169.4 - - [26/Dec/2018:11:43:59 +0000] "POST /wp-admin/admin-ajax.php HTTP/1.1" 200 35 "https://kendal-ki-aikido.org.uk/wp-admin/admin.php?page=wp2static" "Mozilla/5.0 (Macintosh; Intel Mac OS X 10.14; rv:65.0) Gecko/20100101 Firefox/65.0"
139.162.227.178 - - [26/Dec/2018:11:43:59 +0000] "GET /wp-content/uploads/2016/04/phil.png HTTP/1.1" 200 112900 "-" "GuzzleHttp/6.3.3 curl/7.52.1 PHP/7.0.33-1~dotdeb+8.1"
82.39.169.4 - - [26/Dec/2018:11:44:00 +0000] "POST /wp-admin/admin-ajax.php HTTP/1.1" 200 35 "https://kendal-ki-aikido.org.uk/wp-admin/admin.php?page=wp2static" "Mozilla/5.0 (Macintosh; Intel Mac OS X 10.14; rv:65.0) Gecko/20100101 Firefox/65.0"
139.162.227.178 - - [26/Dec/2018:11:44:00 +0000] "GET /wp-content/uploads/2016/04/map-295x166.png HTTP/1.1" 200 57466 "-" "GuzzleHttp/6.3.3 curl/7.52.1 PHP/7.0.33-1~dotdeb+8.1"
82.39.169.4 - - [26/Dec/2018:11:44:00 +0000] "POST /wp-admin/admin-ajax.php HTTP/1.1" 200 35 "https://kendal-ki-aikido.org.uk/wp-admin/admin.php?page=wp2static" "Mozilla/5.0 (Macintosh; Intel Mac OS X 10.14; rv:65.0) Gecko/20100101 Firefox/65.0"
139.162.227.178 - - [26/Dec/2018:11:44:00 +0000] "GET /wp-content/uploads/2016/04/KSMBDA-Large-300x248.png HTTP/1.1" 200 39791 "-" "GuzzleHttp/6.3.3 curl/7.52.1 PHP/7.0.33-1~dotdeb+8.1"
82.39.169.4 - - [26/Dec/2018:11:44:00 +0000] "POST /wp-admin/admin-ajax.php HTTP/1.1" 200 35 "https://kendal-ki-aikido.org.uk/wp-admin/admin.php?page=wp2static" "Mozilla/5.0 (Macintosh; Intel Mac OS X 10.14; rv:65.0) Gecko/20100101 Firefox/65.0"
139.162.227.178 - - [26/Dec/2018:11:44:00 +0000] "GET /wp-content/uploads/2016/04/IMG_0906-1200x800.jpg HTTP/1.1" 200 93716 "-" "GuzzleHttp/6.3.3 curl/7.52.1 PHP/7.0.33-1~dotdeb+8.1"
82.39.169.4 - - [26/Dec/2018:11:44:00 +0000] "POST /wp-admin/admin-ajax.php HTTP/1.1" 200 35 "https://kendal-ki-aikido.org.uk/wp-admin/admin.php?page=wp2static" "Mozilla/5.0 (Macintosh; Intel Mac OS X 10.14; rv:65.0) Gecko/20100101 Firefox/65.0"
139.162.227.178 - - [26/Dec/2018:11:44:00 +0000] "GET /wp-content/uploads/2016/04/logo-1.png HTTP/1.1" 200 16202 "-" "GuzzleHttp/6.3.3 curl/7.52.1 PHP/7.0.33-1~dotdeb+8.1"
82.39.169.4 - - [26/Dec/2018:11:44:00 +0000] "POST /wp-admin/admin-ajax.php HTTP/1.1" 200 35 "https://kendal-ki-aikido.org.uk/wp-admin/admin.php?page=wp2static" "Mozilla/5.0 (Macintosh; Intel Mac OS X 10.14; rv:65.0) Gecko/20100101 Firefox/65.0"
139.162.227.178 - - [26/Dec/2018:11:44:01 +0000] "GET /wp-content/uploads/2016/04/cropped-logo-e1460416041273-512x346.png HTTP/1.1" 200 103237 "-" "GuzzleHttp/6.3.3 curl/7.52.1 PHP/7.0.33-1~dotdeb+8.1"
82.39.169.4 - - [26/Dec/2018:11:44:01 +0000] "POST /wp-admin/admin-ajax.php HTTP/1.1" 200 35 "https://kendal-ki-aikido.org.uk/wp-admin/admin.php?page=wp2static" "Mozilla/5.0 (Macintosh; Intel Mac OS X 10.14; rv:65.0) Gecko/20100101 Firefox/65.0"
139.162.227.178 - - [26/Dec/2018:11:44:01 +0000] "GET /wp-content/uploads/2016/04/cropped-logo-e1460416041273-1-393x295.png HTTP/1.1" 200 79680 "-" "GuzzleHttp/6.3.3 curl/7.52.1 PHP/7.0.33-1~dotdeb+8.1"
82.39.169.4 - - [26/Dec/2018:11:44:01 +0000] "POST /wp-admin/admin-ajax.php HTTP/1.1" 200 35 "https://kendal-ki-aikido.org.uk/wp-admin/admin.php?page=wp2static" "Mozilla/5.0 (Macintosh; Intel Mac OS X 10.14; rv:65.0) Gecko/20100101 Firefox/65.0"
139.162.227.178 - - [26/Dec/2018:11:44:02 +0000] "GET /wp-content/uploads/2016/04/IMG_1057-300x145.jpg HTTP/1.1" 200 9961 "-" "GuzzleHttp/6.3.3 curl/7.52.1 PHP/7.0.33-1~dotdeb+8.1"
82.39.169.4 - - [26/Dec/2018:11:44:02 +0000] "POST /wp-admin/admin-ajax.php HTTP/1.1" 200 35 "https://kendal-ki-aikido.org.uk/wp-admin/admin.php?page=wp2static" "Mozilla/5.0 (Macintosh; Intel Mac OS X 10.14; rv:65.0) Gecko/20100101 Firefox/65.0"
139.162.227.178 - - [26/Dec/2018:11:44:02 +0000] "GET /wp-content/uploads/2016/04/phil-150x150.png HTTP/1.1" 200 37605 "-" "GuzzleHttp/6.3.3 curl/7.52.1 PHP/7.0.33-1~dotdeb+8.1"
82.39.169.4 - - [26/Dec/2018:11:44:02 +0000] "POST /wp-admin/admin-ajax.php HTTP/1.1" 200 35 "https://kendal-ki-aikido.org.uk/wp-admin/admin.php?page=wp2static" "Mozilla/5.0 (Macintosh; Intel Mac OS X 10.14; rv:65.0) Gecko/20100101 Firefox/65.0"
139.162.227.178 - - [26/Dec/2018:11:44:02 +0000] "GET /wp-content/uploads/2016/04/janet-1-150x150.png HTTP/1.1" 200 37527 "-" "GuzzleHttp/6.3.3 curl/7.52.1 PHP/7.0.33-1~dotdeb+8.1"
82.39.169.4 - - [26/Dec/2018:11:44:02 +0000] "POST /wp-admin/admin-ajax.php HTTP/1.1" 200 35 "https://kendal-ki-aikido.org.uk/wp-admin/admin.php?page=wp2static" "Mozilla/5.0 (Macintosh; Intel Mac OS X 10.14; rv:65.0) Gecko/20100101 Firefox/65.0"
139.162.227.178 - - [26/Dec/2018:11:44:02 +0000] "GET /wp-content/uploads/2016/04/IMG_0906-600x1200.jpg HTTP/1.1" 200 74283 "-" "GuzzleHttp/6.3.3 curl/7.52.1 PHP/7.0.33-1~dotdeb+8.1"
82.39.169.4 - - [26/Dec/2018:11:44:02 +0000] "POST /wp-admin/admin-ajax.php HTTP/1.1" 200 35 "https://kendal-ki-aikido.org.uk/wp-admin/admin.php?page=wp2static" "Mozilla/5.0 (Macintosh; Intel Mac OS X 10.14; rv:65.0) Gecko/20100101 Firefox/65.0"
139.162.227.178 - - [26/Dec/2018:11:44:02 +0000] "GET /wp-content/uploads/2016/04/P1210667-150x150.jpg HTTP/1.1" 200 5453 "-" "GuzzleHttp/6.3.3 curl/7.52.1 PHP/7.0.33-1~dotdeb+8.1"
82.39.169.4 - - [26/Dec/2018:11:44:02 +0000] "POST /wp-admin/admin-ajax.php HTTP/1.1" 200 35 "https://kendal-ki-aikido.org.uk/wp-admin/admin.php?page=wp2static" "Mozilla/5.0 (Macintosh; Intel Mac OS X 10.14; rv:65.0) Gecko/20100101 Firefox/65.0"
139.162.227.178 - - [26/Dec/2018:11:44:02 +0000] "GET /wp-content/uploads/2016/04/IMG_0906-1-480x340.jpg HTTP/1.1" 200 15109 "-" "GuzzleHttp/6.3.3 curl/7.52.1 PHP/7.0.33-1~dotdeb+8.1"
82.39.169.4 - - [26/Dec/2018:11:44:02 +0000] "POST /wp-admin/admin-ajax.php HTTP/1.1" 200 35 "https://kendal-ki-aikido.org.uk/wp-admin/admin.php?page=wp2static" "Mozilla/5.0 (Macintosh; Intel Mac OS X 10.14; rv:65.0) Gecko/20100101 Firefox/65.0"
139.162.227.178 - - [26/Dec/2018:11:44:03 +0000] "GET /wp-content/uploads/2016/04/map-350x295.png HTTP/1.1" 200 92673 "-" "GuzzleHttp/6.3.3 curl/7.52.1 PHP/7.0.33-1~dotdeb+8.1"
82.39.169.4 - - [26/Dec/2018:11:44:03 +0000] "POST /wp-admin/admin-ajax.php HTTP/1.1" 200 35 "https://kendal-ki-aikido.org.uk/wp-admin/admin.php?page=wp2static" "Mozilla/5.0 (Macintosh; Intel Mac OS X 10.14; rv:65.0) Gecko/20100101 Firefox/65.0"
139.162.227.178 - - [26/Dec/2018:11:44:03 +0000] "GET /wp-content/uploads/2016/04/IMG_0906-295x393.jpg HTTP/1.1" 200 21406 "-" "GuzzleHttp/6.3.3 curl/7.52.1 PHP/7.0.33-1~dotdeb+8.1"
82.39.169.4 - - [26/Dec/2018:11:44:03 +0000] "POST /wp-admin/admin-ajax.php HTTP/1.1" 200 35 "https://kendal-ki-aikido.org.uk/wp-admin/admin.php?page=wp2static" "Mozilla/5.0 (Macintosh; Intel Mac OS X 10.14; rv:65.0) Gecko/20100101 Firefox/65.0"
139.162.227.178 - - [26/Dec/2018:11:44:03 +0000] "GET /wp-content/uploads/2016/04/cropped-logo-e1460416041273-1-512x460.png HTTP/1.1" 200 121696 "-" "GuzzleHttp/6.3.3 curl/7.52.1 PHP/7.0.33-1~dotdeb+8.1"
82.39.169.4 - - [26/Dec/2018:11:44:03 +0000] "POST /wp-admin/admin-ajax.php HTTP/1.1" 200 35 "https://kendal-ki-aikido.org.uk/wp-admin/admin.php?page=wp2static" "Mozilla/5.0 (Macintosh; Intel Mac OS X 10.14; rv:65.0) Gecko/20100101 Firefox/65.0"
139.162.227.178 - - [26/Dec/2018:11:44:03 +0000] "GET /wp-content/uploads/2016/04/cropped-logo-e1460416041273-180x180.png HTTP/1.1" 200 28245 "-" "GuzzleHttp/6.3.3 curl/7.52.1 PHP/7.0.33-1~dotdeb+8.1"
82.39.169.4 - - [26/Dec/2018:11:44:03 +0000] "POST /wp-admin/admin-ajax.php HTTP/1.1" 200 35 "https://kendal-ki-aikido.org.uk/wp-admin/admin.php?page=wp2static" "Mozilla/5.0 (Macintosh; Intel Mac OS X 10.14; rv:65.0) Gecko/20100101 Firefox/65.0"
139.162.227.178 - - [26/Dec/2018:11:44:03 +0000] "GET /wp-content/uploads/2016/04/P1210667-480x340.jpg HTTP/1.1" 200 24400 "-" "GuzzleHttp/6.3.3 curl/7.52.1 PHP/7.0.33-1~dotdeb+8.1"
82.39.169.4 - - [26/Dec/2018:11:44:03 +0000] "POST /wp-admin/admin-ajax.php HTTP/1.1" 200 35 "https://kendal-ki-aikido.org.uk/wp-admin/admin.php?page=wp2static" "Mozilla/5.0 (Macintosh; Intel Mac OS X 10.14; rv:65.0) Gecko/20100101 Firefox/65.0"
139.162.227.178 - - [26/Dec/2018:11:44:04 +0000] "GET /wp-content/uploads/2016/04/cropped-logo-e1460416041273-1-180x180.png HTTP/1.1" 200 28270 "-" "GuzzleHttp/6.3.3 curl/7.52.1 PHP/7.0.33-1~dotdeb+8.1"
82.39.169.4 - - [26/Dec/2018:11:44:04 +0000] "POST /wp-admin/admin-ajax.php HTTP/1.1" 200 35 "https://kendal-ki-aikido.org.uk/wp-admin/admin.php?page=wp2static" "Mozilla/5.0 (Macintosh; Intel Mac OS X 10.14; rv:65.0) Gecko/20100101 Firefox/65.0"
139.162.227.178 - - [26/Dec/2018:11:44:04 +0000] "GET /wp-content/uploads/2016/04/IMG_1057-1000x720.jpg HTTP/1.1" 200 80390 "-" "GuzzleHttp/6.3.3 curl/7.52.1 PHP/7.0.33-1~dotdeb+8.1"
82.39.169.4 - - [26/Dec/2018:11:44:04 +0000] "POST /wp-admin/admin-ajax.php HTTP/1.1" 200 35 "https://kendal-ki-aikido.org.uk/wp-admin/admin.php?page=wp2static" "Mozilla/5.0 (Macintosh; Intel Mac OS X 10.14; rv:65.0) Gecko/20100101 Firefox/65.0"
139.162.227.178 - - [26/Dec/2018:11:44:04 +0000] "GET /wp-content/uploads/2016/04/IMG_0906-1520x920.jpg HTTP/1.1" 200 127494 "-" "GuzzleHttp/6.3.3 curl/7.52.1 PHP/7.0.33-1~dotdeb+8.1"
82.39.169.4 - - [26/Dec/2018:11:44:04 +0000] "POST /wp-admin/admin-ajax.php HTTP/1.1" 200 35 "https://kendal-ki-aikido.org.uk/wp-admin/admin.php?page=wp2static" "Mozilla/5.0 (Macintosh; Intel Mac OS X 10.14; rv:65.0) Gecko/20100101 Firefox/65.0"
139.162.227.178 - - [26/Dec/2018:11:44:04 +0000] "GET /wp-content/uploads/2016/04/cropped-logo-e1460416041273-295x512.png HTTP/1.1" 200 90237 "-" "GuzzleHttp/6.3.3 curl/7.52.1 PHP/7.0.33-1~dotdeb+8.1"
82.39.169.4 - - [26/Dec/2018:11:44:04 +0000] "POST /wp-admin/admin-ajax.php HTTP/1.1" 200 35 "https://kendal-ki-aikido.org.uk/wp-admin/admin.php?page=wp2static" "Mozilla/5.0 (Macintosh; Intel Mac OS X 10.14; rv:65.0) Gecko/20100101 Firefox/65.0"
139.162.227.178 - - [26/Dec/2018:11:44:04 +0000] "GET /wp-content/uploads/2016/04/IMG_0906-768x435.jpg HTTP/1.1" 200 43444 "-" "GuzzleHttp/6.3.3 curl/7.52.1 PHP/7.0.33-1~dotdeb+8.1"
82.39.169.4 - - [26/Dec/2018:11:44:04 +0000] "POST /wp-admin/admin-ajax.php HTTP/1.1" 200 35 "https://kendal-ki-aikido.org.uk/wp-admin/admin.php?page=wp2static" "Mozilla/5.0 (Macintosh; Intel Mac OS X 10.14; rv:65.0) Gecko/20100101 Firefox/65.0"
139.162.227.178 - - [26/Dec/2018:11:44:05 +0000] "GET /wp-content/uploads/2016/04/P1210623-1000x720.jpg HTTP/1.1" 200 87891 "-" "GuzzleHttp/6.3.3 curl/7.52.1 PHP/7.0.33-1~dotdeb+8.1"
82.39.169.4 - - [26/Dec/2018:11:44:05 +0000] "POST /wp-admin/admin-ajax.php HTTP/1.1" 200 35 "https://kendal-ki-aikido.org.uk/wp-admin/admin.php?page=wp2static" "Mozilla/5.0 (Macintosh; Intel Mac OS X 10.14; rv:65.0) Gecko/20100101 Firefox/65.0"
139.162.227.178 - - [26/Dec/2018:11:44:05 +0000] "GET /wp-content/uploads/2016/04/IMG_1057-340x480.jpg HTTP/1.1" 200 25035 "-" "GuzzleHttp/6.3.3 curl/7.52.1 PHP/7.0.33-1~dotdeb+8.1"
82.39.169.4 - - [26/Dec/2018:11:44:05 +0000] "POST /wp-admin/admin-ajax.php HTTP/1.1" 200 35 "https://kendal-ki-aikido.org.uk/wp-admin/admin.php?page=wp2static" "Mozilla/5.0 (Macintosh; Intel Mac OS X 10.14; rv:65.0) Gecko/20100101 Firefox/65.0"
139.162.227.178 - - [26/Dec/2018:11:44:05 +0000] "GET /wp-content/uploads/2016/04/IMG_1057-768x372.jpg HTTP/1.1" 200 39955 "-" "GuzzleHttp/6.3.3 curl/7.52.1 PHP/7.0.33-1~dotdeb+8.1"
82.39.169.4 - - [26/Dec/2018:11:44:05 +0000] "POST /wp-admin/admin-ajax.php HTTP/1.1" 200 35 "https://kendal-ki-aikido.org.uk/wp-admin/admin.php?page=wp2static" "Mozilla/5.0 (Macintosh; Intel Mac OS X 10.14; rv:65.0) Gecko/20100101 Firefox/65.0"
139.162.227.178 - - [26/Dec/2018:11:44:05 +0000] "GET /wp-content/uploads/2016/04/map-300x300.png HTTP/1.1" 200 88324 "-" "GuzzleHttp/6.3.3 curl/7.52.1 PHP/7.0.33-1~dotdeb+8.1"
82.39.169.4 - - [26/Dec/2018:11:44:05 +0000] "POST /wp-admin/admin-ajax.php HTTP/1.1" 200 35 "https://kendal-ki-aikido.org.uk/wp-admin/admin.php?page=wp2static" "Mozilla/5.0 (Macintosh; Intel Mac OS X 10.14; rv:65.0) Gecko/20100101 Firefox/65.0"
139.162.227.178 - - [26/Dec/2018:11:44:05 +0000] "GET /wp-content/uploads/2016/04/P1210667-768x456.jpg HTTP/1.1" 200 44559 "-" "GuzzleHttp/6.3.3 curl/7.52.1 PHP/7.0.33-1~dotdeb+8.1"
82.39.169.4 - - [26/Dec/2018:11:44:05 +0000] "POST /wp-admin/admin-ajax.php HTTP/1.1" 200 35 "https://kendal-ki-aikido.org.uk/wp-admin/admin.php?page=wp2static" "Mozilla/5.0 (Macintosh; Intel Mac OS X 10.14; rv:65.0) Gecko/20100101 Firefox/65.0"
139.162.227.178 - - [26/Dec/2018:11:44:06 +0000] "GET /wp-content/uploads/2016/04/KSMBDA-Large-460x300.png HTTP/1.1" 200 65406 "-" "GuzzleHttp/6.3.3 curl/7.52.1 PHP/7.0.33-1~dotdeb+8.1"
82.39.169.4 - - [26/Dec/2018:11:44:06 +0000] "POST /wp-admin/admin-ajax.php HTTP/1.1" 200 35 "https://kendal-ki-aikido.org.uk/wp-admin/admin.php?page=wp2static" "Mozilla/5.0 (Macintosh; Intel Mac OS X 10.14; rv:65.0) Gecko/20100101 Firefox/65.0"
139.162.227.178 - - [26/Dec/2018:11:44:06 +0000] "GET /wp-content/uploads/2016/04/cropped-logo-e1460416041273-1-32x32.png HTTP/1.1" 200 2226 "-" "GuzzleHttp/6.3.3 curl/7.52.1 PHP/7.0.33-1~dotdeb+8.1"
82.39.169.4 - - [26/Dec/2018:11:44:06 +0000] "POST /wp-admin/admin-ajax.php HTTP/1.1" 200 35 "https://kendal-ki-aikido.org.uk/wp-admin/admin.php?page=wp2static" "Mozilla/5.0 (Macintosh; Intel Mac OS X 10.14; rv:65.0) Gecko/20100101 Firefox/65.0"
139.162.227.178 - - [26/Dec/2018:11:44:06 +0000] "GET /wp-content/uploads/2016/04/phil-240x166.png HTTP/1.1" 200 59313 "-" "GuzzleHttp/6.3.3 curl/7.52.1 PHP/7.0.33-1~dotdeb+8.1"
82.39.169.4 - - [26/Dec/2018:11:44:06 +0000] "POST /wp-admin/admin-ajax.php HTTP/1.1" 200 35 "https://kendal-ki-aikido.org.uk/wp-admin/admin.php?page=wp2static" "Mozilla/5.0 (Macintosh; Intel Mac OS X 10.14; rv:65.0) Gecko/20100101 Firefox/65.0"
139.162.227.178 - - [26/Dec/2018:11:44:07 +0000] "GET /wp-content/uploads/2016/04/IMG_1057.jpg HTTP/1.1" 200 592726 "-" "GuzzleHttp/6.3.3 curl/7.52.1 PHP/7.0.33-1~dotdeb+8.1"
82.39.169.4 - - [26/Dec/2018:11:44:07 +0000] "POST /wp-admin/admin-ajax.php HTTP/1.1" 200 35 "https://kendal-ki-aikido.org.uk/wp-admin/admin.php?page=wp2static" "Mozilla/5.0 (Macintosh; Intel Mac OS X 10.14; rv:65.0) Gecko/20100101 Firefox/65.0"
139.162.227.178 - - [26/Dec/2018:11:44:09 +0000] "GET /wp-content/uploads/2016/04/IMG_0906-1-150x150.jpg HTTP/1.1" 200 3895 "-" "GuzzleHttp/6.3.3 curl/7.52.1 PHP/7.0.33-1~dotdeb+8.1"
82.39.169.4 - - [26/Dec/2018:11:44:09 +0000] "POST /wp-admin/admin-ajax.php HTTP/1.1" 200 35 "https://kendal-ki-aikido.org.uk/wp-admin/admin.php?page=wp2static" "Mozilla/5.0 (Macintosh; Intel Mac OS X 10.14; rv:65.0) Gecko/20100101 Firefox/65.0"
139.162.227.178 - - [26/Dec/2018:11:44:10 +0000] "GET /wp-content/uploads/2016/04/KSMBDA-Large-300x380.png HTTP/1.1" 200 60482 "-" "GuzzleHttp/6.3.3 curl/7.52.1 PHP/7.0.33-1~dotdeb+8.1"
82.39.169.4 - - [26/Dec/2018:11:44:10 +0000] "POST /wp-admin/admin-ajax.php HTTP/1.1" 200 35 "https://kendal-ki-aikido.org.uk/wp-admin/admin.php?page=wp2static" "Mozilla/5.0 (Macintosh; Intel Mac OS X 10.14; rv:65.0) Gecko/20100101 Firefox/65.0"
139.162.227.178 - - [26/Dec/2018:11:44:10 +0000] "GET /wp-content/uploads/2016/04/P1210667-1000x720.jpg HTTP/1.1" 200 71133 "-" "GuzzleHttp/6.3.3 curl/7.52.1 PHP/7.0.33-1~dotdeb+8.1"
82.39.169.4 - - [26/Dec/2018:11:44:10 +0000] "POST /wp-admin/admin-ajax.php HTTP/1.1" 200 35 "https://kendal-ki-aikido.org.uk/wp-admin/admin.php?page=wp2static" "Mozilla/5.0 (Macintosh; Intel Mac OS X 10.14; rv:65.0) Gecko/20100101 Firefox/65.0"
139.162.227.178 - - [26/Dec/2018:11:44:10 +0000] "GET /wp-content/uploads/2016/04/andy-240x166.png HTTP/1.1" 200 60031 "-" "GuzzleHttp/6.3.3 curl/7.52.1 PHP/7.0.33-1~dotdeb+8.1"
82.39.169.4 - - [26/Dec/2018:11:44:10 +0000] "POST /wp-admin/admin-ajax.php HTTP/1.1" 200 35 "https://kendal-ki-aikido.org.uk/wp-admin/admin.php?page=wp2static" "Mozilla/5.0 (Macintosh; Intel Mac OS X 10.14; rv:65.0) Gecko/20100101 Firefox/65.0"
139.162.227.178 - - [26/Dec/2018:11:44:11 +0000] "GET /wp-content/uploads/2016/04/cropped-logo-e1460416041273-1-295x393.png HTTP/1.1" 200 76110 "-" "GuzzleHttp/6.3.3 curl/7.52.1 PHP/7.0.33-1~dotdeb+8.1"
82.39.169.4 - - [26/Dec/2018:11:44:11 +0000] "POST /wp-admin/admin-ajax.php HTTP/1.1" 200 35 "https://kendal-ki-aikido.org.uk/wp-admin/admin.php?page=wp2static" "Mozilla/5.0 (Macintosh; Intel Mac OS X 10.14; rv:65.0) Gecko/20100101 Firefox/65.0"
139.162.227.178 - - [26/Dec/2018:11:44:11 +0000] "GET /wp-content/uploads/2016/04/cropped-logo-e1460416041273-512x300.png HTTP/1.1" 200 92157 "-" "GuzzleHttp/6.3.3 curl/7.52.1 PHP/7.0.33-1~dotdeb+8.1"
82.39.169.4 - - [26/Dec/2018:11:44:11 +0000] "POST /wp-admin/admin-ajax.php HTTP/1.1" 200 35 "https://kendal-ki-aikido.org.uk/wp-admin/admin.php?page=wp2static" "Mozilla/5.0 (Macintosh; Intel Mac OS X 10.14; rv:65.0) Gecko/20100101 Firefox/65.0"
139.162.227.178 - - [26/Dec/2018:11:44:11 +0000] "GET /wp-content/uploads/2016/04/IMG_0906-600x300.jpg HTTP/1.1" 200 29868 "-" "GuzzleHttp/6.3.3 curl/7.52.1 PHP/7.0.33-1~dotdeb+8.1"
96.47.225.18 - - [26/Dec/2018:11:44:11 +0000] "GET / HTTP/1.1" 301 185 "-" "Pingdom.com_bot_version_1.4_(http://www.pingdom.com/)"
82.39.169.4 - - [26/Dec/2018:11:44:11 +0000] "POST /wp-admin/admin-ajax.php HTTP/1.1" 200 35 "https://kendal-ki-aikido.org.uk/wp-admin/admin.php?page=wp2static" "Mozilla/5.0 (Macintosh; Intel Mac OS X 10.14; rv:65.0) Gecko/20100101 Firefox/65.0"
139.162.227.178 - - [26/Dec/2018:11:44:11 +0000] "GET /wp-content/uploads/2016/04/IMG_0906-800x800.jpg HTTP/1.1" 200 65064 "-" "GuzzleHttp/6.3.3 curl/7.52.1 PHP/7.0.33-1~dotdeb+8.1"
82.39.169.4 - - [26/Dec/2018:11:44:11 +0000] "POST /wp-admin/admin-ajax.php HTTP/1.1" 200 35 "https://kendal-ki-aikido.org.uk/wp-admin/admin.php?page=wp2static" "Mozilla/5.0 (Macintosh; Intel Mac OS X 10.14; rv:65.0) Gecko/20100101 Firefox/65.0"
139.162.227.178 - - [26/Dec/2018:11:44:11 +0000] "GET /wp-content/uploads/2016/04/IMG_0906-1-480x480.jpg HTTP/1.1" 200 17340 "-" "GuzzleHttp/6.3.3 curl/7.52.1 PHP/7.0.33-1~dotdeb+8.1"
82.39.169.4 - - [26/Dec/2018:11:44:11 +0000] "POST /wp-admin/admin-ajax.php HTTP/1.1" 200 35 "https://kendal-ki-aikido.org.uk/wp-admin/admin.php?page=wp2static" "Mozilla/5.0 (Macintosh; Intel Mac OS X 10.14; rv:65.0) Gecko/20100101 Firefox/65.0"
139.162.227.178 - - [26/Dec/2018:11:44:11 +0000] "GET /wp-content/uploads/2016/04/cropped-logo-e1460416041273-512x400.png HTTP/1.1" 200 114722 "-" "GuzzleHttp/6.3.3 curl/7.52.1 PHP/7.0.33-1~dotdeb+8.1"
82.39.169.4 - - [26/Dec/2018:11:44:11 +0000] "POST /wp-admin/admin-ajax.php HTTP/1.1" 200 35 "https://kendal-ki-aikido.org.uk/wp-admin/admin.php?page=wp2static" "Mozilla/5.0 (Macintosh; Intel Mac OS X 10.14; rv:65.0) Gecko/20100101 Firefox/65.0"
139.162.227.178 - - [26/Dec/2018:11:44:11 +0000] "GET /wp-content/uploads/2016/04/janet-150x150.png HTTP/1.1" 200 37527 "-" "GuzzleHttp/6.3.3 curl/7.52.1 PHP/7.0.33-1~dotdeb+8.1"
82.39.169.4 - - [26/Dec/2018:11:44:11 +0000] "POST /wp-admin/admin-ajax.php HTTP/1.1" 200 35 "https://kendal-ki-aikido.org.uk/wp-admin/admin.php?page=wp2static" "Mozilla/5.0 (Macintosh; Intel Mac OS X 10.14; rv:65.0) Gecko/20100101 Firefox/65.0"
139.162.227.178 - - [26/Dec/2018:11:44:12 +0000] "GET /wp-content/uploads/2016/04/P1210667-1000x1000.jpg HTTP/1.1" 200 82459 "-" "GuzzleHttp/6.3.3 curl/7.52.1 PHP/7.0.33-1~dotdeb+8.1"
82.39.169.4 - - [26/Dec/2018:11:44:12 +0000] "POST /wp-admin/admin-ajax.php HTTP/1.1" 200 35 "https://kendal-ki-aikido.org.uk/wp-admin/admin.php?page=wp2static" "Mozilla/5.0 (Macintosh; Intel Mac OS X 10.14; rv:65.0) Gecko/20100101 Firefox/65.0"
139.162.227.178 - - [26/Dec/2018:11:44:12 +0000] "GET /wp-content/uploads/2016/04/cropped-logo-e1460416041273-512x332.png HTTP/1.1" 200 100112 "-" "GuzzleHttp/6.3.3 curl/7.52.1 PHP/7.0.33-1~dotdeb+8.1"
82.39.169.4 - - [26/Dec/2018:11:44:12 +0000] "POST /wp-admin/admin-ajax.php HTTP/1.1" 200 35 "https://kendal-ki-aikido.org.uk/wp-admin/admin.php?page=wp2static" "Mozilla/5.0 (Macintosh; Intel Mac OS X 10.14; rv:65.0) Gecko/20100101 Firefox/65.0"
139.162.227.178 - - [26/Dec/2018:11:44:12 +0000] "GET /wp-content/uploads/2016/04/P1210623-150x150.jpg HTTP/1.1" 200 5779 "-" "GuzzleHttp/6.3.3 curl/7.52.1 PHP/7.0.33-1~dotdeb+8.1"
82.39.169.4 - - [26/Dec/2018:11:44:12 +0000] "POST /wp-admin/admin-ajax.php HTTP/1.1" 200 35 "https://kendal-ki-aikido.org.uk/wp-admin/admin.php?page=wp2static" "Mozilla/5.0 (Macintosh; Intel Mac OS X 10.14; rv:65.0) Gecko/20100101 Firefox/65.0"
139.162.227.178 - - [26/Dec/2018:11:44:12 +0000] "GET /wp-content/uploads/2016/04/IMG_0906-590x786.jpg HTTP/1.1" 200 51467 "-" "GuzzleHttp/6.3.3 curl/7.52.1 PHP/7.0.33-1~dotdeb+8.1"
82.39.169.4 - - [26/Dec/2018:11:44:12 +0000] "POST /wp-admin/admin-ajax.php HTTP/1.1" 200 35 "https://kendal-ki-aikido.org.uk/wp-admin/admin.php?page=wp2static" "Mozilla/5.0 (Macintosh; Intel Mac OS X 10.14; rv:65.0) Gecko/20100101 Firefox/65.0"
139.162.227.178 - - [26/Dec/2018:11:44:13 +0000] "GET /wp-content/uploads/2016/04/IMG_0906-590x1048.jpg HTTP/1.1" 200 65559 "-" "GuzzleHttp/6.3.3 curl/7.52.1 PHP/7.0.33-1~dotdeb+8.1"
82.39.169.4 - - [26/Dec/2018:11:44:13 +0000] "POST /wp-admin/admin-ajax.php HTTP/1.1" 200 35 "https://kendal-ki-aikido.org.uk/wp-admin/admin.php?page=wp2static" "Mozilla/5.0 (Macintosh; Intel Mac OS X 10.14; rv:65.0) Gecko/20100101 Firefox/65.0"
139.162.227.178 - - [26/Dec/2018:11:44:13 +0000] "POST /wp-cron.php?doing_wp_cron=1545824652.3640120029449462890625 HTTP/1.1" 499 0 "https://kendal-ki-aikido.org.uk/wp-cron.php?doing_wp_cron=1545824652.3640120029449462890625" "WordPress/5.0.2; https://kendal-ki-aikido.org.uk"
139.162.227.178 - - [26/Dec/2018:11:44:13 +0000] "GET /wp-content/uploads/2016/04/IMG_0906-150x150.jpg HTTP/1.1" 200 11109 "-" "GuzzleHttp/6.3.3 curl/7.52.1 PHP/7.0.33-1~dotdeb+8.1"
82.39.169.4 - - [26/Dec/2018:11:44:13 +0000] "POST /wp-admin/admin-ajax.php HTTP/1.1" 200 35 "https://kendal-ki-aikido.org.uk/wp-admin/admin.php?page=wp2static" "Mozilla/5.0 (Macintosh; Intel Mac OS X 10.14; rv:65.0) Gecko/20100101 Firefox/65.0"
139.162.227.178 - - [26/Dec/2018:11:44:13 +0000] "GET /wp-content/uploads/2016/04/P1210623-768x423.jpg HTTP/1.1" 200 48327 "-" "GuzzleHttp/6.3.3 curl/7.52.1 PHP/7.0.33-1~dotdeb+8.1"
82.39.169.4 - - [26/Dec/2018:11:44:14 +0000] "POST /wp-admin/admin-ajax.php HTTP/1.1" 200 35 "https://kendal-ki-aikido.org.uk/wp-admin/admin.php?page=wp2static" "Mozilla/5.0 (Macintosh; Intel Mac OS X 10.14; rv:65.0) Gecko/20100101 Firefox/65.0"
96.47.225.18 - - [26/Dec/2018:11:44:14 +0000] "GET / HTTP/1.1" 301 5 "-" "Pingdom.com_bot_version_1.4_(http://www.pingdom.com/)"
139.162.227.178 - - [26/Dec/2018:11:44:14 +0000] "GET /wp-content/uploads/2016/04/P1210636-1000x1000.jpg HTTP/1.1" 200 97067 "-" "GuzzleHttp/6.3.3 curl/7.52.1 PHP/7.0.33-1~dotdeb+8.1"
82.39.169.4 - - [26/Dec/2018:11:44:14 +0000] "POST /wp-admin/admin-ajax.php HTTP/1.1" 200 35 "https://kendal-ki-aikido.org.uk/wp-admin/admin.php?page=wp2static" "Mozilla/5.0 (Macintosh; Intel Mac OS X 10.14; rv:65.0) Gecko/20100101 Firefox/65.0"
139.162.227.178 - - [26/Dec/2018:11:44:14 +0000] "GET /wp-content/uploads/2016/04/P1210667-300x178.jpg HTTP/1.1" 200 11214 "-" "GuzzleHttp/6.3.3 curl/7.52.1 PHP/7.0.33-1~dotdeb+8.1"
82.39.169.4 - - [26/Dec/2018:11:44:14 +0000] "POST /wp-admin/admin-ajax.php HTTP/1.1" 200 35 "https://kendal-ki-aikido.org.uk/wp-admin/admin.php?page=wp2static" "Mozilla/5.0 (Macintosh; Intel Mac OS X 10.14; rv:65.0) Gecko/20100101 Firefox/65.0"
139.162.227.178 - - [26/Dec/2018:11:44:15 +0000] "GET /wp-content/uploads/2016/04/IMG_0906-600x400.jpg HTTP/1.1" 200 34473 "-" "GuzzleHttp/6.3.3 curl/7.52.1 PHP/7.0.33-1~dotdeb+8.1"
82.39.169.4 - - [26/Dec/2018:11:44:15 +0000] "POST /wp-admin/admin-ajax.php HTTP/1.1" 200 35 "https://kendal-ki-aikido.org.uk/wp-admin/admin.php?page=wp2static" "Mozilla/5.0 (Macintosh; Intel Mac OS X 10.14; rv:65.0) Gecko/20100101 Firefox/65.0"
139.162.227.178 - - [26/Dec/2018:11:44:15 +0000] "GET /wp-content/uploads/2016/04/IMG_1057-480x340.jpg HTTP/1.1" 200 25371 "-" "GuzzleHttp/6.3.3 curl/7.52.1 PHP/7.0.33-1~dotdeb+8.1"
82.39.169.4 - - [26/Dec/2018:11:44:15 +0000] "POST /wp-admin/admin-ajax.php HTTP/1.1" 200 35 "https://kendal-ki-aikido.org.uk/wp-admin/admin.php?page=wp2static" "Mozilla/5.0 (Macintosh; Intel Mac OS X 10.14; rv:65.0) Gecko/20100101 Firefox/65.0"
96.47.225.18 - - [26/Dec/2018:11:44:15 +0000] "GET / HTTP/1.1" 200 18561 "-" "Pingdom.com_bot_version_1.4_(http://www.pingdom.com/)"
139.162.227.178 - - [26/Dec/2018:11:44:17 +0000] "GET /wp-content/uploads/2016/04/logo.png HTTP/1.1" 200 16202 "-" "GuzzleHttp/6.3.3 curl/7.52.1 PHP/7.0.33-1~dotdeb+8.1"
82.39.169.4 - - [26/Dec/2018:11:44:17 +0000] "POST /wp-admin/admin-ajax.php HTTP/1.1" 200 35 "https://kendal-ki-aikido.org.uk/wp-admin/admin.php?page=wp2static" "Mozilla/5.0 (Macintosh; Intel Mac OS X 10.14; rv:65.0) Gecko/20100101 Firefox/65.0"
139.162.227.178 - - [26/Dec/2018:11:44:17 +0000] "GET /wp-content/uploads/2016/04/cropped-logo-e1460416041273-1-512x300.png HTTP/1.1" 200 92168 "-" "GuzzleHttp/6.3.3 curl/7.52.1 PHP/7.0.33-1~dotdeb+8.1"
82.39.169.4 - - [26/Dec/2018:11:44:17 +0000] "POST /wp-admin/admin-ajax.php HTTP/1.1" 200 35 "https://kendal-ki-aikido.org.uk/wp-admin/admin.php?page=wp2static" "Mozilla/5.0 (Macintosh; Intel Mac OS X 10.14; rv:65.0) Gecko/20100101 Firefox/65.0"
139.162.227.178 - - [26/Dec/2018:11:44:17 +0000] "GET /wp-content/uploads/2016/04/map-295x301.png HTTP/1.1" 200 80184 "-" "GuzzleHttp/6.3.3 curl/7.52.1 PHP/7.0.33-1~dotdeb+8.1"
82.39.169.4 - - [26/Dec/2018:11:44:17 +0000] "POST /wp-admin/admin-ajax.php HTTP/1.1" 200 35 "https://kendal-ki-aikido.org.uk/wp-admin/admin.php?page=wp2static" "Mozilla/5.0 (Macintosh; Intel Mac OS X 10.14; rv:65.0) Gecko/20100101 Firefox/65.0"
139.162.227.178 - - [26/Dec/2018:11:44:17 +0000] "GET /wp-content/uploads/2016/04/cropped-logo-e1460416041273-295x393.png HTTP/1.1" 200 76236 "-" "GuzzleHttp/6.3.3 curl/7.52.1 PHP/7.0.33-1~dotdeb+8.1"
82.39.169.4 - - [26/Dec/2018:11:44:17 +0000] "POST /wp-admin/admin-ajax.php HTTP/1.1" 200 35 "https://kendal-ki-aikido.org.uk/wp-admin/admin.php?page=wp2static" "Mozilla/5.0 (Macintosh; Intel Mac OS X 10.14; rv:65.0) Gecko/20100101 Firefox/65.0"
139.162.227.178 - - [26/Dec/2018:11:44:17 +0000] "GET /wp-content/uploads/2016/04/P1210636-1000x720.jpg HTTP/1.1" 200 74618 "-" "GuzzleHttp/6.3.3 curl/7.52.1 PHP/7.0.33-1~dotdeb+8.1"
82.39.169.4 - - [26/Dec/2018:11:44:17 +0000] "POST /wp-admin/admin-ajax.php HTTP/1.1" 200 35 "https://kendal-ki-aikido.org.uk/wp-admin/admin.php?page=wp2static" "Mozilla/5.0 (Macintosh; Intel Mac OS X 10.14; rv:65.0) Gecko/20100101 Firefox/65.0"
139.162.227.178 - - [26/Dec/2018:11:44:18 +0000] "GET /wp-content/uploads/2016/04/P1210636-768x352.jpg HTTP/1.1" 200 38987 "-" "GuzzleHttp/6.3.3 curl/7.52.1 PHP/7.0.33-1~dotdeb+8.1"
82.39.169.4 - - [26/Dec/2018:11:44:18 +0000] "POST /wp-admin/admin-ajax.php HTTP/1.1" 200 35 "https://kendal-ki-aikido.org.uk/wp-admin/admin.php?page=wp2static" "Mozilla/5.0 (Macintosh; Intel Mac OS X 10.14; rv:65.0) Gecko/20100101 Firefox/65.0"
139.162.227.178 - - [26/Dec/2018:11:44:18 +0000] "GET /wp-content/uploads/2016/04/P1210623-340x480.jpg HTTP/1.1" 200 23132 "-" "GuzzleHttp/6.3.3 curl/7.52.1 PHP/7.0.33-1~dotdeb+8.1"
82.39.169.4 - - [26/Dec/2018:11:44:18 +0000] "POST /wp-admin/admin-ajax.php HTTP/1.1" 200 35 "https://kendal-ki-aikido.org.uk/wp-admin/admin.php?page=wp2static" "Mozilla/5.0 (Macintosh; Intel Mac OS X 10.14; rv:65.0) Gecko/20100101 Firefox/65.0"
139.162.227.178 - - [26/Dec/2018:11:44:18 +0000] "GET /wp-content/uploads/2016/04/phil-1-150x150.png HTTP/1.1" 200 37605 "-" "GuzzleHttp/6.3.3 curl/7.52.1 PHP/7.0.33-1~dotdeb+8.1"
82.39.169.4 - - [26/Dec/2018:11:44:18 +0000] "POST /wp-admin/admin-ajax.php HTTP/1.1" 200 35 "https://kendal-ki-aikido.org.uk/wp-admin/admin.php?page=wp2static" "Mozilla/5.0 (Macintosh; Intel Mac OS X 10.14; rv:65.0) Gecko/20100101 Firefox/65.0"
139.162.227.178 - - [26/Dec/2018:11:44:19 +0000] "GET /wp-content/uploads/2016/04/cropped-logo-e1460416041273-1-150x150.png HTTP/1.1" 200 21646 "-" "GuzzleHttp/6.3.3 curl/7.52.1 PHP/7.0.33-1~dotdeb+8.1"
82.39.169.4 - - [26/Dec/2018:11:44:19 +0000] "POST /wp-admin/admin-ajax.php HTTP/1.1" 200 35 "https://kendal-ki-aikido.org.uk/wp-admin/admin.php?page=wp2static" "Mozilla/5.0 (Macintosh; Intel Mac OS X 10.14; rv:65.0) Gecko/20100101 Firefox/65.0"
139.162.227.178 - - [26/Dec/2018:11:44:19 +0000] "GET /wp-content/uploads/2016/04/cropped-logo-e1460416041273-1-512x346.png HTTP/1.1" 200 103349 "-" "GuzzleHttp/6.3.3 curl/7.52.1 PHP/7.0.33-1~dotdeb+8.1"
82.39.169.4 - - [26/Dec/2018:11:44:19 +0000] "POST /wp-admin/admin-ajax.php HTTP/1.1" 200 35 "https://kendal-ki-aikido.org.uk/wp-admin/admin.php?page=wp2static" "Mozilla/5.0 (Macintosh; Intel Mac OS X 10.14; rv:65.0) Gecko/20100101 Firefox/65.0"
139.162.227.178 - - [26/Dec/2018:11:44:19 +0000] "GET /wp-content/uploads/2016/04/cropped-logo-e1460416041273-1-295x512.png HTTP/1.1" 200 89729 "-" "GuzzleHttp/6.3.3 curl/7.52.1 PHP/7.0.33-1~dotdeb+8.1"
82.39.169.4 - - [26/Dec/2018:11:44:19 +0000] "POST /wp-admin/admin-ajax.php HTTP/1.1" 200 35 "https://kendal-ki-aikido.org.uk/wp-admin/admin.php?page=wp2static" "Mozilla/5.0 (Macintosh; Intel Mac OS X 10.14; rv:65.0) Gecko/20100101 Firefox/65.0"
139.162.227.178 - - [26/Dec/2018:11:44:19 +0000] "GET /wp-content/uploads/2016/04/P1210636-720x1000.jpg HTTP/1.1" 200 69634 "-" "GuzzleHttp/6.3.3 curl/7.52.1 PHP/7.0.33-1~dotdeb+8.1"
82.39.169.4 - - [26/Dec/2018:11:44:19 +0000] "POST /wp-admin/admin-ajax.php HTTP/1.1" 200 35 "https://kendal-ki-aikido.org.uk/wp-admin/admin.php?page=wp2static" "Mozilla/5.0 (Macintosh; Intel Mac OS X 10.14; rv:65.0) Gecko/20100101 Firefox/65.0"
139.162.227.178 - - [26/Dec/2018:11:44:20 +0000] "GET /wp-content/uploads/2016/04/logo-1-e1461440194918.png HTTP/1.1" 200 4993 "-" "GuzzleHttp/6.3.3 curl/7.52.1 PHP/7.0.33-1~dotdeb+8.1"
82.39.169.4 - - [26/Dec/2018:11:44:20 +0000] "POST /wp-admin/admin-ajax.php HTTP/1.1" 200 35 "https://kendal-ki-aikido.org.uk/wp-admin/admin.php?page=wp2static" "Mozilla/5.0 (Macintosh; Intel Mac OS X 10.14; rv:65.0) Gecko/20100101 Firefox/65.0"
139.162.227.178 - - [26/Dec/2018:11:44:21 +0000] "GET /wp-content/uploads/2016/04/P1210623-1024x565.jpg HTTP/1.1" 200 76596 "-" "GuzzleHttp/6.3.3 curl/7.52.1 PHP/7.0.33-1~dotdeb+8.1"
